Archive member included to satisfy reference by file (symbol)

c:/progra~1/raspbe~1/picosd~1.1/gcc-ar~1/bin/../lib/gcc/arm-none-eabi/10.3.1/thumb/v6-m/nofp\libgcc.a(_dvmd_tls.o)
                              back/CMakeFiles/back.dir/C_/Program_Files/Raspberry_Pi/Pico_SDK_v1.5.1/pico-sdk/src/rp2_common/pico_divider/divider.S.obj (__aeabi_idiv0)
c:/progra~1/raspbe~1/picosd~1.1/gcc-ar~1/bin/../lib/gcc/arm-none-eabi/10.3.1/../../../../arm-none-eabi/lib/thumb/v6-m/nofp\libg.a(lib_a-calloc.o)
                              back/CMakeFiles/back.dir/C_/Program_Files/Raspberry_Pi/Pico_SDK_v1.5.1/pico-sdk/src/rp2_common/pico_malloc/pico_malloc.c.obj (calloc)
c:/progra~1/raspbe~1/picosd~1.1/gcc-ar~1/bin/../lib/gcc/arm-none-eabi/10.3.1/../../../../arm-none-eabi/lib/thumb/v6-m/nofp\libg.a(lib_a-callocr.o)
                              c:/progra~1/raspbe~1/picosd~1.1/gcc-ar~1/bin/../lib/gcc/arm-none-eabi/10.3.1/../../../../arm-none-eabi/lib/thumb/v6-m/nofp\libg.a(lib_a-calloc.o) (_calloc_r)
c:/progra~1/raspbe~1/picosd~1.1/gcc-ar~1/bin/../lib/gcc/arm-none-eabi/10.3.1/../../../../arm-none-eabi/lib/thumb/v6-m/nofp\libg.a(lib_a-errno.o)
                              c:/progra~1/raspbe~1/picosd~1.1/gcc-ar~1/bin/../lib/gcc/arm-none-eabi/10.3.1/../../../../arm-none-eabi/lib/thumb/v6-m/nofp\libg.a(lib_a-callocr.o) (__errno)
c:/progra~1/raspbe~1/picosd~1.1/gcc-ar~1/bin/../lib/gcc/arm-none-eabi/10.3.1/../../../../arm-none-eabi/lib/thumb/v6-m/nofp\libg.a(lib_a-impure.o)
                              c:/progra~1/raspbe~1/picosd~1.1/gcc-ar~1/bin/../lib/gcc/arm-none-eabi/10.3.1/../../../../arm-none-eabi/lib/thumb/v6-m/nofp\libg.a(lib_a-calloc.o) (_impure_ptr)
c:/progra~1/raspbe~1/picosd~1.1/gcc-ar~1/bin/../lib/gcc/arm-none-eabi/10.3.1/../../../../arm-none-eabi/lib/thumb/v6-m/nofp\libg.a(lib_a-init.o)
                              c:/progra~1/raspbe~1/picosd~1.1/gcc-ar~1/bin/../lib/gcc/arm-none-eabi/10.3.1/../../../../arm-none-eabi/lib/thumb/v6-m/nofp/crt0.o (__libc_init_array)
c:/progra~1/raspbe~1/picosd~1.1/gcc-ar~1/bin/../lib/gcc/arm-none-eabi/10.3.1/../../../../arm-none-eabi/lib/thumb/v6-m/nofp\libg.a(lib_a-malloc.o)
                              back/CMakeFiles/back.dir/C_/Program_Files/Raspberry_Pi/Pico_SDK_v1.5.1/pico-sdk/src/rp2_common/pico_malloc/pico_malloc.c.obj (malloc)
c:/progra~1/raspbe~1/picosd~1.1/gcc-ar~1/bin/../lib/gcc/arm-none-eabi/10.3.1/../../../../arm-none-eabi/lib/thumb/v6-m/nofp\libg.a(lib_a-mallocr.o)
                              c:/progra~1/raspbe~1/picosd~1.1/gcc-ar~1/bin/../lib/gcc/arm-none-eabi/10.3.1/../../../../arm-none-eabi/lib/thumb/v6-m/nofp\libg.a(lib_a-callocr.o) (_malloc_r)
c:/progra~1/raspbe~1/picosd~1.1/gcc-ar~1/bin/../lib/gcc/arm-none-eabi/10.3.1/../../../../arm-none-eabi/lib/thumb/v6-m/nofp\libg.a(lib_a-mlock.o)
                              c:/progra~1/raspbe~1/picosd~1.1/gcc-ar~1/bin/../lib/gcc/arm-none-eabi/10.3.1/../../../../arm-none-eabi/lib/thumb/v6-m/nofp\libg.a(lib_a-mallocr.o) (__malloc_lock)
c:/progra~1/raspbe~1/picosd~1.1/gcc-ar~1/bin/../lib/gcc/arm-none-eabi/10.3.1/../../../../arm-none-eabi/lib/thumb/v6-m/nofp\libg.a(lib_a-realloc.o)
                              back/CMakeFiles/back.dir/C_/Program_Files/Raspberry_Pi/Pico_SDK_v1.5.1/pico-sdk/src/rp2_common/pico_malloc/pico_malloc.c.obj (realloc)
c:/progra~1/raspbe~1/picosd~1.1/gcc-ar~1/bin/../lib/gcc/arm-none-eabi/10.3.1/../../../../arm-none-eabi/lib/thumb/v6-m/nofp\libg.a(lib_a-reallocr.o)
                              c:/progra~1/raspbe~1/picosd~1.1/gcc-ar~1/bin/../lib/gcc/arm-none-eabi/10.3.1/../../../../arm-none-eabi/lib/thumb/v6-m/nofp\libg.a(lib_a-realloc.o) (_realloc_r)
c:/progra~1/raspbe~1/picosd~1.1/gcc-ar~1/bin/../lib/gcc/arm-none-eabi/10.3.1/../../../../arm-none-eabi/lib/thumb/v6-m/nofp\libg.a(lib_a-sbrkr.o)
                              c:/progra~1/raspbe~1/picosd~1.1/gcc-ar~1/bin/../lib/gcc/arm-none-eabi/10.3.1/../../../../arm-none-eabi/lib/thumb/v6-m/nofp\libg.a(lib_a-mallocr.o) (_sbrk_r)
c:/progra~1/raspbe~1/picosd~1.1/gcc-ar~1/bin/../lib/gcc/arm-none-eabi/10.3.1/../../../../arm-none-eabi/lib/thumb/v6-m/nofp\libg.a(lib_a-strlen-stub.o)
                              back/CMakeFiles/back.dir/C_/Program_Files/Raspberry_Pi/Pico_SDK_v1.5.1/pico-sdk/src/rp2_common/pico_stdio/stdio.c.obj (strlen)
c:/progra~1/raspbe~1/picosd~1.1/gcc-ar~1/bin/../lib/gcc/arm-none-eabi/10.3.1/../../../../arm-none-eabi/lib/thumb/v6-m/nofp\libg.a(lib_a-freer.o)
                              c:/progra~1/raspbe~1/picosd~1.1/gcc-ar~1/bin/../lib/gcc/arm-none-eabi/10.3.1/../../../../arm-none-eabi/lib/thumb/v6-m/nofp\libg.a(lib_a-malloc.o) (_free_r)
c:/progra~1/raspbe~1/picosd~1.1/gcc-ar~1/bin/../lib/gcc/arm-none-eabi/10.3.1/../../../../arm-none-eabi/lib/thumb/v6-m/nofp\libg.a(lib_a-lock.o)
                              c:/progra~1/raspbe~1/picosd~1.1/gcc-ar~1/bin/../lib/gcc/arm-none-eabi/10.3.1/../../../../arm-none-eabi/lib/thumb/v6-m/nofp\libg.a(lib_a-mlock.o) (__retarget_lock_acquire_recursive)
[...]
Memory Configuration

Name             Origin             Length             Attributes
FLASH            0x10000000         0x00200000         xr
RAM              0x20000000         0x00040000         xrw
SCRATCH_X        0x20040000         0x00001000         xrw
SCRATCH_Y        0x20041000         0x00001000         xrw
*default*        0x00000000         0xffffffff

Linker script and memory map

LOAD c:/progra~1/raspbe~1/picosd~1.1/gcc-ar~1/bin/../lib/gcc/arm-none-eabi/10.3.1/thumb/v6-m/nofp/crti.o
LOAD c:/progra~1/raspbe~1/picosd~1.1/gcc-ar~1/bin/../lib/gcc/arm-none-eabi/10.3.1/thumb/v6-m/nofp/crtbegin.o
LOAD c:/progra~1/raspbe~1/picosd~1.1/gcc-ar~1/bin/../lib/gcc/arm-none-eabi/10.3.1/../../../../arm-none-eabi/lib/thumb/v6-m/nofp/crt0.o

.flash_begin    0x10000000        0x0
                0x10000000                __flash_binary_start = .

.boot2          0x10000000      0x100
                0x10000000                __boot2_start__ = .
 *(.boot2)
 .boot2         0x10000000      0x100 C:\Users\omery\AppData\Local\Temp\ccIfXidu.o
                0x10000100                __boot2_end__ = .
                0x00000001                ASSERT (((__boot2_end__ - __boot2_start__) == 0x100), ERROR: Pico second stage bootloader must be 256 bytes in size)

.text           0x10000100     0x6e98
                0x10000100                __logical_binary_start = .
 *(.vectors)
 .vectors       0x10000100       0xd4 back/CMakeFiles/back.dir/C_/Program_Files/Raspberry_Pi/Pico_SDK_v1.5.1/pico-sdk/src/rp2_common/pico_standard_link/crt0.S.obj
                0x10000100                __VECTOR_TABLE
                0x10000100                __vectors
                0x100001c0                isr_invalid
                0x100001c0                __default_isrs_start
                0x100001c2                isr_nmi
                0x100001c4                isr_hardfault
                0x100001c6                isr_svcall
                0x100001c8                isr_pendsv
                0x100001ca                isr_systick
                0x100001cc                isr_irq23
                0x100001cc                isr_irq18
                0x100001cc                isr_irq11
                0x100001cc                isr_irq28
                0x100001cc                isr_irq19
                0x100001cc                isr_irq0
                0x100001cc                isr_irq6
                0x100001cc                isr_irq5
                0x100001cc                isr_irq12
                0x100001cc                isr_irq22
                0x100001cc                isr_irq31
                0x100001cc                isr_irq17
                0x100001cc                isr_irq27
                0x100001cc                isr_irq30
                0x100001cc                isr_irq2
                0x100001cc                isr_irq10
                0x100001cc                isr_irq8
                0x100001cc                isr_irq24
                0x100001cc                isr_irq1
                0x100001cc                isr_irq7
                0x100001cc                isr_irq21
                0x100001cc                isr_irq20
                0x100001cc                isr_irq15
                0x100001cc                isr_irq25
                0x100001cc                isr_irq13
                0x100001cc                __unhandled_user_irq
                0x100001cc                isr_irq4
                0x100001cc                isr_irq16
                0x100001cc                isr_irq29
                0x100001cc                isr_irq26
                0x100001cc                __default_isrs_end
                0x100001cc                isr_irq3
                0x100001cc                isr_irq14
                0x100001cc                isr_irq9
                0x100001d2                unhandled_user_irq_num_in_r0
 *(.binary_info_header)
 .binary_info_header
                0x100001d4       0x14 back/CMakeFiles/back.dir/C_/Program_Files/Raspberry_Pi/Pico_SDK_v1.5.1/pico-sdk/src/rp2_common/pico_standard_link/crt0.S.obj
                0x100001e8                __binary_info_header_end = .
 *(.reset)
 .reset         0x100001e8       0xa0 back/CMakeFiles/back.dir/C_/Program_Files/Raspberry_Pi/Pico_SDK_v1.5.1/pico-sdk/src/rp2_common/pico_standard_link/crt0.S.obj
                0x100001e8                _entry_point
 .reset         0x10000288       0x30 back/CMakeFiles/back.dir/C_/Program_Files/Raspberry_Pi/Pico_SDK_v1.5.1/pico-sdk/src/rp2_common/pico_standard_link/binary_info.c.obj
 *(.init)
 .init          0x100002b8        0x4 c:/progra~1/raspbe~1/picosd~1.1/gcc-ar~1/bin/../lib/gcc/arm-none-eabi/10.3.1/thumb/v6-m/nofp/crti.o
                0x100002b8                _init
 *(EXCLUDE_FILE(*libm.a: *libc.a:*lib_a-mem*.o *libgcc.a:) .text*)
 .text          0x100002bc       0x48 c:/progra~1/raspbe~1/picosd~1.1/gcc-ar~1/bin/../lib/gcc/arm-none-eabi/10.3.1/thumb/v6-m/nofp/crtbegin.o
 .text.adc_dma_init
                0x10000304      0x134 back/CMakeFiles/back.dir/back.c.obj
                0x10000304                adc_dma_init
 .text.main     0x10000438       0x44 back/CMakeFiles/back.dir/back.c.obj
                0x10000438                main
 .text.gpio_set_function
                0x1000047c       0x30 back/CMakeFiles/back.dir/C_/Program_Files/Raspberry_Pi/Pico_SDK_v1.5.1/pico-sdk/src/rp2_common/hardware_gpio/gpio.c.obj
                0x1000047c                gpio_set_function
 .text.gpio_set_pulls
                0x100004ac       0x34 back/CMakeFiles/back.dir/C_/Program_Files/Raspberry_Pi/Pico_SDK_v1.5.1/pico-sdk/src/rp2_common/hardware_gpio/gpio.c.obj
                0x100004ac                gpio_set_pulls
 .text.gpio_set_input_enabled
                0x100004e0       0x30 back/CMakeFiles/back.dir/C_/Program_Files/Raspberry_Pi/Pico_SDK_v1.5.1/pico-sdk/src/rp2_common/hardware_gpio/gpio.c.obj
                0x100004e0                gpio_set_input_enabled
 .text.running_on_fpga
                0x10000510       0x14 back/CMakeFiles/back.dir/C_/Program_Files/Raspberry_Pi/Pico_SDK_v1.5.1/pico-sdk/src/rp2_common/pico_platform/platform.c.obj
                0x10000510                running_on_fpga
 .text.hw_claim_lock
                0x10000524       0x18 back/CMakeFiles/back.dir/C_/Program_Files/Raspberry_Pi/Pico_SDK_v1.5.1/pico-sdk/src/rp2_common/hardware_claim/claim.c.obj
                0x10000524                hw_claim_lock
 .text.hw_claim_unlock
                0x1000053c       0x14 back/CMakeFiles/back.dir/C_/Program_Files/Raspberry_Pi/Pico_SDK_v1.5.1/pico-sdk/src/rp2_common/hardware_claim/claim.c.obj
                0x1000053c                hw_claim_unlock
 .text.hw_claim_or_assert
                0x10000550       0x32 back/CMakeFiles/back.dir/C_/Program_Files/Raspberry_Pi/Pico_SDK_v1.5.1/pico-sdk/src/rp2_common/hardware_claim/claim.c.obj
                0x10000550                hw_claim_or_assert
 .text.hw_claim_unused_from_range
                0x10000582       0x50 back/CMakeFiles/back.dir/C_/Program_Files/Raspberry_Pi/Pico_SDK_v1.5.1/pico-sdk/src/rp2_common/hardware_claim/claim.c.obj
                0x10000582                hw_claim_unused_from_range
 *fill*         0x100005d2        0x2 
 .text.spin_locks_reset
                0x100005d4       0x20 back/CMakeFiles/back.dir/C_/Program_Files/Raspberry_Pi/Pico_SDK_v1.5.1/pico-sdk/src/rp2_common/hardware_sync/sync.c.obj
                0x100005d4                spin_locks_reset
 .text.next_striped_spin_lock_num
                0x100005f4       0x1c back/CMakeFiles/back.dir/C_/Program_Files/Raspberry_Pi/Pico_SDK_v1.5.1/pico-sdk/src/rp2_common/hardware_sync/sync.c.obj
                0x100005f4                next_striped_spin_lock_num
 .text.spin_lock_claim_unused
                0x10000610       0x20 back/CMakeFiles/back.dir/C_/Program_Files/Raspberry_Pi/Pico_SDK_v1.5.1/pico-sdk/src/rp2_common/hardware_sync/sync.c.obj
                0x10000610                spin_lock_claim_unused
 .text.set_raw_irq_handler_and_unlock
                0x10000630       0x28 back/CMakeFiles/back.dir/C_/Program_Files/Raspberry_Pi/Pico_SDK_v1.5.1/pico-sdk/src/rp2_common/hardware_irq/irq.c.obj
 .text.make_branch
                0x10000658       0x48 back/CMakeFiles/back.dir/C_/Program_Files/Raspberry_Pi/Pico_SDK_v1.5.1/pico-sdk/src/rp2_common/hardware_irq/irq.c.obj
 .text.insert_branch_and_link
                0x100006a0       0x40 back/CMakeFiles/back.dir/C_/Program_Files/Raspberry_Pi/Pico_SDK_v1.5.1/pico-sdk/src/rp2_common/hardware_irq/irq.c.obj
 .text.irq_is_enabled
                0x100006e0       0x18 back/CMakeFiles/back.dir/C_/Program_Files/Raspberry_Pi/Pico_SDK_v1.5.1/pico-sdk/src/rp2_common/hardware_irq/irq.c.obj
                0x100006e0                irq_is_enabled
 .text.irq_set_mask_enabled
                0x100006f8       0x20 back/CMakeFiles/back.dir/C_/Program_Files/Raspberry_Pi/Pico_SDK_v1.5.1/pico-sdk/src/rp2_common/hardware_irq/irq.c.obj
                0x100006f8                irq_set_mask_enabled
 .text.irq_set_enabled
                0x10000718        0xe back/CMakeFiles/back.dir/C_/Program_Files/Raspberry_Pi/Pico_SDK_v1.5.1/pico-sdk/src/rp2_common/hardware_irq/irq.c.obj
                0x10000718                irq_set_enabled
 *fill*         0x10000726        0x2 
 .text.irq_set_pending
                0x10000728       0x10 back/CMakeFiles/back.dir/C_/Program_Files/Raspberry_Pi/Pico_SDK_v1.5.1/pico-sdk/src/rp2_common/hardware_irq/irq.c.obj
                0x10000728                irq_set_pending
 .text.irq_get_vtable_handler
                0x10000738       0x10 back/CMakeFiles/back.dir/C_/Program_Files/Raspberry_Pi/Pico_SDK_v1.5.1/pico-sdk/src/rp2_common/hardware_irq/irq.c.obj
                0x10000738                irq_get_vtable_handler
 .text.irq_has_shared_handler
                0x10000748       0x24 back/CMakeFiles/back.dir/C_/Program_Files/Raspberry_Pi/Pico_SDK_v1.5.1/pico-sdk/src/rp2_common/hardware_irq/irq.c.obj
                0x10000748                irq_has_shared_handler
 .text.irq_set_exclusive_handler
                0x1000076c       0x54 back/CMakeFiles/back.dir/C_/Program_Files/Raspberry_Pi/Pico_SDK_v1.5.1/pico-sdk/src/rp2_common/hardware_irq/irq.c.obj
                0x1000076c                irq_set_exclusive_handler
 .text.irq_add_shared_handler
                0x100007c0      0x234 back/CMakeFiles/back.dir/C_/Program_Files/Raspberry_Pi/Pico_SDK_v1.5.1/pico-sdk/src/rp2_common/hardware_irq/irq.c.obj
                0x100007c0                irq_add_shared_handler
 .text.irq_remove_handler
                0x100009f4      0x1ac back/CMakeFiles/back.dir/C_/Program_Files/Raspberry_Pi/Pico_SDK_v1.5.1/pico-sdk/src/rp2_common/hardware_irq/irq.c.obj
                0x100009f4                irq_remove_handler
 .text.irq_add_tail_to_free_list
                0x10000ba0       0xf0 back/CMakeFiles/back.dir/C_/Program_Files/Raspberry_Pi/Pico_SDK_v1.5.1/pico-sdk/src/rp2_common/hardware_irq/irq.c.obj
                0x10000ba0                irq_add_tail_to_free_list
 .text.irq_init_priorities
                0x10000c90       0x1c back/CMakeFiles/back.dir/C_/Program_Files/Raspberry_Pi/Pico_SDK_v1.5.1/pico-sdk/src/rp2_common/hardware_irq/irq.c.obj
                0x10000c90                irq_init_priorities
 .text.user_irq_claim_unused
                0x10000cac       0x28 back/CMakeFiles/back.dir/C_/Program_Files/Raspberry_Pi/Pico_SDK_v1.5.1/pico-sdk/src/rp2_common/hardware_irq/irq.c.obj
                0x10000cac                user_irq_claim_unused
 .text.lock_init
                0x10000cd4       0x10 back/CMakeFiles/back.dir/C_/Program_Files/Raspberry_Pi/Pico_SDK_v1.5.1/pico-sdk/src/common/pico_sync/lock_core.c.obj
                0x10000cd4                lock_init
 .text.mutex_init
                0x10000ce4       0x1a back/CMakeFiles/back.dir/C_/Program_Files/Raspberry_Pi/Pico_SDK_v1.5.1/pico-sdk/src/common/pico_sync/mutex.c.obj
                0x10000ce4                mutex_init
 .text.recursive_mutex_init
                0x10000cfe       0x1e back/CMakeFiles/back.dir/C_/Program_Files/Raspberry_Pi/Pico_SDK_v1.5.1/pico-sdk/src/common/pico_sync/mutex.c.obj
                0x10000cfe                recursive_mutex_init
 .text.critical_section_init_with_lock_num
                0x10000d1c       0x14 back/CMakeFiles/back.dir/C_/Program_Files/Raspberry_Pi/Pico_SDK_v1.5.1/pico-sdk/src/common/pico_sync/critical_section.c.obj
                0x10000d1c                critical_section_init_with_lock_num
 .text.critical_section_init
                0x10000d30       0x14 back/CMakeFiles/back.dir/C_/Program_Files/Raspberry_Pi/Pico_SDK_v1.5.1/pico-sdk/src/common/pico_sync/critical_section.c.obj
                0x10000d30                critical_section_init
 .text.alarm_pool_post_alloc_init
                0x10000d44       0x40 back/CMakeFiles/back.dir/C_/Program_Files/Raspberry_Pi/Pico_SDK_v1.5.1/pico-sdk/src/common/pico_time/time.c.obj
 .text.sleep_until_callback
                0x10000d84       0x30 back/CMakeFiles/back.dir/C_/Program_Files/Raspberry_Pi/Pico_SDK_v1.5.1/pico-sdk/src/common/pico_time/time.c.obj
 .text.timer_pool_entry_comparator
                0x10000db4       0x7c back/CMakeFiles/back.dir/C_/Program_Files/Raspberry_Pi/Pico_SDK_v1.5.1/pico-sdk/src/common/pico_time/time.c.obj
                0x10000db4                timer_pool_entry_comparator
 .text.ph_add_child_node
                0x10000e30       0xa4 back/CMakeFiles/back.dir/C_/Program_Files/Raspberry_Pi/Pico_SDK_v1.5.1/pico-sdk/src/common/pico_time/time.c.obj
 .text.ph_merge_nodes
                0x10000ed4       0x3e back/CMakeFiles/back.dir/C_/Program_Files/Raspberry_Pi/Pico_SDK_v1.5.1/pico-sdk/src/common/pico_time/time.c.obj
 *fill*         0x10000f12        0x2 
 .text.add_alarm_under_lock
                0x10000f14      0x174 back/CMakeFiles/back.dir/C_/Program_Files/Raspberry_Pi/Pico_SDK_v1.5.1/pico-sdk/src/common/pico_time/time.c.obj
 .text.alarm_pool_alarm_callback
                0x10001088      0x33c back/CMakeFiles/back.dir/C_/Program_Files/Raspberry_Pi/Pico_SDK_v1.5.1/pico-sdk/src/common/pico_time/time.c.obj
 .text.alarm_pool_init_default
                0x100013c4       0x40 back/CMakeFiles/back.dir/C_/Program_Files/Raspberry_Pi/Pico_SDK_v1.5.1/pico-sdk/src/common/pico_time/time.c.obj
                0x100013c4                alarm_pool_init_default
 .text.alarm_pool_get_default
                0x10001404       0x2c back/CMakeFiles/back.dir/C_/Program_Files/Raspberry_Pi/Pico_SDK_v1.5.1/pico-sdk/src/common/pico_time/time.c.obj
                0x10001404                alarm_pool_get_default
 .text.alarm_pool_add_alarm_at
                0x10001430      0x168 back/CMakeFiles/back.dir/C_/Program_Files/Raspberry_Pi/Pico_SDK_v1.5.1/pico-sdk/src/common/pico_time/time.c.obj
                0x10001430                alarm_pool_add_alarm_at
 .text.alarm_pool_cancel_alarm
                0x10001598       0xf8 back/CMakeFiles/back.dir/C_/Program_Files/Raspberry_Pi/Pico_SDK_v1.5.1/pico-sdk/src/common/pico_time/time.c.obj
                0x10001598                alarm_pool_cancel_alarm
 .text.alarm_pool_core_num
                0x10001690        0x4 back/CMakeFiles/back.dir/C_/Program_Files/Raspberry_Pi/Pico_SDK_v1.5.1/pico-sdk/src/common/pico_time/time.c.obj
                0x10001690                alarm_pool_core_num
 .text.sleep_until
                0x10001694       0xfc back/CMakeFiles/back.dir/C_/Program_Files/Raspberry_Pi/Pico_SDK_v1.5.1/pico-sdk/src/common/pico_time/time.c.obj
                0x10001694                sleep_until
 .text.sleep_us
                0x10001790       0x58 back/CMakeFiles/back.dir/C_/Program_Files/Raspberry_Pi/Pico_SDK_v1.5.1/pico-sdk/src/common/pico_time/time.c.obj
                0x10001790                sleep_us
 .text.sleep_ms
                0x100017e8       0x14 back/CMakeFiles/back.dir/C_/Program_Files/Raspberry_Pi/Pico_SDK_v1.5.1/pico-sdk/src/common/pico_time/time.c.obj
                0x100017e8                sleep_ms
 .text.best_effort_wfe_or_timeout
                0x100017fc       0xac back/CMakeFiles/back.dir/C_/Program_Files/Raspberry_Pi/Pico_SDK_v1.5.1/pico-sdk/src/common/pico_time/time.c.obj
                0x100017fc                best_effort_wfe_or_timeout
 .text.hardware_alarm_irq_handler
                0x100018a8       0x90 back/CMakeFiles/back.dir/C_/Program_Files/Raspberry_Pi/Pico_SDK_v1.5.1/pico-sdk/src/rp2_common/hardware_timer/timer.c.obj
 .text.hardware_alarm_claim
                0x10001938       0x18 back/CMakeFiles/back.dir/C_/Program_Files/Raspberry_Pi/Pico_SDK_v1.5.1/pico-sdk/src/rp2_common/hardware_timer/timer.c.obj
                0x10001938                hardware_alarm_claim
 .text.time_us_64
                0x10001950       0x18 back/CMakeFiles/back.dir/C_/Program_Files/Raspberry_Pi/Pico_SDK_v1.5.1/pico-sdk/src/rp2_common/hardware_timer/timer.c.obj
                0x10001950                time_us_64
 .text.busy_wait_until
                0x10001968       0x28 back/CMakeFiles/back.dir/C_/Program_Files/Raspberry_Pi/Pico_SDK_v1.5.1/pico-sdk/src/rp2_common/hardware_timer/timer.c.obj
                0x10001968                busy_wait_until
 .text.hardware_alarm_set_callback
                0x10001990       0x90 back/CMakeFiles/back.dir/C_/Program_Files/Raspberry_Pi/Pico_SDK_v1.5.1/pico-sdk/src/rp2_common/hardware_timer/timer.c.obj
                0x10001990                hardware_alarm_set_callback
 .text.hardware_alarm_set_target
                0x10001a20       0xe8 back/CMakeFiles/back.dir/C_/Program_Files/Raspberry_Pi/Pico_SDK_v1.5.1/pico-sdk/src/rp2_common/hardware_timer/timer.c.obj
                0x10001a20                hardware_alarm_set_target
 .text.hardware_alarm_cancel
                0x10001b08       0x40 back/CMakeFiles/back.dir/C_/Program_Files/Raspberry_Pi/Pico_SDK_v1.5.1/pico-sdk/src/rp2_common/hardware_timer/timer.c.obj
                0x10001b08                hardware_alarm_cancel
 .text.ph_add_child_node
                0x10001b48       0xa4 back/CMakeFiles/back.dir/C_/Program_Files/Raspberry_Pi/Pico_SDK_v1.5.1/pico-sdk/src/common/pico_util/pheap.c.obj
 .text.ph_merge_nodes
                0x10001bec       0x3e back/CMakeFiles/back.dir/C_/Program_Files/Raspberry_Pi/Pico_SDK_v1.5.1/pico-sdk/src/common/pico_util/pheap.c.obj
 *fill*         0x10001c2a        0x2 
 .text.ph_clear
                0x10001c2c       0x70 back/CMakeFiles/back.dir/C_/Program_Files/Raspberry_Pi/Pico_SDK_v1.5.1/pico-sdk/src/common/pico_util/pheap.c.obj
                0x10001c2c                ph_clear
 .text.ph_post_alloc_init
                0x10001c9c        0xe back/CMakeFiles/back.dir/C_/Program_Files/Raspberry_Pi/Pico_SDK_v1.5.1/pico-sdk/src/common/pico_util/pheap.c.obj
                0x10001c9c                ph_post_alloc_init
 *fill*         0x10001caa        0x2 
 .text.ph_merge_two_pass
                0x10001cac       0xa8 back/CMakeFiles/back.dir/C_/Program_Files/Raspberry_Pi/Pico_SDK_v1.5.1/pico-sdk/src/common/pico_util/pheap.c.obj
                0x10001cac                ph_merge_two_pass
 .text.ph_remove_any_head
                0x10001d54      0x128 back/CMakeFiles/back.dir/C_/Program_Files/Raspberry_Pi/Pico_SDK_v1.5.1/pico-sdk/src/common/pico_util/pheap.c.obj
 .text.ph_remove_head
                0x10001e7c       0x14 back/CMakeFiles/back.dir/C_/Program_Files/Raspberry_Pi/Pico_SDK_v1.5.1/pico-sdk/src/common/pico_util/pheap.c.obj
                0x10001e7c                ph_remove_head
 .text.ph_remove_and_free_node
                0x10001e90       0xf8 back/CMakeFiles/back.dir/C_/Program_Files/Raspberry_Pi/Pico_SDK_v1.5.1/pico-sdk/src/common/pico_util/pheap.c.obj
                0x10001e90                ph_remove_and_free_node
 .text.clock_configure
                0x10001f88      0x108 back/CMakeFiles/back.dir/C_/Program_Files/Raspberry_Pi/Pico_SDK_v1.5.1/pico-sdk/src/rp2_common/hardware_clocks/clocks.c.obj
                0x10001f88                clock_configure
 .text.clocks_init
                0x10002090      0x100 back/CMakeFiles/back.dir/C_/Program_Files/Raspberry_Pi/Pico_SDK_v1.5.1/pico-sdk/src/rp2_common/hardware_clocks/clocks.c.obj
                0x10002090                clocks_init
 .text.pll_init
                0x10002190      0x120 back/CMakeFiles/back.dir/C_/Program_Files/Raspberry_Pi/Pico_SDK_v1.5.1/pico-sdk/src/rp2_common/hardware_pll/pll.c.obj
                0x10002190                pll_init
 .text.watchdog_start_tick
                0x100022b0       0x10 back/CMakeFiles/back.dir/C_/Program_Files/Raspberry_Pi/Pico_SDK_v1.5.1/pico-sdk/src/rp2_common/hardware_watchdog/watchdog.c.obj
                0x100022b0                watchdog_start_tick
 .text.watchdog_update
                0x100022c0       0x14 back/CMakeFiles/back.dir/C_/Program_Files/Raspberry_Pi/Pico_SDK_v1.5.1/pico-sdk/src/rp2_common/hardware_watchdog/watchdog.c.obj
                0x100022c0                watchdog_update
 .text._watchdog_enable
                0x100022d4       0x78 back/CMakeFiles/back.dir/C_/Program_Files/Raspberry_Pi/Pico_SDK_v1.5.1/pico-sdk/src/rp2_common/hardware_watchdog/watchdog.c.obj
                0x100022d4                _watchdog_enable
 .text.watchdog_reboot
                0x1000234c       0x48 back/CMakeFiles/back.dir/C_/Program_Files/Raspberry_Pi/Pico_SDK_v1.5.1/pico-sdk/src/rp2_common/hardware_watchdog/watchdog.c.obj
                0x1000234c                watchdog_reboot
 .text.xosc_init
                0x10002394       0x28 back/CMakeFiles/back.dir/C_/Program_Files/Raspberry_Pi/Pico_SDK_v1.5.1/pico-sdk/src/rp2_common/hardware_xosc/xosc.c.obj
                0x10002394                xosc_init
 .text._exit    0x100023bc        0x4 back/CMakeFiles/back.dir/C_/Program_Files/Raspberry_Pi/Pico_SDK_v1.5.1/pico-sdk/src/rp2_common/pico_runtime/runtime.c.obj
                0x100023bc                _exit
 .text.exit     0x100023c0        0x6 back/CMakeFiles/back.dir/C_/Program_Files/Raspberry_Pi/Pico_SDK_v1.5.1/pico-sdk/src/rp2_common/pico_runtime/runtime.c.obj
                0x100023c0                exit
 *fill*         0x100023c6        0x2 
 .text.__assert_func
                0x100023c8       0x3c back/CMakeFiles/back.dir/C_/Program_Files/Raspberry_Pi/Pico_SDK_v1.5.1/pico-sdk/src/rp2_common/pico_runtime/runtime.c.obj
                0x100023c8                __assert_func
 .text.runtime_init
                0x10002404       0xf8 back/CMakeFiles/back.dir/C_/Program_Files/Raspberry_Pi/Pico_SDK_v1.5.1/pico-sdk/src/rp2_common/pico_runtime/runtime.c.obj
                0x10002404                runtime_init
 .text.panic    0x100024fc       0x30 back/CMakeFiles/back.dir/C_/Program_Files/Raspberry_Pi/Pico_SDK_v1.5.1/pico-sdk/src/rp2_common/pico_runtime/runtime.c.obj
                0x100024fc                panic
 .text._out_null
                0x1000252c        0x2 back/CMakeFiles/back.dir/C_/Program_Files/Raspberry_Pi/Pico_SDK_v1.5.1/pico-sdk/src/rp2_common/pico_printf/printf.c.obj
 .text._out_fct
                0x1000252e        0xe back/CMakeFiles/back.dir/C_/Program_Files/Raspberry_Pi/Pico_SDK_v1.5.1/pico-sdk/src/rp2_common/pico_printf/printf.c.obj
 .text._atoi    0x1000253c       0x24 back/CMakeFiles/back.dir/C_/Program_Files/Raspberry_Pi/Pico_SDK_v1.5.1/pico-sdk/src/rp2_common/pico_printf/printf.c.obj
 .text._out_rev
                0x10002560       0xae back/CMakeFiles/back.dir/C_/Program_Files/Raspberry_Pi/Pico_SDK_v1.5.1/pico-sdk/src/rp2_common/pico_printf/printf.c.obj
 .text._ntoa_format
                0x1000260e      0x112 back/CMakeFiles/back.dir/C_/Program_Files/Raspberry_Pi/Pico_SDK_v1.5.1/pico-sdk/src/rp2_common/pico_printf/printf.c.obj
 .text._ntoa_long
                0x10002720       0xbc back/CMakeFiles/back.dir/C_/Program_Files/Raspberry_Pi/Pico_SDK_v1.5.1/pico-sdk/src/rp2_common/pico_printf/printf.c.obj
 .text._ntoa_long_long
                0x100027dc       0xe2 back/CMakeFiles/back.dir/C_/Program_Files/Raspberry_Pi/Pico_SDK_v1.5.1/pico-sdk/src/rp2_common/pico_printf/printf.c.obj
 *fill*         0x100028be        0x2 
 .text._etoa    0x100028c0      0x414 back/CMakeFiles/back.dir/C_/Program_Files/Raspberry_Pi/Pico_SDK_v1.5.1/pico-sdk/src/rp2_common/pico_printf/printf.c.obj
 .text._ftoa    0x10002cd4      0x354 back/CMakeFiles/back.dir/C_/Program_Files/Raspberry_Pi/Pico_SDK_v1.5.1/pico-sdk/src/rp2_common/pico_printf/printf.c.obj
 .text._vsnprintf
                0x10003028      0x624 back/CMakeFiles/back.dir/C_/Program_Files/Raspberry_Pi/Pico_SDK_v1.5.1/pico-sdk/src/rp2_common/pico_printf/printf.c.obj
 .text.vfctprintf
                0x1000364c       0x20 back/CMakeFiles/back.dir/C_/Program_Files/Raspberry_Pi/Pico_SDK_v1.5.1/pico-sdk/src/rp2_common/pico_printf/printf.c.obj
                0x1000364c                vfctprintf
 .text          0x1000366c       0x10 back/CMakeFiles/back.dir/C_/Program_Files/Raspberry_Pi/Pico_SDK_v1.5.1/pico-sdk/src/rp2_common/pico_bit_ops/bit_ops_aeabi.S.obj
 .text.rom_func_lookup
                0x1000367c       0x10 back/CMakeFiles/back.dir/C_/Program_Files/Raspberry_Pi/Pico_SDK_v1.5.1/pico-sdk/src/rp2_common/pico_bootrom/bootrom.c.obj
                0x1000367c                rom_func_lookup
 .text.rom_data_lookup
                0x1000368c       0x10 back/CMakeFiles/back.dir/C_/Program_Files/Raspberry_Pi/Pico_SDK_v1.5.1/pico-sdk/src/rp2_common/pico_bootrom/bootrom.c.obj
                0x1000368c                rom_data_lookup
 .text.rom_funcs_lookup
                0x1000369c       0x36 back/CMakeFiles/back.dir/C_/Program_Files/Raspberry_Pi/Pico_SDK_v1.5.1/pico-sdk/src/rp2_common/pico_bootrom/bootrom.c.obj
                0x1000369c                rom_funcs_lookup
 *fill*         0x100036d2        0x2 
 .text.__wrap___aeabi_idiv
                0x100036d4       0x50 back/CMakeFiles/back.dir/C_/Program_Files/Raspberry_Pi/Pico_SDK_v1.5.1/pico-sdk/src/rp2_common/pico_divider/divider.S.obj
                0x100036d4                __wrap___aeabi_idivmod
                0x100036d4                divmod_s32s32
                0x100036d4                div_s32s32
                0x100036d4                __wrap___aeabi_idiv
                0x100036dc                divmod_s32s32_unsafe
                0x10003708                divmod_s32s32_savestate
 .text.__wrap___aeabi_uidiv
                0x10003724       0x4c back/CMakeFiles/back.dir/C_/Program_Files/Raspberry_Pi/Pico_SDK_v1.5.1/pico-sdk/src/rp2_common/pico_divider/divider.S.obj
                0x10003724                __wrap___aeabi_uidiv
                0x10003724                __wrap___aeabi_uidivmod
                0x10003724                div_u32u32
                0x10003724                divmod_u32u32
                0x1000372c                divmod_u32u32_unsafe
                0x10003754                divmod_u32u32_savestate
 .text.__wrap___aeabi_ldiv
                0x10003770      0x424 back/CMakeFiles/back.dir/C_/Program_Files/Raspberry_Pi/Pico_SDK_v1.5.1/pico-sdk/src/rp2_common/pico_divider/divider.S.obj
                0x10003770                div_s64s64
                0x10003770                divmod_s64s64
                0x10003770                __wrap___aeabi_ldivmod
                0x100037a0                divmod_u64u64
                0x100037a0                div_u64u64
                0x100037a0                __wrap___aeabi_uldivmod
                0x100037b0                divmod_u64u64_savestate
                0x100037d0                divmod_s64s64_unsafe
                0x10003858                divmod_u64u64_unsafe
 .text.__wrap___aeabi_darithmetic
                0x10003b94       0x80 back/CMakeFiles/back.dir/C_/Program_Files/Raspberry_Pi/Pico_SDK_v1.5.1/pico-sdk/src/rp2_common/pico_double/double_aeabi.S.obj
                0x10003b94                __wrap___aeabi_drsub
                0x10003b9a                __wrap___aeabi_dsub
                0x10003bac                __wrap___aeabi_dadd
                0x10003bbe                __wrap___aeabi_ddiv
                0x10003bfa                __wrap___aeabi_dmul
 .text.__wrap___aeabi_cdcmple
                0x10003c14       0x6c back/CMakeFiles/back.dir/C_/Program_Files/Raspberry_Pi/Pico_SDK_v1.5.1/pico-sdk/src/rp2_common/pico_double/double_aeabi.S.obj
                0x10003c14                __wrap___aeabi_cdrcmple
                0x10003c24                __wrap___aeabi_cdcmpeq
                0x10003c24                __wrap___aeabi_cdcmple
 .text.__wrap___aeabi_dcmplt
                0x10003c80        0xc back/CMakeFiles/back.dir/C_/Program_Files/Raspberry_Pi/Pico_SDK_v1.5.1/pico-sdk/src/rp2_common/pico_double/double_aeabi.S.obj
                0x10003c80                __wrap___aeabi_dcmplt
 .text.__wrap___aeabi_dcmple
                0x10003c8c       0x10 back/CMakeFiles/back.dir/C_/Program_Files/Raspberry_Pi/Pico_SDK_v1.5.1/pico-sdk/src/rp2_common/pico_double/double_aeabi.S.obj
                0x10003c8c                __wrap___aeabi_dcmple
 .text.__wrap___aeabi_dcmpge
                0x10003c9c       0x10 back/CMakeFiles/back.dir/C_/Program_Files/Raspberry_Pi/Pico_SDK_v1.5.1/pico-sdk/src/rp2_common/pico_double/double_aeabi.S.obj
                0x10003c9c                __wrap___aeabi_dcmpge
 .text.__wrap___aeabi_dcmpgt
                0x10003cac        0xa back/CMakeFiles/back.dir/C_/Program_Files/Raspberry_Pi/Pico_SDK_v1.5.1/pico-sdk/src/rp2_common/pico_double/double_aeabi.S.obj
                0x10003cac                __wrap___aeabi_dcmpgt
 .text.__wrap___aeabi_dcmpun
                0x10003cb6       0x1c back/CMakeFiles/back.dir/C_/Program_Files/Raspberry_Pi/Pico_SDK_v1.5.1/pico-sdk/src/rp2_common/pico_double/double_aeabi.S.obj
                0x10003cb6                __wrap___aeabi_dcmpun
 *fill*         0x10003cd2        0x2 
 .text.__wrap___aeabi_i2d
                0x10003cd4       0x38 back/CMakeFiles/back.dir/C_/Program_Files/Raspberry_Pi/Pico_SDK_v1.5.1/pico-sdk/src/rp2_common/pico_double/double_aeabi.S.obj
                0x10003cd4                __wrap___aeabi_ui2d
                0x10003cdc                __wrap___aeabi_i2d
 .text.__wrap___aeabi_d2iz
                0x10003d0c       0x48 back/CMakeFiles/back.dir/C_/Program_Files/Raspberry_Pi/Pico_SDK_v1.5.1/pico-sdk/src/rp2_common/pico_double/double_aeabi.S.obj
                0x10003d0c                double2int_z
                0x10003d0c                __wrap___aeabi_d2iz
 .text.__wrap___aeabi_d2uiz
                0x10003d54       0x18 back/CMakeFiles/back.dir/C_/Program_Files/Raspberry_Pi/Pico_SDK_v1.5.1/pico-sdk/src/rp2_common/pico_double/double_aeabi.S.obj
                0x10003d54                __wrap___aeabi_d2uiz
                0x10003d54                double2uint
 .text.__aeabi_double_init
                0x10003d6c       0xc8 back/CMakeFiles/back.dir/C_/Program_Files/Raspberry_Pi/Pico_SDK_v1.5.1/pico-sdk/src/rp2_common/pico_double/double_init_rom.c.obj
                0x10003d6c                __aeabi_double_init
 .text.double_table_shim_on_use_helper
                0x10003e34       0x34 back/CMakeFiles/back.dir/C_/Program_Files/Raspberry_Pi/Pico_SDK_v1.5.1/pico-sdk/src/rp2_common/pico_double/double_v1_rom_shim.S.obj
                0x10003e34                double_table_shim_on_use_helper
 .text.__wrap___aeabi_dsub
                0x10003e68       0x10 back/CMakeFiles/back.dir/C_/Program_Files/Raspberry_Pi/Pico_SDK_v1.5.1/pico-sdk/src/rp2_common/pico_double/double_v1_rom_shim.S.obj
                0x10003e68                drsub_shim
                0x10003e6e                dsub_shim
 .text.dadd_shim
                0x10003e78      0x15c back/CMakeFiles/back.dir/C_/Program_Files/Raspberry_Pi/Pico_SDK_v1.5.1/pico-sdk/src/rp2_common/pico_double/double_v1_rom_shim.S.obj
                0x10003e78                dadd_shim
 .text.dmul_shim
                0x10003fd4      0x15c back/CMakeFiles/back.dir/C_/Program_Files/Raspberry_Pi/Pico_SDK_v1.5.1/pico-sdk/src/rp2_common/pico_double/double_v1_rom_shim.S.obj
                0x10003fd4                dmul_shim
 .text.ddiv_shim
                0x10004130      0x1b0 back/CMakeFiles/back.dir/C_/Program_Files/Raspberry_Pi/Pico_SDK_v1.5.1/pico-sdk/src/rp2_common/pico_double/double_v1_rom_shim.S.obj
                0x10004130                ddiv_shim
 .text.double2uint_shim
                0x100042e0        0xe back/CMakeFiles/back.dir/C_/Program_Files/Raspberry_Pi/Pico_SDK_v1.5.1/pico-sdk/src/rp2_common/pico_double/double_v1_rom_shim.S.obj
                0x100042e0                double2uint_shim
                0x100042e2                double2ufix_shim
 *fill*         0x100042ee        0x2 
 .text.double2uint64_shim
                0x100042f0       0x70 back/CMakeFiles/back.dir/C_/Program_Files/Raspberry_Pi/Pico_SDK_v1.5.1/pico-sdk/src/rp2_common/pico_double/double_v1_rom_shim.S.obj
                0x100042f0                double2uint64_shim
                0x100042f2                double2ufix64_shim
                0x10004312                d2fix_a
 .text.dunpacks
                0x10004360       0x3c back/CMakeFiles/back.dir/C_/Program_Files/Raspberry_Pi/Pico_SDK_v1.5.1/pico-sdk/src/rp2_common/pico_double/double_v1_rom_shim.S.obj
                0x10004360                dunpacks
 .text.__aeabi_lmul
                0x1000439c       0x32 back/CMakeFiles/back.dir/C_/Program_Files/Raspberry_Pi/Pico_SDK_v1.5.1/pico-sdk/src/rp2_common/pico_int64_ops/pico_int64_ops_aeabi.S.obj
                0x1000439c                __wrap___aeabi_lmul
 *fill*         0x100043ce        0x2 
 .text.__aeabi_float_init
                0x100043d0       0xfc back/CMakeFiles/back.dir/C_/Program_Files/Raspberry_Pi/Pico_SDK_v1.5.1/pico-sdk/src/rp2_common/pico_float/float_init_rom.c.obj
                0x100043d0                __aeabi_float_init
 .text.float_table_shim_on_use_helper
                0x100044cc       0x34 back/CMakeFiles/back.dir/C_/Program_Files/Raspberry_Pi/Pico_SDK_v1.5.1/pico-sdk/src/rp2_common/pico_float/float_v1_rom_shim.S.obj
                0x100044cc                float_table_shim_on_use_helper
 .text          0x10004500       0x10 back/CMakeFiles/back.dir/C_/Program_Files/Raspberry_Pi/Pico_SDK_v1.5.1/pico-sdk/src/rp2_common/pico_mem_ops/mem_ops_aeabi.S.obj
                0x10004500                __aeabi_mem_init
 .text.memset   0x10004510        0xc back/CMakeFiles/back.dir/C_/Program_Files/Raspberry_Pi/Pico_SDK_v1.5.1/pico-sdk/src/rp2_common/pico_mem_ops/mem_ops_aeabi.S.obj
                0x10004510                __wrap_memset
 .text.memcpy   0x1000451c        0xc back/CMakeFiles/back.dir/C_/Program_Files/Raspberry_Pi/Pico_SDK_v1.5.1/pico-sdk/src/rp2_common/pico_mem_ops/mem_ops_aeabi.S.obj
                0x1000451c                __wrap_memcpy
                0x1000451c                __wrap___aeabi_memcpy
 .text.stdio_out_chars_no_crlf
                0x10004528        0xe back/CMakeFiles/back.dir/C_/Program_Files/Raspberry_Pi/Pico_SDK_v1.5.1/pico-sdk/src/rp2_common/pico_stdio/stdio.c.obj
 *fill*         0x10004536        0x2 
 .text.stdio_out_chars_crlf
                0x10004538       0x80 back/CMakeFiles/back.dir/C_/Program_Files/Raspberry_Pi/Pico_SDK_v1.5.1/pico-sdk/src/rp2_common/pico_stdio/stdio.c.obj
 .text.stdio_stack_buffer_flush
                0x100045b8       0x44 back/CMakeFiles/back.dir/C_/Program_Files/Raspberry_Pi/Pico_SDK_v1.5.1/pico-sdk/src/rp2_common/pico_stdio/stdio.c.obj
 .text.stdio_buffered_printer
                0x100045fc       0x20 back/CMakeFiles/back.dir/C_/Program_Files/Raspberry_Pi/Pico_SDK_v1.5.1/pico-sdk/src/rp2_common/pico_stdio/stdio.c.obj
 .text.stdout_serialize_begin
                0x1000461c       0x5c back/CMakeFiles/back.dir/C_/Program_Files/Raspberry_Pi/Pico_SDK_v1.5.1/pico-sdk/src/rp2_common/pico_stdio/stdio.c.obj
                0x1000461c                stdout_serialize_begin
 .text.stdout_serialize_end
                0x10004678       0x10 back/CMakeFiles/back.dir/C_/Program_Files/Raspberry_Pi/Pico_SDK_v1.5.1/pico-sdk/src/rp2_common/pico_stdio/stdio.c.obj
                0x10004678                stdout_serialize_end
 .text.stdio_put_string
                0x10004688       0x98 back/CMakeFiles/back.dir/C_/Program_Files/Raspberry_Pi/Pico_SDK_v1.5.1/pico-sdk/src/rp2_common/pico_stdio/stdio.c.obj
 .text.__wrap_putchar
                0x10004720       0x1c back/CMakeFiles/back.dir/C_/Program_Files/Raspberry_Pi/Pico_SDK_v1.5.1/pico-sdk/src/rp2_common/pico_stdio/stdio.c.obj
                0x10004720                __wrap_putchar
 .text.stdio_set_driver_enabled
                0x1000473c       0x2c back/CMakeFiles/back.dir/C_/Program_Files/Raspberry_Pi/Pico_SDK_v1.5.1/pico-sdk/src/rp2_common/pico_stdio/stdio.c.obj
                0x1000473c                stdio_set_driver_enabled
 .text.stdio_flush
                0x10004768       0x20 back/CMakeFiles/back.dir/C_/Program_Files/Raspberry_Pi/Pico_SDK_v1.5.1/pico-sdk/src/rp2_common/pico_stdio/stdio.c.obj
                0x10004768                stdio_flush
 .text.__wrap_puts
                0x10004788       0x1e back/CMakeFiles/back.dir/C_/Program_Files/Raspberry_Pi/Pico_SDK_v1.5.1/pico-sdk/src/rp2_common/pico_stdio/stdio.c.obj
                0x10004788                __wrap_puts
 *fill*         0x100047a6        0x2 
 .text.__wrap_vprintf
                0x100047a8       0x40 back/CMakeFiles/back.dir/C_/Program_Files/Raspberry_Pi/Pico_SDK_v1.5.1/pico-sdk/src/rp2_common/pico_stdio/stdio.c.obj
                0x100047a8                __wrap_vprintf
 .text.__wrap_printf
                0x100047e8       0x18 back/CMakeFiles/back.dir/C_/Program_Files/Raspberry_Pi/Pico_SDK_v1.5.1/pico-sdk/src/rp2_common/pico_stdio/stdio.c.obj
                0x100047e8                __wrap_printf
 .text.stdio_init_all
                0x10004800        0x8 back/CMakeFiles/back.dir/C_/Program_Files/Raspberry_Pi/Pico_SDK_v1.5.1/pico-sdk/src/rp2_common/pico_stdio/stdio.c.obj
                0x10004800                stdio_init_all
 .text.resetd_init
                0x10004808        0x2 back/CMakeFiles/back.dir/C_/Program_Files/Raspberry_Pi/Pico_SDK_v1.5.1/pico-sdk/src/rp2_common/pico_stdio_usb/reset_interface.c.obj
 *fill*         0x1000480a        0x2 
 .text.resetd_reset
                0x1000480c        0xc back/CMakeFiles/back.dir/C_/Program_Files/Raspberry_Pi/Pico_SDK_v1.5.1/pico-sdk/src/rp2_common/pico_stdio_usb/reset_interface.c.obj
 .text.resetd_open
                0x10004818       0x34 back/CMakeFiles/back.dir/C_/Program_Files/Raspberry_Pi/Pico_SDK_v1.5.1/pico-sdk/src/rp2_common/pico_stdio_usb/reset_interface.c.obj
 .text.resetd_xfer_cb
                0x1000484c        0x4 back/CMakeFiles/back.dir/C_/Program_Files/Raspberry_Pi/Pico_SDK_v1.5.1/pico-sdk/src/rp2_common/pico_stdio_usb/reset_interface.c.obj
 .text.reset_usb_boot
                0x10004850       0x18 back/CMakeFiles/back.dir/C_/Program_Files/Raspberry_Pi/Pico_SDK_v1.5.1/pico-sdk/src/rp2_common/pico_stdio_usb/reset_interface.c.obj
 .text.resetd_control_xfer_cb
                0x10004868       0x5c back/CMakeFiles/back.dir/C_/Program_Files/Raspberry_Pi/Pico_SDK_v1.5.1/pico-sdk/src/rp2_common/pico_stdio_usb/reset_interface.c.obj
 .text.usbd_app_driver_get_cb
                0x100048c4        0xc back/CMakeFiles/back.dir/C_/Program_Files/Raspberry_Pi/Pico_SDK_v1.5.1/pico-sdk/src/rp2_common/pico_stdio_usb/reset_interface.c.obj
                0x100048c4                usbd_app_driver_get_cb
 .text.tud_cdc_line_coding_cb
                0x100048d0       0x28 back/CMakeFiles/back.dir/C_/Program_Files/Raspberry_Pi/Pico_SDK_v1.5.1/pico-sdk/src/rp2_common/pico_stdio_usb/reset_interface.c.obj
                0x100048d0                tud_cdc_line_coding_cb
 .text.stdio_usb_set_chars_available_callback
                0x100048f8       0x14 back/CMakeFiles/back.dir/C_/Program_Files/Raspberry_Pi/Pico_SDK_v1.5.1/pico-sdk/src/rp2_common/pico_stdio_usb/stdio_usb.c.obj
                0x100048f8                stdio_usb_set_chars_available_callback
 .text.usb_irq  0x1000490c       0x10 back/CMakeFiles/back.dir/C_/Program_Files/Raspberry_Pi/Pico_SDK_v1.5.1/pico-sdk/src/rp2_common/pico_stdio_usb/stdio_usb.c.obj
 .text.timer_task
                0x1000491c       0x5c back/CMakeFiles/back.dir/C_/Program_Files/Raspberry_Pi/Pico_SDK_v1.5.1/pico-sdk/src/rp2_common/pico_stdio_usb/stdio_usb.c.obj
 .text.low_priority_worker_irq
                0x10004978       0xdc back/CMakeFiles/back.dir/C_/Program_Files/Raspberry_Pi/Pico_SDK_v1.5.1/pico-sdk/src/rp2_common/pico_stdio_usb/stdio_usb.c.obj
 .text.tud_cdc_rx_cb
                0x10004a54       0x20 back/CMakeFiles/back.dir/C_/Program_Files/Raspberry_Pi/Pico_SDK_v1.5.1/pico-sdk/src/rp2_common/pico_stdio_usb/stdio_usb.c.obj
                0x10004a54                tud_cdc_rx_cb
 .text.stdio_usb_init
                0x10004a74      0x11c back/CMakeFiles/back.dir/C_/Program_Files/Raspberry_Pi/Pico_SDK_v1.5.1/pico-sdk/src/rp2_common/pico_stdio_usb/stdio_usb.c.obj
                0x10004a74                stdio_usb_init
 .text.stdio_usb_connected
                0x10004b90        0xa back/CMakeFiles/back.dir/C_/Program_Files/Raspberry_Pi/Pico_SDK_v1.5.1/pico-sdk/src/rp2_common/pico_stdio_usb/stdio_usb.c.obj
                0x10004b90                stdio_usb_connected
 *fill*         0x10004b9a        0x2 
 .text.stdio_usb_in_chars
                0x10004b9c       0xc4 back/CMakeFiles/back.dir/C_/Program_Files/Raspberry_Pi/Pico_SDK_v1.5.1/pico-sdk/src/rp2_common/pico_stdio_usb/stdio_usb.c.obj
                0x10004b9c                stdio_usb_in_chars
 .text.stdio_usb_out_chars
                0x10004c60      0x114 back/CMakeFiles/back.dir/C_/Program_Files/Raspberry_Pi/Pico_SDK_v1.5.1/pico-sdk/src/rp2_common/pico_stdio_usb/stdio_usb.c.obj
 .text.tud_descriptor_device_cb
                0x10004d74        0x8 back/CMakeFiles/back.dir/C_/Program_Files/Raspberry_Pi/Pico_SDK_v1.5.1/pico-sdk/src/rp2_common/pico_stdio_usb/stdio_usb_descriptors.c.obj
                0x10004d74                tud_descriptor_device_cb
 .text.tud_descriptor_configuration_cb
                0x10004d7c        0x8 back/CMakeFiles/back.dir/C_/Program_Files/Raspberry_Pi/Pico_SDK_v1.5.1/pico-sdk/src/rp2_common/pico_stdio_usb/stdio_usb_descriptors.c.obj
                0x10004d7c                tud_descriptor_configuration_cb
 .text.tud_descriptor_string_cb
                0x10004d84       0x6c back/CMakeFiles/back.dir/C_/Program_Files/Raspberry_Pi/Pico_SDK_v1.5.1/pico-sdk/src/rp2_common/pico_stdio_usb/stdio_usb_descriptors.c.obj
                0x10004d84                tud_descriptor_string_cb
 .text._retrieve_unique_id_on_boot
                0x10004df0       0x10 back/CMakeFiles/back.dir/C_/Program_Files/Raspberry_Pi/Pico_SDK_v1.5.1/pico-sdk/src/rp2_common/pico_unique_id/unique_id.c.obj
 .text.pico_get_unique_board_id_string
                0x10004e00       0x60 back/CMakeFiles/back.dir/C_/Program_Files/Raspberry_Pi/Pico_SDK_v1.5.1/pico-sdk/src/rp2_common/pico_unique_id/unique_id.c.obj
                0x10004e00                pico_get_unique_board_id_string
 .text.flash_get_unique_id
                0x10004e60       0x46 back/CMakeFiles/back.dir/C_/Program_Files/Raspberry_Pi/Pico_SDK_v1.5.1/pico-sdk/src/rp2_common/hardware_flash/flash.c.obj
                0x10004e60                flash_get_unique_id
 *fill*         0x10004ea6        0x2 
 .text.hw_endpoint_get_by_addr
                0x10004ea8       0x18 back/CMakeFiles/back.dir/C_/Program_Files/Raspberry_Pi/Pico_SDK_v1.5.1/pico-sdk/lib/tinyusb/src/portable/raspberrypi/rp2040/dcd_rp2040.c.obj
 .text._hw_endpoint_alloc
                0x10004ec0       0x70 back/CMakeFiles/back.dir/C_/Program_Files/Raspberry_Pi/Pico_SDK_v1.5.1/pico-sdk/lib/tinyusb/src/portable/raspberrypi/rp2040/dcd_rp2040.c.obj
 .text.hw_endpoint_init
                0x10004f30       0x88 back/CMakeFiles/back.dir/C_/Program_Files/Raspberry_Pi/Pico_SDK_v1.5.1/pico-sdk/lib/tinyusb/src/portable/raspberrypi/rp2040/dcd_rp2040.c.obj
 .text.hw_endpoint_xfer
                0x10004fb8       0x14 back/CMakeFiles/back.dir/C_/Program_Files/Raspberry_Pi/Pico_SDK_v1.5.1/pico-sdk/lib/tinyusb/src/portable/raspberrypi/rp2040/dcd_rp2040.c.obj
 .text.dcd_int_enable
                0x10004fcc       0x2c back/CMakeFiles/back.dir/C_/Program_Files/Raspberry_Pi/Pico_SDK_v1.5.1/pico-sdk/lib/tinyusb/src/portable/raspberrypi/rp2040/dcd_rp2040.c.obj
                0x10004fcc                dcd_int_enable
 .text.dcd_set_address
                0x10004ff8       0x2c back/CMakeFiles/back.dir/C_/Program_Files/Raspberry_Pi/Pico_SDK_v1.5.1/pico-sdk/lib/tinyusb/src/portable/raspberrypi/rp2040/dcd_rp2040.c.obj
                0x10004ff8                dcd_set_address
 .text.dcd_connect
                0x10005024       0x10 back/CMakeFiles/back.dir/C_/Program_Files/Raspberry_Pi/Pico_SDK_v1.5.1/pico-sdk/lib/tinyusb/src/portable/raspberrypi/rp2040/dcd_rp2040.c.obj
                0x10005024                dcd_connect
 .text.dcd_init
                0x10005034       0x80 back/CMakeFiles/back.dir/C_/Program_Files/Raspberry_Pi/Pico_SDK_v1.5.1/pico-sdk/lib/tinyusb/src/portable/raspberrypi/rp2040/dcd_rp2040.c.obj
                0x10005034                dcd_init
 .text.dcd_edpt0_status_complete
                0x100050b4       0x1c back/CMakeFiles/back.dir/C_/Program_Files/Raspberry_Pi/Pico_SDK_v1.5.1/pico-sdk/lib/tinyusb/src/portable/raspberrypi/rp2040/dcd_rp2040.c.obj
                0x100050b4                dcd_edpt0_status_complete
 .text.dcd_edpt_open
                0x100050d0       0x40 back/CMakeFiles/back.dir/C_/Program_Files/Raspberry_Pi/Pico_SDK_v1.5.1/pico-sdk/lib/tinyusb/src/portable/raspberrypi/rp2040/dcd_rp2040.c.obj
                0x100050d0                dcd_edpt_open
 .text.dcd_edpt_close_all
                0x10005110        0x8 back/CMakeFiles/back.dir/C_/Program_Files/Raspberry_Pi/Pico_SDK_v1.5.1/pico-sdk/lib/tinyusb/src/portable/raspberrypi/rp2040/dcd_rp2040.c.obj
                0x10005110                dcd_edpt_close_all
 .text.dcd_edpt_xfer
                0x10005118       0x34 back/CMakeFiles/back.dir/C_/Program_Files/Raspberry_Pi/Pico_SDK_v1.5.1/pico-sdk/lib/tinyusb/src/portable/raspberrypi/rp2040/dcd_rp2040.c.obj
                0x10005118                dcd_edpt_xfer
 .text.dcd_edpt_stall
                0x1000514c       0x2c back/CMakeFiles/back.dir/C_/Program_Files/Raspberry_Pi/Pico_SDK_v1.5.1/pico-sdk/lib/tinyusb/src/portable/raspberrypi/rp2040/dcd_rp2040.c.obj
                0x1000514c                dcd_edpt_stall
 .text.dcd_edpt_clear_stall
                0x10005178       0x20 back/CMakeFiles/back.dir/C_/Program_Files/Raspberry_Pi/Pico_SDK_v1.5.1/pico-sdk/lib/tinyusb/src/portable/raspberrypi/rp2040/dcd_rp2040.c.obj
                0x10005178                dcd_edpt_clear_stall
 .text.rp2040_usb_init
                0x10005198       0x4c back/CMakeFiles/back.dir/C_/Program_Files/Raspberry_Pi/Pico_SDK_v1.5.1/pico-sdk/lib/tinyusb/src/portable/raspberrypi/rp2040/rp2040_usb.c.obj
                0x10005198                rp2040_usb_init
 .text.hw_endpoint_xfer_start
                0x100051e4       0x50 back/CMakeFiles/back.dir/C_/Program_Files/Raspberry_Pi/Pico_SDK_v1.5.1/pico-sdk/lib/tinyusb/src/portable/raspberrypi/rp2040/rp2040_usb.c.obj
                0x100051e4                hw_endpoint_xfer_start
 .text.configuration_reset
                0x10005234       0x84 back/CMakeFiles/back.dir/C_/Program_Files/Raspberry_Pi/Pico_SDK_v1.5.1/pico-sdk/lib/tinyusb/src/device/usbd.c.obj
 .text.usbd_reset
                0x100052b8        0xc back/CMakeFiles/back.dir/C_/Program_Files/Raspberry_Pi/Pico_SDK_v1.5.1/pico-sdk/lib/tinyusb/src/device/usbd.c.obj
 .text.invoke_class_control
                0x100052c4       0x1a back/CMakeFiles/back.dir/C_/Program_Files/Raspberry_Pi/Pico_SDK_v1.5.1/pico-sdk/lib/tinyusb/src/device/usbd.c.obj
 *fill*         0x100052de        0x2 
 .text.process_set_config
                0x100052e0      0x178 back/CMakeFiles/back.dir/C_/Program_Files/Raspberry_Pi/Pico_SDK_v1.5.1/pico-sdk/lib/tinyusb/src/device/usbd.c.obj
 .text.process_get_descriptor
                0x10005458       0xdc back/CMakeFiles/back.dir/C_/Program_Files/Raspberry_Pi/Pico_SDK_v1.5.1/pico-sdk/lib/tinyusb/src/device/usbd.c.obj
 .text.tud_mounted
                0x10005534       0x10 back/CMakeFiles/back.dir/C_/Program_Files/Raspberry_Pi/Pico_SDK_v1.5.1/pico-sdk/lib/tinyusb/src/device/usbd.c.obj
                0x10005534                tud_mounted
 .text.tud_suspended
                0x10005544       0x10 back/CMakeFiles/back.dir/C_/Program_Files/Raspberry_Pi/Pico_SDK_v1.5.1/pico-sdk/lib/tinyusb/src/device/usbd.c.obj
                0x10005544                tud_suspended
 .text.tud_inited
                0x10005554       0x14 back/CMakeFiles/back.dir/C_/Program_Files/Raspberry_Pi/Pico_SDK_v1.5.1/pico-sdk/lib/tinyusb/src/device/usbd.c.obj
                0x10005554                tud_inited
 .text.tud_init
                0x10005568       0xcc back/CMakeFiles/back.dir/C_/Program_Files/Raspberry_Pi/Pico_SDK_v1.5.1/pico-sdk/lib/tinyusb/src/device/usbd.c.obj
                0x10005568                tud_init
 .text.usbd_defer_func
                0x10005634       0x2a back/CMakeFiles/back.dir/C_/Program_Files/Raspberry_Pi/Pico_SDK_v1.5.1/pico-sdk/lib/tinyusb/src/device/usbd.c.obj
                0x10005634                usbd_defer_func
 *fill*         0x1000565e        0x2 
 .text.usbd_edpt_open
                0x10005660       0x34 back/CMakeFiles/back.dir/C_/Program_Files/Raspberry_Pi/Pico_SDK_v1.5.1/pico-sdk/lib/tinyusb/src/device/usbd.c.obj
                0x10005660                usbd_edpt_open
 .text.usbd_open_edpt_pair
                0x10005694       0x62 back/CMakeFiles/back.dir/C_/Program_Files/Raspberry_Pi/Pico_SDK_v1.5.1/pico-sdk/lib/tinyusb/src/device/usbd.c.obj
                0x10005694                usbd_open_edpt_pair
 *fill*         0x100056f6        0x2 
 .text.usbd_edpt_claim
                0x100056f8       0x28 back/CMakeFiles/back.dir/C_/Program_Files/Raspberry_Pi/Pico_SDK_v1.5.1/pico-sdk/lib/tinyusb/src/device/usbd.c.obj
                0x100056f8                usbd_edpt_claim
 .text.usbd_edpt_release
                0x10005720       0x28 back/CMakeFiles/back.dir/C_/Program_Files/Raspberry_Pi/Pico_SDK_v1.5.1/pico-sdk/lib/tinyusb/src/device/usbd.c.obj
                0x10005720                usbd_edpt_release
 .text.usbd_edpt_xfer
                0x10005748       0x78 back/CMakeFiles/back.dir/C_/Program_Files/Raspberry_Pi/Pico_SDK_v1.5.1/pico-sdk/lib/tinyusb/src/device/usbd.c.obj
                0x10005748                usbd_edpt_xfer
 .text.usbd_edpt_stall
                0x100057c0       0x48 back/CMakeFiles/back.dir/C_/Program_Files/Raspberry_Pi/Pico_SDK_v1.5.1/pico-sdk/lib/tinyusb/src/device/usbd.c.obj
                0x100057c0                usbd_edpt_stall
 .text.usbd_edpt_clear_stall
                0x10005808       0x48 back/CMakeFiles/back.dir/C_/Program_Files/Raspberry_Pi/Pico_SDK_v1.5.1/pico-sdk/lib/tinyusb/src/device/usbd.c.obj
                0x10005808                usbd_edpt_clear_stall
 .text.usbd_edpt_stalled
                0x10005850       0x1c back/CMakeFiles/back.dir/C_/Program_Files/Raspberry_Pi/Pico_SDK_v1.5.1/pico-sdk/lib/tinyusb/src/device/usbd.c.obj
                0x10005850                usbd_edpt_stalled
 .text.process_control_request
                0x1000586c      0x37c back/CMakeFiles/back.dir/C_/Program_Files/Raspberry_Pi/Pico_SDK_v1.5.1/pico-sdk/lib/tinyusb/src/device/usbd.c.obj
 .text.tud_task_ext
                0x10005be8      0x1b8 back/CMakeFiles/back.dir/C_/Program_Files/Raspberry_Pi/Pico_SDK_v1.5.1/pico-sdk/lib/tinyusb/src/device/usbd.c.obj
                0x10005be8                tud_task_ext
 .text._data_stage_xact
                0x10005da0       0x58 back/CMakeFiles/back.dir/C_/Program_Files/Raspberry_Pi/Pico_SDK_v1.5.1/pico-sdk/lib/tinyusb/src/device/usbd_control.c.obj
 .text.tud_control_status
                0x10005df8       0x38 back/CMakeFiles/back.dir/C_/Program_Files/Raspberry_Pi/Pico_SDK_v1.5.1/pico-sdk/lib/tinyusb/src/device/usbd_control.c.obj
                0x10005df8                tud_control_status
 .text.tud_control_xfer
                0x10005e30       0x74 back/CMakeFiles/back.dir/C_/Program_Files/Raspberry_Pi/Pico_SDK_v1.5.1/pico-sdk/lib/tinyusb/src/device/usbd_control.c.obj
                0x10005e30                tud_control_xfer
 .text.usbd_control_reset
                0x10005ea4       0x14 back/CMakeFiles/back.dir/C_/Program_Files/Raspberry_Pi/Pico_SDK_v1.5.1/pico-sdk/lib/tinyusb/src/device/usbd_control.c.obj
                0x10005ea4                usbd_control_reset
 .text.usbd_control_set_complete_callback
                0x10005eb8        0xc back/CMakeFiles/back.dir/C_/Program_Files/Raspberry_Pi/Pico_SDK_v1.5.1/pico-sdk/lib/tinyusb/src/device/usbd_control.c.obj
                0x10005eb8                usbd_control_set_complete_callback
 .text.usbd_control_set_request
                0x10005ec4       0x1c back/CMakeFiles/back.dir/C_/Program_Files/Raspberry_Pi/Pico_SDK_v1.5.1/pico-sdk/lib/tinyusb/src/device/usbd_control.c.obj
                0x10005ec4                usbd_control_set_request
 .text.usbd_control_xfer_cb
                0x10005ee0       0xcc back/CMakeFiles/back.dir/C_/Program_Files/Raspberry_Pi/Pico_SDK_v1.5.1/pico-sdk/lib/tinyusb/src/device/usbd_control.c.obj
                0x10005ee0                usbd_control_xfer_cb
 .text._prep_out_transaction
                0x10005fac       0x4a back/CMakeFiles/back.dir/C_/Program_Files/Raspberry_Pi/Pico_SDK_v1.5.1/pico-sdk/lib/tinyusb/src/class/cdc/cdc_device.c.obj
 *fill*         0x10005ff6        0x2 
 .text.tud_cdc_n_connected
                0x10005ff8       0x44 back/CMakeFiles/back.dir/C_/Program_Files/Raspberry_Pi/Pico_SDK_v1.5.1/pico-sdk/lib/tinyusb/src/class/cdc/cdc_device.c.obj
                0x10005ff8                tud_cdc_n_connected
 .text.tud_cdc_n_available
                0x1000603c       0x18 back/CMakeFiles/back.dir/C_/Program_Files/Raspberry_Pi/Pico_SDK_v1.5.1/pico-sdk/lib/tinyusb/src/class/cdc/cdc_device.c.obj
                0x1000603c                tud_cdc_n_available
 .text.tud_cdc_n_read
                0x10006054       0x28 back/CMakeFiles/back.dir/C_/Program_Files/Raspberry_Pi/Pico_SDK_v1.5.1/pico-sdk/lib/tinyusb/src/class/cdc/cdc_device.c.obj
                0x10006054                tud_cdc_n_read
 .text.tud_cdc_n_write_flush
                0x1000607c       0xb8 back/CMakeFiles/back.dir/C_/Program_Files/Raspberry_Pi/Pico_SDK_v1.5.1/pico-sdk/lib/tinyusb/src/class/cdc/cdc_device.c.obj
                0x1000607c                tud_cdc_n_write_flush
 .text.tud_cdc_n_write
                0x10006134       0x38 back/CMakeFiles/back.dir/C_/Program_Files/Raspberry_Pi/Pico_SDK_v1.5.1/pico-sdk/lib/tinyusb/src/class/cdc/cdc_device.c.obj
                0x10006134                tud_cdc_n_write
 .text.tud_cdc_n_write_available
                0x1000616c       0x1c back/CMakeFiles/back.dir/C_/Program_Files/Raspberry_Pi/Pico_SDK_v1.5.1/pico-sdk/lib/tinyusb/src/class/cdc/cdc_device.c.obj
                0x1000616c                tud_cdc_n_write_available
 .text.cdcd_init
                0x10006188       0xbc back/CMakeFiles/back.dir/C_/Program_Files/Raspberry_Pi/Pico_SDK_v1.5.1/pico-sdk/lib/tinyusb/src/class/cdc/cdc_device.c.obj
                0x10006188                cdcd_init
 .text.cdcd_reset
                0x10006244       0x44 back/CMakeFiles/back.dir/C_/Program_Files/Raspberry_Pi/Pico_SDK_v1.5.1/pico-sdk/lib/tinyusb/src/class/cdc/cdc_device.c.obj
                0x10006244                cdcd_reset
 .text.cdcd_open
                0x10006288       0xcc back/CMakeFiles/back.dir/C_/Program_Files/Raspberry_Pi/Pico_SDK_v1.5.1/pico-sdk/lib/tinyusb/src/class/cdc/cdc_device.c.obj
                0x10006288                cdcd_open
 .text.cdcd_control_xfer_cb
                0x10006354      0x134 back/CMakeFiles/back.dir/C_/Program_Files/Raspberry_Pi/Pico_SDK_v1.5.1/pico-sdk/lib/tinyusb/src/class/cdc/cdc_device.c.obj
                0x10006354                cdcd_control_xfer_cb
 .text.cdcd_xfer_cb
                0x10006488      0x130 back/CMakeFiles/back.dir/C_/Program_Files/Raspberry_Pi/Pico_SDK_v1.5.1/pico-sdk/lib/tinyusb/src/class/cdc/cdc_device.c.obj
                0x10006488                cdcd_xfer_cb
 .text.tusb_init
                0x100065b8        0xa back/CMakeFiles/back.dir/C_/Program_Files/Raspberry_Pi/Pico_SDK_v1.5.1/pico-sdk/lib/tinyusb/src/tusb.c.obj
                0x100065b8                tusb_init
 .text.tusb_inited
                0x100065c2        0xe back/CMakeFiles/back.dir/C_/Program_Files/Raspberry_Pi/Pico_SDK_v1.5.1/pico-sdk/lib/tinyusb/src/tusb.c.obj
                0x100065c2                tusb_inited
 .text.tu_edpt_claim
                0x100065d0       0x50 back/CMakeFiles/back.dir/C_/Program_Files/Raspberry_Pi/Pico_SDK_v1.5.1/pico-sdk/lib/tinyusb/src/tusb.c.obj
                0x100065d0                tu_edpt_claim
 .text.tu_edpt_release
                0x10006620       0x3c back/CMakeFiles/back.dir/C_/Program_Files/Raspberry_Pi/Pico_SDK_v1.5.1/pico-sdk/lib/tinyusb/src/tusb.c.obj
                0x10006620                tu_edpt_release
 .text.tu_edpt_validate
                0x1000665c       0x78 back/CMakeFiles/back.dir/C_/Program_Files/Raspberry_Pi/Pico_SDK_v1.5.1/pico-sdk/lib/tinyusb/src/tusb.c.obj
                0x1000665c                tu_edpt_validate
 .text.tu_edpt_bind_driver
                0x100066d4       0x26 back/CMakeFiles/back.dir/C_/Program_Files/Raspberry_Pi/Pico_SDK_v1.5.1/pico-sdk/lib/tinyusb/src/tusb.c.obj
                0x100066d4                tu_edpt_bind_driver
 .text.advance_index
                0x100066fa       0x1a back/CMakeFiles/back.dir/C_/Program_Files/Raspberry_Pi/Pico_SDK_v1.5.1/pico-sdk/lib/tinyusb/src/common/tusb_fifo.c.obj
 .text._tu_fifo_peek
                0x10006714       0x56 back/CMakeFiles/back.dir/C_/Program_Files/Raspberry_Pi/Pico_SDK_v1.5.1/pico-sdk/lib/tinyusb/src/common/tusb_fifo.c.obj
 .text._ff_pull_const_addr
                0x1000676a       0x4c back/CMakeFiles/back.dir/C_/Program_Files/Raspberry_Pi/Pico_SDK_v1.5.1/pico-sdk/lib/tinyusb/src/common/tusb_fifo.c.obj
 .text._ff_pull_n
                0x100067b6      0x110 back/CMakeFiles/back.dir/C_/Program_Files/Raspberry_Pi/Pico_SDK_v1.5.1/pico-sdk/lib/tinyusb/src/common/tusb_fifo.c.obj
 .text._tu_fifo_peek_n
                0x100068c6       0x6a back/CMakeFiles/back.dir/C_/Program_Files/Raspberry_Pi/Pico_SDK_v1.5.1/pico-sdk/lib/tinyusb/src/common/tusb_fifo.c.obj
 .text._tu_fifo_read_n
                0x10006930       0x4e back/CMakeFiles/back.dir/C_/Program_Files/Raspberry_Pi/Pico_SDK_v1.5.1/pico-sdk/lib/tinyusb/src/common/tusb_fifo.c.obj
 .text._ff_push_const_addr
                0x1000697e       0x40 back/CMakeFiles/back.dir/C_/Program_Files/Raspberry_Pi/Pico_SDK_v1.5.1/pico-sdk/lib/tinyusb/src/common/tusb_fifo.c.obj
 .text._ff_push_n
                0x100069be      0x10c back/CMakeFiles/back.dir/C_/Program_Files/Raspberry_Pi/Pico_SDK_v1.5.1/pico-sdk/lib/tinyusb/src/common/tusb_fifo.c.obj
 .text._tu_fifo_write_n
                0x10006aca       0xf0 back/CMakeFiles/back.dir/C_/Program_Files/Raspberry_Pi/Pico_SDK_v1.5.1/pico-sdk/lib/tinyusb/src/common/tusb_fifo.c.obj
 .text.tu_fifo_config
                0x10006bba       0x7c back/CMakeFiles/back.dir/C_/Program_Files/Raspberry_Pi/Pico_SDK_v1.5.1/pico-sdk/lib/tinyusb/src/common/tusb_fifo.c.obj
                0x10006bba                tu_fifo_config
 .text.tu_fifo_count
                0x10006c36       0x2a back/CMakeFiles/back.dir/C_/Program_Files/Raspberry_Pi/Pico_SDK_v1.5.1/pico-sdk/lib/tinyusb/src/common/tusb_fifo.c.obj
                0x10006c36                tu_fifo_count
 .text.tu_fifo_empty
                0x10006c60       0x10 back/CMakeFiles/back.dir/C_/Program_Files/Raspberry_Pi/Pico_SDK_v1.5.1/pico-sdk/lib/tinyusb/src/common/tusb_fifo.c.obj
                0x10006c60                tu_fifo_empty
 .text.tu_fifo_full
                0x10006c70       0x28 back/CMakeFiles/back.dir/C_/Program_Files/Raspberry_Pi/Pico_SDK_v1.5.1/pico-sdk/lib/tinyusb/src/common/tusb_fifo.c.obj
                0x10006c70                tu_fifo_full
 .text.tu_fifo_remaining
                0x10006c98       0x2c back/CMakeFiles/back.dir/C_/Program_Files/Raspberry_Pi/Pico_SDK_v1.5.1/pico-sdk/lib/tinyusb/src/common/tusb_fifo.c.obj
                0x10006c98                tu_fifo_remaining
 .text.tu_fifo_read
                0x10006cc4       0x42 back/CMakeFiles/back.dir/C_/Program_Files/Raspberry_Pi/Pico_SDK_v1.5.1/pico-sdk/lib/tinyusb/src/common/tusb_fifo.c.obj
                0x10006cc4                tu_fifo_read
 .text.tu_fifo_read_n
                0x10006d06        0xa back/CMakeFiles/back.dir/C_/Program_Files/Raspberry_Pi/Pico_SDK_v1.5.1/pico-sdk/lib/tinyusb/src/common/tusb_fifo.c.obj
                0x10006d06                tu_fifo_read_n
 .text.tu_fifo_write
                0x10006d10       0x64 back/CMakeFiles/back.dir/C_/Program_Files/Raspberry_Pi/Pico_SDK_v1.5.1/pico-sdk/lib/tinyusb/src/common/tusb_fifo.c.obj
                0x10006d10                tu_fifo_write
 .text.tu_fifo_write_n
                0x10006d74        0xa back/CMakeFiles/back.dir/C_/Program_Files/Raspberry_Pi/Pico_SDK_v1.5.1/pico-sdk/lib/tinyusb/src/common/tusb_fifo.c.obj
                0x10006d74                tu_fifo_write_n
 .text.tu_fifo_clear
                0x10006d7e       0x3e back/CMakeFiles/back.dir/C_/Program_Files/Raspberry_Pi/Pico_SDK_v1.5.1/pico-sdk/lib/tinyusb/src/common/tusb_fifo.c.obj
                0x10006d7e                tu_fifo_clear
 .text.tu_fifo_set_overwritable
                0x10006dbc       0x46 back/CMakeFiles/back.dir/C_/Program_Files/Raspberry_Pi/Pico_SDK_v1.5.1/pico-sdk/lib/tinyusb/src/common/tusb_fifo.c.obj
                0x10006dbc                tu_fifo_set_overwritable
 *fill*         0x10006e02        0x2 
 .text.adc_init
                0x10006e04       0x34 back/CMakeFiles/back.dir/C_/Program_Files/Raspberry_Pi/Pico_SDK_v1.5.1/pico-sdk/src/rp2_common/hardware_adc/adc.c.obj
                0x10006e04                adc_init
 .text.dma_claim_unused_channel
                0x10006e38       0x20 back/CMakeFiles/back.dir/C_/Program_Files/Raspberry_Pi/Pico_SDK_v1.5.1/pico-sdk/src/rp2_common/hardware_dma/dma.c.obj
                0x10006e38                dma_claim_unused_channel
 .text.strlen   0x10006e58       0x5c c:/progra~1/raspbe~1/picosd~1.1/gcc-ar~1/bin/../lib/gcc/arm-none-eabi/10.3.1/../../../../arm-none-eabi/lib/thumb/v6-m/nofp\libg.a(lib_a-strlen-stub.o)
                0x10006e58                strlen
 *(.fini)
 .fini          0x10006eb4        0x4 c:/progra~1/raspbe~1/picosd~1.1/gcc-ar~1/bin/../lib/gcc/arm-none-eabi/10.3.1/thumb/v6-m/nofp/crti.o
                0x10006eb4                _fini
 .fini.__stub   0x10006eb8       0xe0 linker stubs
 *crtbegin.o(.ctors)
 *crtbegin?.o(.ctors)
 *(EXCLUDE_FILE(*crtend.o *crtend?.o) .ctors)
 *(SORT_BY_NAME(.ctors.*))
 *(.ctors)
 *crtbegin.o(.dtors)
 *crtbegin?.o(.dtors)
 *(EXCLUDE_FILE(*crtend.o *crtend?.o) .dtors)
 *(SORT_BY_NAME(.dtors.*))
 *(.dtors)
 *(.eh_frame*)
 .eh_frame      0x10006f98        0x0 c:/progra~1/raspbe~1/picosd~1.1/gcc-ar~1/bin/../lib/gcc/arm-none-eabi/10.3.1/thumb/v6-m/nofp/crtbegin.o
                0x10006f98                . = ALIGN (0x4)

.glue_7         0x10006f98        0x0
 .glue_7        0x10006f98        0x0 linker stubs

.glue_7t        0x10006f98        0x0
 .glue_7t       0x10006f98        0x0 linker stubs

.vfp11_veneer   0x10006f98        0x0
 .vfp11_veneer  0x10006f98        0x0 linker stubs

.v4_bx          0x10006f98        0x0
 .v4_bx         0x10006f98        0x0 linker stubs

.iplt           0x10006f98        0x0
 .iplt          0x10006f98        0x0 c:/progra~1/raspbe~1/picosd~1.1/gcc-ar~1/bin/../lib/gcc/arm-none-eabi/10.3.1/thumb/v6-m/nofp/crtbegin.o

.rodata         0x10006f98     0x184c
 *(EXCLUDE_FILE(*libm.a: *libc.a:*lib_a-mem*.o *libgcc.a:) .rodata*)
 .rodata.adc_dma_init.str1.4
                0x10006f98       0x8a back/CMakeFiles/back.dir/back.c.obj
 *fill*         0x10007022        0x2 
 .rodata.main.str1.4
                0x10007024       0x18 back/CMakeFiles/back.dir/back.c.obj
 .rodata.__func__.3
                0x1000703c       0x1c back/CMakeFiles/back.dir/back.c.obj
 .rodata.spin_lock_claim_unused.str1.4
                0x10007058       0x1b back/CMakeFiles/back.dir/C_/Program_Files/Raspberry_Pi/Pico_SDK_v1.5.1/pico-sdk/src/rp2_common/hardware_sync/sync.c.obj
 *fill*         0x10007073        0x1 
 .rodata.make_branch.str1.4
                0x10007074       0x89 back/CMakeFiles/back.dir/C_/Program_Files/Raspberry_Pi/Pico_SDK_v1.5.1/pico-sdk/src/rp2_common/hardware_irq/irq.c.obj
 *fill*         0x100070fd        0x3 
 .rodata.insert_branch_and_link.str1.4
                0x10007100       0x10 back/CMakeFiles/back.dir/C_/Program_Files/Raspberry_Pi/Pico_SDK_v1.5.1/pico-sdk/src/rp2_common/hardware_irq/irq.c.obj
 .rodata.irq_set_exclusive_handler.str1.4
                0x10007110       0x36 back/CMakeFiles/back.dir/C_/Program_Files/Raspberry_Pi/Pico_SDK_v1.5.1/pico-sdk/src/rp2_common/hardware_irq/irq.c.obj
 *fill*         0x10007146        0x2 
 .rodata.irq_add_shared_handler.str1.4
                0x10007148       0xd9 back/CMakeFiles/back.dir/C_/Program_Files/Raspberry_Pi/Pico_SDK_v1.5.1/pico-sdk/src/rp2_common/hardware_irq/irq.c.obj
 *fill*         0x10007221        0x3 
 .rodata.irq_remove_handler.str1.4
                0x10007224       0x3a back/CMakeFiles/back.dir/C_/Program_Files/Raspberry_Pi/Pico_SDK_v1.5.1/pico-sdk/src/rp2_common/hardware_irq/irq.c.obj
 *fill*         0x1000725e        0x2 
 .rodata.irq_add_tail_to_free_list.str1.4
                0x10007260       0x3a back/CMakeFiles/back.dir/C_/Program_Files/Raspberry_Pi/Pico_SDK_v1.5.1/pico-sdk/src/rp2_common/hardware_irq/irq.c.obj
 *fill*         0x1000729a        0x2 
 .rodata.user_irq_claim_unused.str1.4
                0x1000729c       0x1b back/CMakeFiles/back.dir/C_/Program_Files/Raspberry_Pi/Pico_SDK_v1.5.1/pico-sdk/src/rp2_common/hardware_irq/irq.c.obj
 *fill*         0x100072b7        0x1 
 .rodata.__func__.0
                0x100072b8       0x1a back/CMakeFiles/back.dir/C_/Program_Files/Raspberry_Pi/Pico_SDK_v1.5.1/pico-sdk/src/rp2_common/hardware_irq/irq.c.obj
 *fill*         0x100072d2        0x2 
 .rodata.__func__.1
                0x100072d4       0x17 back/CMakeFiles/back.dir/C_/Program_Files/Raspberry_Pi/Pico_SDK_v1.5.1/pico-sdk/src/rp2_common/hardware_irq/irq.c.obj
 *fill*         0x100072eb        0x1 
 .rodata.__func__.2
                0x100072ec       0x13 back/CMakeFiles/back.dir/C_/Program_Files/Raspberry_Pi/Pico_SDK_v1.5.1/pico-sdk/src/rp2_common/hardware_irq/irq.c.obj
 *fill*         0x100072ff        0x1 
 .rodata.__func__.3
                0x10007300        0xc back/CMakeFiles/back.dir/C_/Program_Files/Raspberry_Pi/Pico_SDK_v1.5.1/pico-sdk/src/rp2_common/hardware_irq/irq.c.obj
 .rodata.__func__.4
                0x1000730c        0xf back/CMakeFiles/back.dir/C_/Program_Files/Raspberry_Pi/Pico_SDK_v1.5.1/pico-sdk/src/rp2_common/hardware_irq/irq.c.obj
 *fill*         0x1000731b        0x1 
 .rodata.__func__.5
                0x1000731c       0x17 back/CMakeFiles/back.dir/C_/Program_Files/Raspberry_Pi/Pico_SDK_v1.5.1/pico-sdk/src/rp2_common/hardware_irq/irq.c.obj
 *fill*         0x10007333        0x1 
 .rodata.__func__.6
                0x10007334       0x1a back/CMakeFiles/back.dir/C_/Program_Files/Raspberry_Pi/Pico_SDK_v1.5.1/pico-sdk/src/rp2_common/hardware_irq/irq.c.obj
 *fill*         0x1000734e        0x2 
 .rodata.str1.4
                0x10007350      0x125 back/CMakeFiles/back.dir/C_/Program_Files/Raspberry_Pi/Pico_SDK_v1.5.1/pico-sdk/src/common/pico_sync/mutex.c.obj
 *fill*         0x10007475        0x3 
 .rodata.__func__.1
                0x10007478        0xb back/CMakeFiles/back.dir/C_/Program_Files/Raspberry_Pi/Pico_SDK_v1.5.1/pico-sdk/src/common/pico_sync/mutex.c.obj
 *fill*         0x10007483        0x1 
 .rodata.__func__.3
                0x10007484       0x18 back/CMakeFiles/back.dir/C_/Program_Files/Raspberry_Pi/Pico_SDK_v1.5.1/pico-sdk/src/common/pico_sync/mutex.c.obj
 .rodata.__func__.4
                0x1000749c       0x15 back/CMakeFiles/back.dir/C_/Program_Files/Raspberry_Pi/Pico_SDK_v1.5.1/pico-sdk/src/common/pico_sync/mutex.c.obj
 *fill*         0x100074b1        0x3 
 .rodata.repeating_timer_callback.str1.4
                0x100074b4       0x67 back/CMakeFiles/back.dir/C_/Program_Files/Raspberry_Pi/Pico_SDK_v1.5.1/pico-sdk/src/common/pico_time/time.c.obj
 *fill*         0x1000751b        0x1 
 .rodata.timer_pool_entry_comparator.str1.4
                0x1000751c       0x22 back/CMakeFiles/back.dir/C_/Program_Files/Raspberry_Pi/Pico_SDK_v1.5.1/pico-sdk/src/common/pico_time/time.c.obj
 *fill*         0x1000753e        0x2 
 .rodata.ph_add_child_node.str1.4
                0x10007540       0xb2 back/CMakeFiles/back.dir/C_/Program_Files/Raspberry_Pi/Pico_SDK_v1.5.1/pico-sdk/src/common/pico_time/time.c.obj
 *fill*         0x100075f2        0x2 
 .rodata.add_alarm_under_lock.str1.4
                0x100075f4       0x28 back/CMakeFiles/back.dir/C_/Program_Files/Raspberry_Pi/Pico_SDK_v1.5.1/pico-sdk/src/common/pico_time/time.c.obj
                                 0x2b (size before relaxing)
 .rodata.alarm_pool_alarm_callback.str1.4
                0x1000761c       0x98 back/CMakeFiles/back.dir/C_/Program_Files/Raspberry_Pi/Pico_SDK_v1.5.1/pico-sdk/src/common/pico_time/time.c.obj
                                0x118 (size before relaxing)
 .rodata.alarm_pool_get_default.str1.4
                0x100076b4       0x21 back/CMakeFiles/back.dir/C_/Program_Files/Raspberry_Pi/Pico_SDK_v1.5.1/pico-sdk/src/common/pico_time/time.c.obj
 *fill*         0x100076d5        0x3 
 .rodata.alarm_pool_cancel_alarm.str1.4
                0x100076d8       0x27 back/CMakeFiles/back.dir/C_/Program_Files/Raspberry_Pi/Pico_SDK_v1.5.1/pico-sdk/src/common/pico_time/time.c.obj
 *fill*         0x100076ff        0x1 
 .rodata.sleep_until.str1.4
                0x10007700       0x4d back/CMakeFiles/back.dir/C_/Program_Files/Raspberry_Pi/Pico_SDK_v1.5.1/pico-sdk/src/common/pico_time/time.c.obj
 *fill*         0x1000774d        0x3 
 .rodata.__func__.1
                0x10007750       0x18 back/CMakeFiles/back.dir/C_/Program_Files/Raspberry_Pi/Pico_SDK_v1.5.1/pico-sdk/src/common/pico_time/time.c.obj
 .rodata.__func__.10
                0x10007768       0x15 back/CMakeFiles/back.dir/C_/Program_Files/Raspberry_Pi/Pico_SDK_v1.5.1/pico-sdk/src/common/pico_time/time.c.obj
 *fill*         0x1000777d        0x3 
 .rodata.__func__.11
                0x10007780       0x1a back/CMakeFiles/back.dir/C_/Program_Files/Raspberry_Pi/Pico_SDK_v1.5.1/pico-sdk/src/common/pico_time/time.c.obj
 *fill*         0x1000779a        0x2 
 .rodata.__func__.12
                0x1000779c        0xa back/CMakeFiles/back.dir/C_/Program_Files/Raspberry_Pi/Pico_SDK_v1.5.1/pico-sdk/src/common/pico_time/time.c.obj
 *fill*         0x100077a6        0x2 
 .rodata.__func__.3
                0x100077a8       0x17 back/CMakeFiles/back.dir/C_/Program_Files/Raspberry_Pi/Pico_SDK_v1.5.1/pico-sdk/src/common/pico_time/time.c.obj
 *fill*         0x100077bf        0x1 
 .rodata.__func__.4
                0x100077c0       0x12 back/CMakeFiles/back.dir/C_/Program_Files/Raspberry_Pi/Pico_SDK_v1.5.1/pico-sdk/src/common/pico_time/time.c.obj
 *fill*         0x100077d2        0x2 
 .rodata.__func__.5
                0x100077d4        0xd back/CMakeFiles/back.dir/C_/Program_Files/Raspberry_Pi/Pico_SDK_v1.5.1/pico-sdk/src/common/pico_time/time.c.obj
 *fill*         0x100077e1        0x3 
 .rodata.__func__.6
                0x100077e4       0x12 back/CMakeFiles/back.dir/C_/Program_Files/Raspberry_Pi/Pico_SDK_v1.5.1/pico-sdk/src/common/pico_time/time.c.obj
 *fill*         0x100077f6        0x2 
 .rodata.__func__.7
                0x100077f8        0xf back/CMakeFiles/back.dir/C_/Program_Files/Raspberry_Pi/Pico_SDK_v1.5.1/pico-sdk/src/common/pico_time/time.c.obj
 *fill*         0x10007807        0x1 
 .rodata.__func__.8
                0x10007808        0xc back/CMakeFiles/back.dir/C_/Program_Files/Raspberry_Pi/Pico_SDK_v1.5.1/pico-sdk/src/common/pico_time/time.c.obj
 .rodata.__func__.9
                0x10007814       0x15 back/CMakeFiles/back.dir/C_/Program_Files/Raspberry_Pi/Pico_SDK_v1.5.1/pico-sdk/src/common/pico_time/time.c.obj
 *fill*         0x10007829        0x3 
 .rodata.hardware_alarm_claim.str1.4
                0x1000782c       0x22 back/CMakeFiles/back.dir/C_/Program_Files/Raspberry_Pi/Pico_SDK_v1.5.1/pico-sdk/src/rp2_common/hardware_timer/timer.c.obj
 *fill*         0x1000784e        0x2 
 .rodata.hardware_alarm_set_target.str1.4
                0x10007850       0x81 back/CMakeFiles/back.dir/C_/Program_Files/Raspberry_Pi/Pico_SDK_v1.5.1/pico-sdk/src/rp2_common/hardware_timer/timer.c.obj
 *fill*         0x100078d1        0x3 
 .rodata.__func__.0
                0x100078d4       0x1a back/CMakeFiles/back.dir/C_/Program_Files/Raspberry_Pi/Pico_SDK_v1.5.1/pico-sdk/src/rp2_common/hardware_timer/timer.c.obj
 .rodata.ph_add_child_node.str1.4
                0x100078ee       0xb2 back/CMakeFiles/back.dir/C_/Program_Files/Raspberry_Pi/Pico_SDK_v1.5.1/pico-sdk/src/common/pico_util/pheap.c.obj
 *fill*         0x100078ee        0x2 
 .rodata.ph_remove_any_head.str1.4
                0x100078f0       0xa8 back/CMakeFiles/back.dir/C_/Program_Files/Raspberry_Pi/Pico_SDK_v1.5.1/pico-sdk/src/common/pico_util/pheap.c.obj
                                 0xbc (size before relaxing)
 .rodata.ph_remove_and_free_node.str1.4
                0x10007998       0x1e back/CMakeFiles/back.dir/C_/Program_Files/Raspberry_Pi/Pico_SDK_v1.5.1/pico-sdk/src/common/pico_util/pheap.c.obj
                                 0x26 (size before relaxing)
 *fill*         0x100079b6        0x2 
 .rodata.__func__.0
                0x100079b8       0x18 back/CMakeFiles/back.dir/C_/Program_Files/Raspberry_Pi/Pico_SDK_v1.5.1/pico-sdk/src/common/pico_util/pheap.c.obj
 .rodata.__func__.1
                0x100079d0       0x13 back/CMakeFiles/back.dir/C_/Program_Files/Raspberry_Pi/Pico_SDK_v1.5.1/pico-sdk/src/common/pico_util/pheap.c.obj
 *fill*         0x100079e3        0x1 
 .rodata.__func__.2
                0x100079e4       0x12 back/CMakeFiles/back.dir/C_/Program_Files/Raspberry_Pi/Pico_SDK_v1.5.1/pico-sdk/src/common/pico_util/pheap.c.obj
 *fill*         0x100079f6        0x2 
 .rodata.__func__.3
                0x100079f8        0xc back/CMakeFiles/back.dir/C_/Program_Files/Raspberry_Pi/Pico_SDK_v1.5.1/pico-sdk/src/common/pico_util/pheap.c.obj
 .rodata.clock_configure.str1.4
                0x10007a04       0x73 back/CMakeFiles/back.dir/C_/Program_Files/Raspberry_Pi/Pico_SDK_v1.5.1/pico-sdk/src/rp2_common/hardware_clocks/clocks.c.obj
 *fill*         0x10007a77        0x1 
 .rodata.__func__.1
                0x10007a78       0x10 back/CMakeFiles/back.dir/C_/Program_Files/Raspberry_Pi/Pico_SDK_v1.5.1/pico-sdk/src/rp2_common/hardware_clocks/clocks.c.obj
 .rodata.pll_init.str1.4
                0x10007a88      0x140 back/CMakeFiles/back.dir/C_/Program_Files/Raspberry_Pi/Pico_SDK_v1.5.1/pico-sdk/src/rp2_common/hardware_pll/pll.c.obj
 .rodata.__func__.0
                0x10007bc8        0x9 back/CMakeFiles/back.dir/C_/Program_Files/Raspberry_Pi/Pico_SDK_v1.5.1/pico-sdk/src/rp2_common/hardware_pll/pll.c.obj
 *fill*         0x10007bd1        0x3 
 .rodata.__assert_func.str1.4
                0x10007bd4       0x3f back/CMakeFiles/back.dir/C_/Program_Files/Raspberry_Pi/Pico_SDK_v1.5.1/pico-sdk/src/rp2_common/pico_runtime/runtime.c.obj
                                 0x43 (size before relaxing)
 *fill*         0x10007c13        0x1 
 .rodata.runtime_init.str1.4
                0x10007c14       0x7d back/CMakeFiles/back.dir/C_/Program_Files/Raspberry_Pi/Pico_SDK_v1.5.1/pico-sdk/src/rp2_common/pico_runtime/runtime.c.obj
 *fill*         0x10007c91        0x3 
 .rodata.panic.str1.4
                0x10007c94       0x12 back/CMakeFiles/back.dir/C_/Program_Files/Raspberry_Pi/Pico_SDK_v1.5.1/pico-sdk/src/rp2_common/pico_runtime/runtime.c.obj
 *fill*         0x10007ca6        0x2 
 .rodata.__func__.2
                0x10007ca8        0xd back/CMakeFiles/back.dir/C_/Program_Files/Raspberry_Pi/Pico_SDK_v1.5.1/pico-sdk/src/rp2_common/pico_runtime/runtime.c.obj
 *fill*         0x10007cb5        0x3 
 .rodata._ftoa.str1.4
                0x10007cb8       0x15 back/CMakeFiles/back.dir/C_/Program_Files/Raspberry_Pi/Pico_SDK_v1.5.1/pico-sdk/src/rp2_common/pico_printf/printf.c.obj
 *fill*         0x10007ccd        0x3 
 .rodata._vsnprintf
                0x10007cd0      0x1e0 back/CMakeFiles/back.dir/C_/Program_Files/Raspberry_Pi/Pico_SDK_v1.5.1/pico-sdk/src/rp2_common/pico_printf/printf.c.obj
 .rodata.pow10.0
                0x10007eb0       0x50 back/CMakeFiles/back.dir/C_/Program_Files/Raspberry_Pi/Pico_SDK_v1.5.1/pico-sdk/src/rp2_common/pico_printf/printf.c.obj
 .rodata.__aeabi_double_init.str1.4
                0x10007f00       0xb8 back/CMakeFiles/back.dir/C_/Program_Files/Raspberry_Pi/Pico_SDK_v1.5.1/pico-sdk/src/rp2_common/pico_double/double_init_rom.c.obj
 .rodata.__func__.0
                0x10007fb8       0x14 back/CMakeFiles/back.dir/C_/Program_Files/Raspberry_Pi/Pico_SDK_v1.5.1/pico-sdk/src/rp2_common/pico_double/double_init_rom.c.obj
 .rodata.__aeabi_float_init.str1.4
                0x10007fcc       0x96 back/CMakeFiles/back.dir/C_/Program_Files/Raspberry_Pi/Pico_SDK_v1.5.1/pico-sdk/src/rp2_common/pico_float/float_init_rom.c.obj
                                 0x9a (size before relaxing)
 *fill*         0x10008062        0x2 
 .rodata.__func__.0
                0x10008064       0x13 back/CMakeFiles/back.dir/C_/Program_Files/Raspberry_Pi/Pico_SDK_v1.5.1/pico-sdk/src/rp2_common/pico_float/float_init_rom.c.obj
 *fill*         0x10008077        0x1 
 .rodata.str1.4
                0x10008078       0x70 back/CMakeFiles/back.dir/C_/Program_Files/Raspberry_Pi/Pico_SDK_v1.5.1/pico-sdk/src/rp2_common/pico_standard_link/binary_info.c.obj
                                 0x78 (size before relaxing)
 .rodata.__bi_44
                0x100080e8        0xc back/CMakeFiles/back.dir/C_/Program_Files/Raspberry_Pi/Pico_SDK_v1.5.1/pico-sdk/src/rp2_common/pico_standard_link/binary_info.c.obj
 .rodata.__bi_69
                0x100080f4        0xc back/CMakeFiles/back.dir/C_/Program_Files/Raspberry_Pi/Pico_SDK_v1.5.1/pico-sdk/src/rp2_common/pico_standard_link/binary_info.c.obj
 .rodata.__bi_75
                0x10008100        0xc back/CMakeFiles/back.dir/C_/Program_Files/Raspberry_Pi/Pico_SDK_v1.5.1/pico-sdk/src/rp2_common/pico_standard_link/binary_info.c.obj
 .rodata.__bi_81
                0x1000810c        0xc back/CMakeFiles/back.dir/C_/Program_Files/Raspberry_Pi/Pico_SDK_v1.5.1/pico-sdk/src/rp2_common/pico_standard_link/binary_info.c.obj
 .rodata.stdout_serialize_begin.str1.4
                0x10008118       0x7d back/CMakeFiles/back.dir/C_/Program_Files/Raspberry_Pi/Pico_SDK_v1.5.1/pico-sdk/src/rp2_common/pico_stdio/stdio.c.obj
 .rodata.__func__.3
                0x10008118       0x15 back/CMakeFiles/back.dir/C_/Program_Files/Raspberry_Pi/Pico_SDK_v1.5.1/pico-sdk/src/rp2_common/pico_stdio/stdio.c.obj
 *fill*         0x1000812d        0x3 
 .rodata.crlf_str.2
                0x10008130        0x2 back/CMakeFiles/back.dir/C_/Program_Files/Raspberry_Pi/Pico_SDK_v1.5.1/pico-sdk/src/rp2_common/pico_stdio/stdio.c.obj
 *fill*         0x10008132        0x2 
 .rodata._resetd_driver
                0x10008134       0x18 back/CMakeFiles/back.dir/C_/Program_Files/Raspberry_Pi/Pico_SDK_v1.5.1/pico-sdk/src/rp2_common/pico_stdio_usb/reset_interface.c.obj
 .rodata.low_priority_worker_irq.str1.4
                0x1000814c       0x7d back/CMakeFiles/back.dir/C_/Program_Files/Raspberry_Pi/Pico_SDK_v1.5.1/pico-sdk/src/rp2_common/pico_stdio_usb/stdio_usb.c.obj
 .rodata.stdio_usb_init.str1.4
                0x1000814c       0x61 back/CMakeFiles/back.dir/C_/Program_Files/Raspberry_Pi/Pico_SDK_v1.5.1/pico-sdk/src/rp2_common/pico_stdio_usb/stdio_usb.c.obj
                                 0x69 (size before relaxing)
 *fill*         0x100081ad        0x3 
 .rodata.str1.4
                0x100081b0       0x13 back/CMakeFiles/back.dir/C_/Program_Files/Raspberry_Pi/Pico_SDK_v1.5.1/pico-sdk/src/rp2_common/pico_stdio_usb/stdio_usb.c.obj
 *fill*         0x100081c3        0x1 
 .rodata.__bi_182.0
                0x100081c4        0xc back/CMakeFiles/back.dir/C_/Program_Files/Raspberry_Pi/Pico_SDK_v1.5.1/pico-sdk/src/rp2_common/pico_stdio_usb/stdio_usb.c.obj
 .rodata.__func__.1
                0x100081d0        0xf back/CMakeFiles/back.dir/C_/Program_Files/Raspberry_Pi/Pico_SDK_v1.5.1/pico-sdk/src/rp2_common/pico_stdio_usb/stdio_usb.c.obj
 *fill*         0x100081df        0x1 
 .rodata.__func__.3
                0x100081e0       0x15 back/CMakeFiles/back.dir/C_/Program_Files/Raspberry_Pi/Pico_SDK_v1.5.1/pico-sdk/src/rp2_common/pico_stdio_usb/stdio_usb.c.obj
 *fill*         0x100081f5        0x3 
 .rodata.str1.4
                0x100081f8       0x2a back/CMakeFiles/back.dir/C_/Program_Files/Raspberry_Pi/Pico_SDK_v1.5.1/pico-sdk/src/rp2_common/pico_stdio_usb/stdio_usb_descriptors.c.obj
 *fill*         0x10008222        0x2 
 .rodata.usbd_desc_cfg
                0x10008224       0x54 back/CMakeFiles/back.dir/C_/Program_Files/Raspberry_Pi/Pico_SDK_v1.5.1/pico-sdk/src/rp2_common/pico_stdio_usb/stdio_usb_descriptors.c.obj
 .rodata.usbd_desc_device
                0x10008278       0x12 back/CMakeFiles/back.dir/C_/Program_Files/Raspberry_Pi/Pico_SDK_v1.5.1/pico-sdk/src/rp2_common/pico_stdio_usb/stdio_usb_descriptors.c.obj
 *fill*         0x1000828a        0x2 
 .rodata.usbd_desc_str
                0x1000828c       0x18 back/CMakeFiles/back.dir/C_/Program_Files/Raspberry_Pi/Pico_SDK_v1.5.1/pico-sdk/src/rp2_common/pico_stdio_usb/stdio_usb_descriptors.c.obj
 .rodata.pico_get_unique_board_id_string.str1.4
                0x100082a4       0x69 back/CMakeFiles/back.dir/C_/Program_Files/Raspberry_Pi/Pico_SDK_v1.5.1/pico-sdk/src/rp2_common/pico_unique_id/unique_id.c.obj
 *fill*         0x1000830d        0x3 
 .rodata.__func__.0
                0x10008310       0x20 back/CMakeFiles/back.dir/C_/Program_Files/Raspberry_Pi/Pico_SDK_v1.5.1/pico-sdk/src/rp2_common/pico_unique_id/unique_id.c.obj
 .rodata.str1.4
                0x10008330      0x176 back/CMakeFiles/back.dir/C_/Program_Files/Raspberry_Pi/Pico_SDK_v1.5.1/pico-sdk/src/rp2_common/hardware_flash/flash.c.obj
 *fill*         0x100084a6        0x2 
 .rodata.__func__.0
                0x100084a8        0xd back/CMakeFiles/back.dir/C_/Program_Files/Raspberry_Pi/Pico_SDK_v1.5.1/pico-sdk/src/rp2_common/hardware_flash/flash.c.obj
 *fill*         0x100084b5        0x3 
 .rodata._hw_endpoint_alloc.str1.4
                0x100084b8       0xd1 back/CMakeFiles/back.dir/C_/Program_Files/Raspberry_Pi/Pico_SDK_v1.5.1/pico-sdk/lib/tinyusb/src/portable/raspberrypi/rp2040/dcd_rp2040.c.obj
 *fill*         0x10008589        0x3 
 .rodata.str1.4
                0x1000858c       0x14 back/CMakeFiles/back.dir/C_/Program_Files/Raspberry_Pi/Pico_SDK_v1.5.1/pico-sdk/lib/tinyusb/src/portable/raspberrypi/rp2040/dcd_rp2040.c.obj
 .rodata.dcd_int_enable.str1.4
                0x100085a0        0xc back/CMakeFiles/back.dir/C_/Program_Files/Raspberry_Pi/Pico_SDK_v1.5.1/pico-sdk/lib/tinyusb/src/portable/raspberrypi/rp2040/dcd_rp2040.c.obj
 .rodata.__func__.0
                0x100085ac        0xe back/CMakeFiles/back.dir/C_/Program_Files/Raspberry_Pi/Pico_SDK_v1.5.1/pico-sdk/lib/tinyusb/src/portable/raspberrypi/rp2040/dcd_rp2040.c.obj
 *fill*         0x100085ba        0x2 
 .rodata.__func__.1
                0x100085bc        0xe back/CMakeFiles/back.dir/C_/Program_Files/Raspberry_Pi/Pico_SDK_v1.5.1/pico-sdk/lib/tinyusb/src/portable/raspberrypi/rp2040/dcd_rp2040.c.obj
 *fill*         0x100085ca        0x2 
 .rodata.__func__.3
                0x100085cc       0x10 back/CMakeFiles/back.dir/C_/Program_Files/Raspberry_Pi/Pico_SDK_v1.5.1/pico-sdk/lib/tinyusb/src/portable/raspberrypi/rp2040/dcd_rp2040.c.obj
 .rodata.__func__.5
                0x100085dc        0xf back/CMakeFiles/back.dir/C_/Program_Files/Raspberry_Pi/Pico_SDK_v1.5.1/pico-sdk/lib/tinyusb/src/portable/raspberrypi/rp2040/dcd_rp2040.c.obj
 *fill*         0x100085eb        0x1 
 .rodata.__func__.6
                0x100085ec       0x13 back/CMakeFiles/back.dir/C_/Program_Files/Raspberry_Pi/Pico_SDK_v1.5.1/pico-sdk/lib/tinyusb/src/portable/raspberrypi/rp2040/dcd_rp2040.c.obj
 *fill*         0x100085ff        0x1 
 .rodata.__func__.7
                0x10008600        0x9 back/CMakeFiles/back.dir/C_/Program_Files/Raspberry_Pi/Pico_SDK_v1.5.1/pico-sdk/lib/tinyusb/src/portable/raspberrypi/rp2040/dcd_rp2040.c.obj
 *fill*         0x10008609        0x3 
 .rodata.str1.4
                0x1000860c      0x103 back/CMakeFiles/back.dir/C_/Program_Files/Raspberry_Pi/Pico_SDK_v1.5.1/pico-sdk/lib/tinyusb/src/portable/raspberrypi/rp2040/rp2040_usb.c.obj
 *fill*         0x1000870f        0x1 
 .rodata.__func__.0
                0x10008710        0xf back/CMakeFiles/back.dir/C_/Program_Files/Raspberry_Pi/Pico_SDK_v1.5.1/pico-sdk/lib/tinyusb/src/portable/raspberrypi/rp2040/rp2040_usb.c.obj
 *fill*         0x1000871f        0x1 
 .rodata.process_get_descriptor
                0x10008720       0x40 back/CMakeFiles/back.dir/C_/Program_Files/Raspberry_Pi/Pico_SDK_v1.5.1/pico-sdk/lib/tinyusb/src/device/usbd.c.obj
 .rodata.process_control_request
                0x10008760       0x28 back/CMakeFiles/back.dir/C_/Program_Files/Raspberry_Pi/Pico_SDK_v1.5.1/pico-sdk/lib/tinyusb/src/device/usbd.c.obj
 .rodata.tud_task_ext
                0x10008788       0x24 back/CMakeFiles/back.dir/C_/Program_Files/Raspberry_Pi/Pico_SDK_v1.5.1/pico-sdk/lib/tinyusb/src/device/usbd.c.obj
 .rodata._usbd_driver
                0x100087ac       0x18 back/CMakeFiles/back.dir/C_/Program_Files/Raspberry_Pi/Pico_SDK_v1.5.1/pico-sdk/lib/tinyusb/src/device/usbd.c.obj
 .rodata.dma_claim_unused_channel.str1.4
                0x100087c4       0x1e back/CMakeFiles/back.dir/C_/Program_Files/Raspberry_Pi/Pico_SDK_v1.5.1/pico-sdk/src/rp2_common/hardware_dma/dma.c.obj
                0x100087e4                . = ALIGN (0x4)
 *fill*         0x100087e2        0x2 
 *(SORT_BY_ALIGNMENT(SORT_BY_NAME(.flashdata*)))
                0x100087e4                . = ALIGN (0x4)

.ARM.extab
 *(.ARM.extab* .gnu.linkonce.armextab.*)
                0x100087e4                __exidx_start = .

.ARM.exidx
 *(.ARM.exidx* .gnu.linkonce.armexidx.*)
                0x100087e4                __exidx_end = .
                0x100087e4                . = ALIGN (0x4)
                0x100087e4                __binary_info_start = .

.binary_info    0x100087e4       0x24
 *(.binary_info.keep.*)
 .binary_info.keep.__bi_ptr22
                0x100087e4        0x4 back/CMakeFiles/back.dir/C_/Program_Files/Raspberry_Pi/Pico_SDK_v1.5.1/pico-sdk/src/rp2_common/pico_standard_link/binary_info.c.obj
 .binary_info.keep.__bi_ptr30
                0x100087e8        0x4 back/CMakeFiles/back.dir/C_/Program_Files/Raspberry_Pi/Pico_SDK_v1.5.1/pico-sdk/src/rp2_common/pico_standard_link/binary_info.c.obj
 .binary_info.keep.__bi_ptr38
                0x100087ec        0x4 back/CMakeFiles/back.dir/C_/Program_Files/Raspberry_Pi/Pico_SDK_v1.5.1/pico-sdk/src/rp2_common/pico_standard_link/binary_info.c.obj
 .binary_info.keep.__bi_ptr44
                0x100087f0        0x4 back/CMakeFiles/back.dir/C_/Program_Files/Raspberry_Pi/Pico_SDK_v1.5.1/pico-sdk/src/rp2_common/pico_standard_link/binary_info.c.obj
 .binary_info.keep.__bi_ptr50
                0x100087f4        0x4 back/CMakeFiles/back.dir/C_/Program_Files/Raspberry_Pi/Pico_SDK_v1.5.1/pico-sdk/src/rp2_common/pico_standard_link/binary_info.c.obj
 .binary_info.keep.__bi_ptr69
                0x100087f8        0x4 back/CMakeFiles/back.dir/C_/Program_Files/Raspberry_Pi/Pico_SDK_v1.5.1/pico-sdk/src/rp2_common/pico_standard_link/binary_info.c.obj
 .binary_info.keep.__bi_ptr75
                0x100087fc        0x4 back/CMakeFiles/back.dir/C_/Program_Files/Raspberry_Pi/Pico_SDK_v1.5.1/pico-sdk/src/rp2_common/pico_standard_link/binary_info.c.obj
 .binary_info.keep.__bi_ptr81
                0x10008800        0x4 back/CMakeFiles/back.dir/C_/Program_Files/Raspberry_Pi/Pico_SDK_v1.5.1/pico-sdk/src/rp2_common/pico_standard_link/binary_info.c.obj
 *(.binary_info.*)
 .binary_info.__bi_ptr182
                0x10008804        0x4 back/CMakeFiles/back.dir/C_/Program_Files/Raspberry_Pi/Pico_SDK_v1.5.1/pico-sdk/src/rp2_common/pico_stdio_usb/stdio_usb.c.obj
                0x10008808                __binary_info_end = .

.rel.dyn        0x10008808        0x0
 .rel.iplt      0x10008808        0x0 c:/progra~1/raspbe~1/picosd~1.1/gcc-ar~1/bin/../lib/gcc/arm-none-eabi/10.3.1/thumb/v6-m/nofp/crtbegin.o
                0x10008808                . = ALIGN (0x4)

.ram_vector_table
                0x20000000       0xc0
 *(.ram_vector_table)
 .ram_vector_table
                0x20000000       0xc0 back/CMakeFiles/back.dir/C_/Program_Files/Raspberry_Pi/Pico_SDK_v1.5.1/pico-sdk/src/rp2_common/pico_runtime/runtime.c.obj
                0x20000000                ram_vector_table

.data           0x200000c0      0xbf0 load address 0x10008808
                0x200000c0                __data_start__ = .
 *(vtable)
 *(.time_critical*)
 .time_critical.mutex_try_enter
                0x200000c0       0x46 back/CMakeFiles/back.dir/C_/Program_Files/Raspberry_Pi/Pico_SDK_v1.5.1/pico-sdk/src/common/pico_sync/mutex.c.obj
                0x200000c0                mutex_try_enter
 *fill*         0x20000106        0x2 
 .time_critical.mutex_enter_block_until
                0x20000108       0x8c back/CMakeFiles/back.dir/C_/Program_Files/Raspberry_Pi/Pico_SDK_v1.5.1/pico-sdk/src/common/pico_sync/mutex.c.obj
                0x20000108                mutex_enter_block_until
 .time_critical.mutex_try_enter_block_until
                0x20000194       0x34 back/CMakeFiles/back.dir/C_/Program_Files/Raspberry_Pi/Pico_SDK_v1.5.1/pico-sdk/src/common/pico_sync/mutex.c.obj
                0x20000194                mutex_try_enter_block_until
 .time_critical.mutex_enter_timeout_ms
                0x200001c8       0x68 back/CMakeFiles/back.dir/C_/Program_Files/Raspberry_Pi/Pico_SDK_v1.5.1/pico-sdk/src/common/pico_sync/mutex.c.obj
                0x200001c8                mutex_enter_timeout_ms
 .time_critical.mutex_exit
                0x20000230       0x4c back/CMakeFiles/back.dir/C_/Program_Files/Raspberry_Pi/Pico_SDK_v1.5.1/pico-sdk/src/common/pico_sync/mutex.c.obj
                0x20000230                mutex_exit
 .time_critical.flash_init_boot2_copyout
                0x2000027c       0x30 back/CMakeFiles/back.dir/C_/Program_Files/Raspberry_Pi/Pico_SDK_v1.5.1/pico-sdk/src/rp2_common/hardware_flash/flash.c.obj
 .time_critical.flash_enable_xip_via_boot2
                0x200002ac       0x10 back/CMakeFiles/back.dir/C_/Program_Files/Raspberry_Pi/Pico_SDK_v1.5.1/pico-sdk/src/rp2_common/hardware_flash/flash.c.obj
 .time_critical.flash_cs_force
                0x200002bc       0x28 back/CMakeFiles/back.dir/C_/Program_Files/Raspberry_Pi/Pico_SDK_v1.5.1/pico-sdk/src/rp2_common/hardware_flash/flash.c.obj
 .time_critical.flash_do_cmd
                0x200002e4       0xd8 back/CMakeFiles/back.dir/C_/Program_Files/Raspberry_Pi/Pico_SDK_v1.5.1/pico-sdk/src/rp2_common/hardware_flash/flash.c.obj
                0x200002e4                flash_do_cmd
 .time_critical.reset_non_control_endpoints
                0x200003bc       0x40 back/CMakeFiles/back.dir/C_/Program_Files/Raspberry_Pi/Pico_SDK_v1.5.1/pico-sdk/lib/tinyusb/src/portable/raspberrypi/rp2040/dcd_rp2040.c.obj
 .time_critical.hw_handle_buff_status
                0x200003fc       0xa4 back/CMakeFiles/back.dir/C_/Program_Files/Raspberry_Pi/Pico_SDK_v1.5.1/pico-sdk/lib/tinyusb/src/portable/raspberrypi/rp2040/dcd_rp2040.c.obj
 .time_critical.dcd_rp2040_irq
                0x200004a0      0x1cc back/CMakeFiles/back.dir/C_/Program_Files/Raspberry_Pi/Pico_SDK_v1.5.1/pico-sdk/lib/tinyusb/src/portable/raspberrypi/rp2040/dcd_rp2040.c.obj
 .time_critical.e15_is_bulkin_ep
                0x2000066c       0x2c back/CMakeFiles/back.dir/C_/Program_Files/Raspberry_Pi/Pico_SDK_v1.5.1/pico-sdk/lib/tinyusb/src/portable/raspberrypi/rp2040/rp2040_usb.c.obj
 .time_critical.e15_is_critical_frame_period
                0x20000698       0x30 back/CMakeFiles/back.dir/C_/Program_Files/Raspberry_Pi/Pico_SDK_v1.5.1/pico-sdk/lib/tinyusb/src/portable/raspberrypi/rp2040/rp2040_usb.c.obj
 .time_critical.prepare_ep_buffer
                0x200006c8       0x70 back/CMakeFiles/back.dir/C_/Program_Files/Raspberry_Pi/Pico_SDK_v1.5.1/pico-sdk/lib/tinyusb/src/portable/raspberrypi/rp2040/rp2040_usb.c.obj
 .time_critical.sync_ep_buffer
                0x20000738       0x80 back/CMakeFiles/back.dir/C_/Program_Files/Raspberry_Pi/Pico_SDK_v1.5.1/pico-sdk/lib/tinyusb/src/portable/raspberrypi/rp2040/rp2040_usb.c.obj
 .time_critical._hw_endpoint_xfer_sync
                0x200007b8       0x28 back/CMakeFiles/back.dir/C_/Program_Files/Raspberry_Pi/Pico_SDK_v1.5.1/pico-sdk/lib/tinyusb/src/portable/raspberrypi/rp2040/rp2040_usb.c.obj
 .time_critical.hw_endpoint_reset_transfer
                0x200007e0        0xc back/CMakeFiles/back.dir/C_/Program_Files/Raspberry_Pi/Pico_SDK_v1.5.1/pico-sdk/lib/tinyusb/src/portable/raspberrypi/rp2040/rp2040_usb.c.obj
                0x200007e0                hw_endpoint_reset_transfer
 .time_critical._hw_endpoint_buffer_control_update32
                0x200007ec       0x58 back/CMakeFiles/back.dir/C_/Program_Files/Raspberry_Pi/Pico_SDK_v1.5.1/pico-sdk/lib/tinyusb/src/portable/raspberrypi/rp2040/rp2040_usb.c.obj
                0x200007ec                _hw_endpoint_buffer_control_update32
 .time_critical.hw_endpoint_start_next_buffer
                0x20000844       0x88 back/CMakeFiles/back.dir/C_/Program_Files/Raspberry_Pi/Pico_SDK_v1.5.1/pico-sdk/lib/tinyusb/src/portable/raspberrypi/rp2040/rp2040_usb.c.obj
                0x20000844                hw_endpoint_start_next_buffer
 .time_critical.hw_endpoint_xfer_continue
                0x200008cc       0x50 back/CMakeFiles/back.dir/C_/Program_Files/Raspberry_Pi/Pico_SDK_v1.5.1/pico-sdk/lib/tinyusb/src/portable/raspberrypi/rp2040/rp2040_usb.c.obj
                0x200008cc                hw_endpoint_xfer_continue
 .time_critical.tinyusb
                0x2000091c      0x200 back/CMakeFiles/back.dir/C_/Program_Files/Raspberry_Pi/Pico_SDK_v1.5.1/pico-sdk/lib/tinyusb/src/device/usbd.c.obj
                0x2000091c                dcd_event_handler
 *(.text*)
 .text          0x20000b1c        0x4 c:/progra~1/raspbe~1/picosd~1.1/gcc-ar~1/bin/../lib/gcc/arm-none-eabi/10.3.1/thumb/v6-m/nofp\libgcc.a(_dvmd_tls.o)
                0x20000b1c                __aeabi_idiv0