Archive member included to satisfy reference by file (symbol)

c:/progra~1/raspbe~1/picosd~1.1/gcc-ar~1/bin/../lib/gcc/arm-none-eabi/10.3.1/thumb/v6-m/nofp\libgcc.a(_dvmd_tls.o)
                              deneme/CMakeFiles/deneme.dir/C_/Program_Files/Raspberry_Pi/Pico_SDK_v1.5.1/pico-sdk/src/rp2_common/pico_divider/divider.S.obj (__aeabi_idiv0)
c:/progra~1/raspbe~1/picosd~1.1/gcc-ar~1/bin/../lib/gcc/arm-none-eabi/10.3.1/../../../../arm-none-eabi/lib/thumb/v6-m/nofp\libg.a(lib_a-calloc.o)
                              deneme/CMakeFiles/deneme.dir/C_/Program_Files/Raspberry_Pi/Pico_SDK_v1.5.1/pico-sdk/src/rp2_common/pico_malloc/pico_malloc.c.obj (calloc)
c:/progra~1/raspbe~1/picosd~1.1/gcc-ar~1/bin/../lib/gcc/arm-none-eabi/10.3.1/../../../../arm-none-eabi/lib/thumb/v6-m/nofp\libg.a(lib_a-callocr.o)
                              c:/progra~1/raspbe~1/picosd~1.1/gcc-ar~1/bin/../lib/gcc/arm-none-eabi/10.3.1/../../../../arm-none-eabi/lib/thumb/v6-m/nofp\libg.a(lib_a-calloc.o) (_calloc_r)
c:/progra~1/raspbe~1/picosd~1.1/gcc-ar~1/bin/../lib/gcc/arm-none-eabi/10.3.1/../../../../arm-none-eabi/lib/thumb/v6-m/nofp\libg.a(lib_a-errno.o)
                              c:/progra~1/raspbe~1/picosd~1.1/gcc-ar~1/bin/../lib/gcc/arm-none-eabi/10.3.1/../../../../arm-none-eabi/lib/thumb/v6-m/nofp\libg.a(lib_a-callocr.o) (__errno)
c:/progra~1/raspbe~1/picosd~1.1/gcc-ar~1/bin/../lib/gcc/arm-none-eabi/10.3.1/../../../../arm-none-eabi/lib/thumb/v6-m/nofp\libg.a(lib_a-impure.o)
                              c:/progra~1/raspbe~1/picosd~1.1/gcc-ar~1/bin/../lib/gcc/arm-none-eabi/10.3.1/../../../../arm-none-eabi/lib/thumb/v6-m/nofp\libg.a(lib_a-calloc.o) (_impure_ptr)
c:/progra~1/raspbe~1/picosd~1.1/gcc-ar~1/bin/../lib/gcc/arm-none-eabi/10.3.1/../../../../arm-none-eabi/lib/thumb/v6-m/nofp\libg.a(lib_a-init.o)
                              c:/progra~1/raspbe~1/picosd~1.1/gcc-ar~1/bin/../lib/gcc/arm-none-eabi/10.3.1/../../../../arm-none-eabi/lib/thumb/v6-m/nofp/crt0.o (__libc_init_array)
c:/progra~1/raspbe~1/picosd~1.1/gcc-ar~1/bin/../lib/gcc/arm-none-eabi/10.3.1/../../../../arm-none-eabi/lib/thumb/v6-m/nofp\libg.a(lib_a-malloc.o)
                              deneme/CMakeFiles/deneme.dir/C_/Program_Files/Raspberry_Pi/Pico_SDK_v1.5.1/pico-sdk/src/rp2_common/pico_malloc/pico_malloc.c.obj (malloc)
c:/progra~1/raspbe~1/picosd~1.1/gcc-ar~1/bin/../lib/gcc/arm-none-eabi/10.3.1/../../../../arm-none-eabi/lib/thumb/v6-m/nofp\libg.a(lib_a-mallocr.o)
                              c:/progra~1/raspbe~1/picosd~1.1/gcc-ar~1/bin/../lib/gcc/arm-none-eabi/10.3.1/../../../../arm-none-eabi/lib/thumb/v6-m/nofp\libg.a(lib_a-callocr.o) (_malloc_r)
c:/progra~1/raspbe~1/picosd~1.1/gcc-ar~1/bin/../lib/gcc/arm-none-eabi/10.3.1/../../../../arm-none-eabi/lib/thumb/v6-m/nofp\libg.a(lib_a-mlock.o)
                              c:/progra~1/raspbe~1/picosd~1.1/gcc-ar~1/bin/../lib/gcc/arm-none-eabi/10.3.1/../../../../arm-none-eabi/lib/thumb/v6-m/nofp\libg.a(lib_a-mallocr.o) (__malloc_lock)
c:/progra~1/raspbe~1/picosd~1.1/gcc-ar~1/bin/../lib/gcc/arm-none-eabi/10.3.1/../../../../arm-none-eabi/lib/thumb/v6-m/nofp\libg.a(lib_a-realloc.o)
                              deneme/CMakeFiles/deneme.dir/C_/Program_Files/Raspberry_Pi/Pico_SDK_v1.5.1/pico-sdk/src/rp2_common/pico_malloc/pico_malloc.c.obj (realloc)
c:/progra~1/raspbe~1/picosd~1.1/gcc-ar~1/bin/../lib/gcc/arm-none-eabi/10.3.1/../../../../arm-none-eabi/lib/thumb/v6-m/nofp\libg.a(lib_a-reallocr.o)
                              c:/progra~1/raspbe~1/picosd~1.1/gcc-ar~1/bin/../lib/gcc/arm-none-eabi/10.3.1/../../../../arm-none-eabi/lib/thumb/v6-m/nofp\libg.a(lib_a-realloc.o) (_realloc_r)
c:/progra~1/raspbe~1/picosd~1.1/gcc-ar~1/bin/../lib/gcc/arm-none-eabi/10.3.1/../../../../arm-none-eabi/lib/thumb/v6-m/nofp\libg.a(lib_a-sbrkr.o)
                              c:/progra~1/raspbe~1/picosd~1.1/gcc-ar~1/bin/../lib/gcc/arm-none-eabi/10.3.1/../../../../arm-none-eabi/lib/thumb/v6-m/nofp\libg.a(lib_a-mallocr.o) (_sbrk_r)
c:/progra~1/raspbe~1/picosd~1.1/gcc-ar~1/bin/../lib/gcc/arm-none-eabi/10.3.1/../../../../arm-none-eabi/lib/thumb/v6-m/nofp\libg.a(lib_a-strlen-stub.o)
                              deneme/CMakeFiles/deneme.dir/C_/Program_Files/Raspberry_Pi/Pico_SDK_v1.5.1/pico-sdk/src/rp2_common/pico_stdio/stdio.c.obj (strlen)
c:/progra~1/raspbe~1/picosd~1.1/gcc-ar~1/bin/../lib/gcc/arm-none-eabi/10.3.1/../../../../arm-none-eabi/lib/thumb/v6-m/nofp\libg.a(lib_a-freer.o)
                              c:/progra~1/raspbe~1/picosd~1.1/gcc-ar~1/bin/../lib/gcc/arm-none-eabi/10.3.1/../../../../arm-none-eabi/lib/thumb/v6-m/nofp\libg.a(lib_a-malloc.o) (_free_r)
c:/progra~1/raspbe~1/picosd~1.1/gcc-ar~1/bin/../lib/gcc/arm-none-eabi/10.3.1/../../../../arm-none-eabi/lib/thumb/v6-m/nofp\libg.a(lib_a-lock.o)
                              c:/progra~1/raspbe~1/picosd~1.1/gcc-ar~1/bin/../lib/gcc/arm-none-eabi/10.3.1/../../../../arm-none-eabi/lib/thumb/v6-m/nofp\libg.a(lib_a-mlock.o) (__retarget_lock_acquire_recursive)
[...]
Memory Configuration

Name             Origin             Length             Attributes
FLASH            0x10000000         0x00200000         xr
RAM              0x20000000         0x00040000         xrw
SCRATCH_X        0x20040000         0x00001000         xrw
SCRATCH_Y        0x20041000         0x00001000         xrw
*default*        0x00000000         0xffffffff

Linker script and memory map

LOAD c:/progra~1/raspbe~1/picosd~1.1/gcc-ar~1/bin/../lib/gcc/arm-none-eabi/10.3.1/thumb/v6-m/nofp/crti.o
LOAD c:/progra~1/raspbe~1/picosd~1.1/gcc-ar~1/bin/../lib/gcc/arm-none-eabi/10.3.1/thumb/v6-m/nofp/crtbegin.o
LOAD c:/progra~1/raspbe~1/picosd~1.1/gcc-ar~1/bin/../lib/gcc/arm-none-eabi/10.3.1/../../../../arm-none-eabi/lib/thumb/v6-m/nofp/crt0.o

.flash_begin    0x10000000        0x0
                0x10000000                __flash_binary_start = .

.boot2          0x10000000      0x100
                0x10000000                __boot2_start__ = .
 *(.boot2)
 .boot2         0x10000000      0x100 C:\Users\omery\AppData\Local\Temp\ccQuEdLQ.o
                0x10000100                __boot2_end__ = .
                0x00000001                ASSERT (((__boot2_end__ - __boot2_start__) == 0x100), ERROR: Pico second stage bootloader must be 256 bytes in size)

.text           0x10000100     0x6ca8
                0x10000100                __logical_binary_start = .
 *(.vectors)
 .vectors       0x10000100       0xd4 deneme/CMakeFiles/deneme.dir/C_/Program_Files/Raspberry_Pi/Pico_SDK_v1.5.1/pico-sdk/src/rp2_common/pico_standard_link/crt0.S.obj
                0x10000100                __VECTOR_TABLE
                0x10000100                __vectors
                0x100001c0                isr_invalid
                0x100001c0                __default_isrs_start
                0x100001c2                isr_nmi
                0x100001c4                isr_hardfault
                0x100001c6                isr_svcall
                0x100001c8                isr_pendsv
                0x100001ca                isr_systick
                0x100001cc                isr_irq23
                0x100001cc                isr_irq18
                0x100001cc                isr_irq11
                0x100001cc                isr_irq28
                0x100001cc                isr_irq19
                0x100001cc                isr_irq0
                0x100001cc                isr_irq6
                0x100001cc                isr_irq5
                0x100001cc                isr_irq12
                0x100001cc                isr_irq22
                0x100001cc                isr_irq31
                0x100001cc                isr_irq17
                0x100001cc                isr_irq27
                0x100001cc                isr_irq30
                0x100001cc                isr_irq2
                0x100001cc                isr_irq10
                0x100001cc                isr_irq8
                0x100001cc                isr_irq24
                0x100001cc                isr_irq1
                0x100001cc                isr_irq7
                0x100001cc                isr_irq21
                0x100001cc                isr_irq20
                0x100001cc                isr_irq15
                0x100001cc                isr_irq25
                0x100001cc                isr_irq13
                0x100001cc                __unhandled_user_irq
                0x100001cc                isr_irq4
                0x100001cc                isr_irq16
                0x100001cc                isr_irq29
                0x100001cc                isr_irq26
                0x100001cc                __default_isrs_end
                0x100001cc                isr_irq3
                0x100001cc                isr_irq14
                0x100001cc                isr_irq9
                0x100001d2                unhandled_user_irq_num_in_r0
 *(.binary_info_header)
 .binary_info_header
                0x100001d4       0x14 deneme/CMakeFiles/deneme.dir/C_/Program_Files/Raspberry_Pi/Pico_SDK_v1.5.1/pico-sdk/src/rp2_common/pico_standard_link/crt0.S.obj
                0x100001e8                __binary_info_header_end = .
 *(.reset)
 .reset         0x100001e8       0xa0 deneme/CMakeFiles/deneme.dir/C_/Program_Files/Raspberry_Pi/Pico_SDK_v1.5.1/pico-sdk/src/rp2_common/pico_standard_link/crt0.S.obj
                0x100001e8                _entry_point
 .reset         0x10000288       0x30 deneme/CMakeFiles/deneme.dir/C_/Program_Files/Raspberry_Pi/Pico_SDK_v1.5.1/pico-sdk/src/rp2_common/pico_standard_link/binary_info.c.obj
 *(.init)
 .init          0x100002b8        0x4 c:/progra~1/raspbe~1/picosd~1.1/gcc-ar~1/bin/../lib/gcc/arm-none-eabi/10.3.1/thumb/v6-m/nofp/crti.o
                0x100002b8                _init
 *(EXCLUDE_FILE(*libm.a: *libc.a:*lib_a-mem*.o *libgcc.a:) .text*)
 .text          0x100002bc       0x48 c:/progra~1/raspbe~1/picosd~1.1/gcc-ar~1/bin/../lib/gcc/arm-none-eabi/10.3.1/thumb/v6-m/nofp/crtbegin.o
 .text.main     0x10000304       0x44 deneme/CMakeFiles/deneme.dir/deneme.c.obj
                0x10000304                main
 .text.running_on_fpga
                0x10000348       0x14 deneme/CMakeFiles/deneme.dir/C_/Program_Files/Raspberry_Pi/Pico_SDK_v1.5.1/pico-sdk/src/rp2_common/pico_platform/platform.c.obj
                0x10000348                running_on_fpga
 .text.hw_claim_lock
                0x1000035c       0x18 deneme/CMakeFiles/deneme.dir/C_/Program_Files/Raspberry_Pi/Pico_SDK_v1.5.1/pico-sdk/src/rp2_common/hardware_claim/claim.c.obj
                0x1000035c                hw_claim_lock
 .text.hw_claim_unlock
                0x10000374       0x14 deneme/CMakeFiles/deneme.dir/C_/Program_Files/Raspberry_Pi/Pico_SDK_v1.5.1/pico-sdk/src/rp2_common/hardware_claim/claim.c.obj
                0x10000374                hw_claim_unlock
 .text.hw_claim_or_assert
                0x10000388       0x32 deneme/CMakeFiles/deneme.dir/C_/Program_Files/Raspberry_Pi/Pico_SDK_v1.5.1/pico-sdk/src/rp2_common/hardware_claim/claim.c.obj
                0x10000388                hw_claim_or_assert
 .text.hw_claim_unused_from_range
                0x100003ba       0x50 deneme/CMakeFiles/deneme.dir/C_/Program_Files/Raspberry_Pi/Pico_SDK_v1.5.1/pico-sdk/src/rp2_common/hardware_claim/claim.c.obj
                0x100003ba                hw_claim_unused_from_range
 *fill*         0x1000040a        0x2 
 .text.spin_locks_reset
                0x1000040c       0x20 deneme/CMakeFiles/deneme.dir/C_/Program_Files/Raspberry_Pi/Pico_SDK_v1.5.1/pico-sdk/src/rp2_common/hardware_sync/sync.c.obj
                0x1000040c                spin_locks_reset
 .text.next_striped_spin_lock_num
                0x1000042c       0x1c deneme/CMakeFiles/deneme.dir/C_/Program_Files/Raspberry_Pi/Pico_SDK_v1.5.1/pico-sdk/src/rp2_common/hardware_sync/sync.c.obj
                0x1000042c                next_striped_spin_lock_num
 .text.spin_lock_claim_unused
                0x10000448       0x20 deneme/CMakeFiles/deneme.dir/C_/Program_Files/Raspberry_Pi/Pico_SDK_v1.5.1/pico-sdk/src/rp2_common/hardware_sync/sync.c.obj
                0x10000448                spin_lock_claim_unused
 .text.set_raw_irq_handler_and_unlock
                0x10000468       0x28 deneme/CMakeFiles/deneme.dir/C_/Program_Files/Raspberry_Pi/Pico_SDK_v1.5.1/pico-sdk/src/rp2_common/hardware_irq/irq.c.obj
 .text.make_branch
                0x10000490       0x48 deneme/CMakeFiles/deneme.dir/C_/Program_Files/Raspberry_Pi/Pico_SDK_v1.5.1/pico-sdk/src/rp2_common/hardware_irq/irq.c.obj
 .text.insert_branch_and_link
                0x100004d8       0x40 deneme/CMakeFiles/deneme.dir/C_/Program_Files/Raspberry_Pi/Pico_SDK_v1.5.1/pico-sdk/src/rp2_common/hardware_irq/irq.c.obj
 .text.irq_is_enabled
                0x10000518       0x18 deneme/CMakeFiles/deneme.dir/C_/Program_Files/Raspberry_Pi/Pico_SDK_v1.5.1/pico-sdk/src/rp2_common/hardware_irq/irq.c.obj
                0x10000518                irq_is_enabled
 .text.irq_set_mask_enabled
                0x10000530       0x20 deneme/CMakeFiles/deneme.dir/C_/Program_Files/Raspberry_Pi/Pico_SDK_v1.5.1/pico-sdk/src/rp2_common/hardware_irq/irq.c.obj
                0x10000530                irq_set_mask_enabled
 .text.irq_set_enabled
                0x10000550        0xe deneme/CMakeFiles/deneme.dir/C_/Program_Files/Raspberry_Pi/Pico_SDK_v1.5.1/pico-sdk/src/rp2_common/hardware_irq/irq.c.obj
                0x10000550                irq_set_enabled
 *fill*         0x1000055e        0x2 
 .text.irq_set_pending
                0x10000560       0x10 deneme/CMakeFiles/deneme.dir/C_/Program_Files/Raspberry_Pi/Pico_SDK_v1.5.1/pico-sdk/src/rp2_common/hardware_irq/irq.c.obj
                0x10000560                irq_set_pending
 .text.irq_get_vtable_handler
                0x10000570       0x10 deneme/CMakeFiles/deneme.dir/C_/Program_Files/Raspberry_Pi/Pico_SDK_v1.5.1/pico-sdk/src/rp2_common/hardware_irq/irq.c.obj
                0x10000570                irq_get_vtable_handler
 .text.irq_has_shared_handler
                0x10000580       0x24 deneme/CMakeFiles/deneme.dir/C_/Program_Files/Raspberry_Pi/Pico_SDK_v1.5.1/pico-sdk/src/rp2_common/hardware_irq/irq.c.obj
                0x10000580                irq_has_shared_handler
 .text.irq_set_exclusive_handler
                0x100005a4       0x54 deneme/CMakeFiles/deneme.dir/C_/Program_Files/Raspberry_Pi/Pico_SDK_v1.5.1/pico-sdk/src/rp2_common/hardware_irq/irq.c.obj
                0x100005a4                irq_set_exclusive_handler
 .text.irq_add_shared_handler
                0x100005f8      0x234 deneme/CMakeFiles/deneme.dir/C_/Program_Files/Raspberry_Pi/Pico_SDK_v1.5.1/pico-sdk/src/rp2_common/hardware_irq/irq.c.obj
                0x100005f8                irq_add_shared_handler
 .text.irq_remove_handler
                0x1000082c      0x1ac deneme/CMakeFiles/deneme.dir/C_/Program_Files/Raspberry_Pi/Pico_SDK_v1.5.1/pico-sdk/src/rp2_common/hardware_irq/irq.c.obj
                0x1000082c                irq_remove_handler
 .text.irq_add_tail_to_free_list
                0x100009d8       0xf0 deneme/CMakeFiles/deneme.dir/C_/Program_Files/Raspberry_Pi/Pico_SDK_v1.5.1/pico-sdk/src/rp2_common/hardware_irq/irq.c.obj
                0x100009d8                irq_add_tail_to_free_list
 .text.irq_init_priorities
                0x10000ac8       0x1c deneme/CMakeFiles/deneme.dir/C_/Program_Files/Raspberry_Pi/Pico_SDK_v1.5.1/pico-sdk/src/rp2_common/hardware_irq/irq.c.obj
                0x10000ac8                irq_init_priorities
 .text.user_irq_claim_unused
                0x10000ae4       0x28 deneme/CMakeFiles/deneme.dir/C_/Program_Files/Raspberry_Pi/Pico_SDK_v1.5.1/pico-sdk/src/rp2_common/hardware_irq/irq.c.obj
                0x10000ae4                user_irq_claim_unused
 .text.lock_init
                0x10000b0c       0x10 deneme/CMakeFiles/deneme.dir/C_/Program_Files/Raspberry_Pi/Pico_SDK_v1.5.1/pico-sdk/src/common/pico_sync/lock_core.c.obj
                0x10000b0c                lock_init
 .text.mutex_init
                0x10000b1c       0x1a deneme/CMakeFiles/deneme.dir/C_/Program_Files/Raspberry_Pi/Pico_SDK_v1.5.1/pico-sdk/src/common/pico_sync/mutex.c.obj
                0x10000b1c                mutex_init
 .text.recursive_mutex_init
                0x10000b36       0x1e deneme/CMakeFiles/deneme.dir/C_/Program_Files/Raspberry_Pi/Pico_SDK_v1.5.1/pico-sdk/src/common/pico_sync/mutex.c.obj
                0x10000b36                recursive_mutex_init
 .text.critical_section_init_with_lock_num
                0x10000b54       0x14 deneme/CMakeFiles/deneme.dir/C_/Program_Files/Raspberry_Pi/Pico_SDK_v1.5.1/pico-sdk/src/common/pico_sync/critical_section.c.obj
                0x10000b54                critical_section_init_with_lock_num
 .text.critical_section_init
                0x10000b68       0x14 deneme/CMakeFiles/deneme.dir/C_/Program_Files/Raspberry_Pi/Pico_SDK_v1.5.1/pico-sdk/src/common/pico_sync/critical_section.c.obj
                0x10000b68                critical_section_init
 .text.alarm_pool_post_alloc_init
                0x10000b7c       0x40 deneme/CMakeFiles/deneme.dir/C_/Program_Files/Raspberry_Pi/Pico_SDK_v1.5.1/pico-sdk/src/common/pico_time/time.c.obj
 .text.sleep_until_callback
                0x10000bbc       0x30 deneme/CMakeFiles/deneme.dir/C_/Program_Files/Raspberry_Pi/Pico_SDK_v1.5.1/pico-sdk/src/common/pico_time/time.c.obj
 .text.timer_pool_entry_comparator
                0x10000bec       0x7c deneme/CMakeFiles/deneme.dir/C_/Program_Files/Raspberry_Pi/Pico_SDK_v1.5.1/pico-sdk/src/common/pico_time/time.c.obj
                0x10000bec                timer_pool_entry_comparator
 .text.ph_add_child_node
                0x10000c68       0xa4 deneme/CMakeFiles/deneme.dir/C_/Program_Files/Raspberry_Pi/Pico_SDK_v1.5.1/pico-sdk/src/common/pico_time/time.c.obj
 .text.ph_merge_nodes
                0x10000d0c       0x3e deneme/CMakeFiles/deneme.dir/C_/Program_Files/Raspberry_Pi/Pico_SDK_v1.5.1/pico-sdk/src/common/pico_time/time.c.obj
 *fill*         0x10000d4a        0x2 
 .text.add_alarm_under_lock
                0x10000d4c      0x174 deneme/CMakeFiles/deneme.dir/C_/Program_Files/Raspberry_Pi/Pico_SDK_v1.5.1/pico-sdk/src/common/pico_time/time.c.obj
 .text.alarm_pool_alarm_callback
                0x10000ec0      0x33c deneme/CMakeFiles/deneme.dir/C_/Program_Files/Raspberry_Pi/Pico_SDK_v1.5.1/pico-sdk/src/common/pico_time/time.c.obj
 .text.alarm_pool_init_default
                0x100011fc       0x40 deneme/CMakeFiles/deneme.dir/C_/Program_Files/Raspberry_Pi/Pico_SDK_v1.5.1/pico-sdk/src/common/pico_time/time.c.obj
                0x100011fc                alarm_pool_init_default
 .text.alarm_pool_get_default
                0x1000123c       0x2c deneme/CMakeFiles/deneme.dir/C_/Program_Files/Raspberry_Pi/Pico_SDK_v1.5.1/pico-sdk/src/common/pico_time/time.c.obj
                0x1000123c                alarm_pool_get_default
 .text.alarm_pool_add_alarm_at
                0x10001268      0x168 deneme/CMakeFiles/deneme.dir/C_/Program_Files/Raspberry_Pi/Pico_SDK_v1.5.1/pico-sdk/src/common/pico_time/time.c.obj
                0x10001268                alarm_pool_add_alarm_at
 .text.alarm_pool_cancel_alarm
                0x100013d0       0xf8 deneme/CMakeFiles/deneme.dir/C_/Program_Files/Raspberry_Pi/Pico_SDK_v1.5.1/pico-sdk/src/common/pico_time/time.c.obj
                0x100013d0                alarm_pool_cancel_alarm
 .text.alarm_pool_core_num
                0x100014c8        0x4 deneme/CMakeFiles/deneme.dir/C_/Program_Files/Raspberry_Pi/Pico_SDK_v1.5.1/pico-sdk/src/common/pico_time/time.c.obj
                0x100014c8                alarm_pool_core_num
 .text.sleep_until
                0x100014cc       0xfc deneme/CMakeFiles/deneme.dir/C_/Program_Files/Raspberry_Pi/Pico_SDK_v1.5.1/pico-sdk/src/common/pico_time/time.c.obj
                0x100014cc                sleep_until
 .text.sleep_us
                0x100015c8       0x58 deneme/CMakeFiles/deneme.dir/C_/Program_Files/Raspberry_Pi/Pico_SDK_v1.5.1/pico-sdk/src/common/pico_time/time.c.obj
                0x100015c8                sleep_us
 .text.sleep_ms
                0x10001620       0x14 deneme/CMakeFiles/deneme.dir/C_/Program_Files/Raspberry_Pi/Pico_SDK_v1.5.1/pico-sdk/src/common/pico_time/time.c.obj
                0x10001620                sleep_ms
 .text.best_effort_wfe_or_timeout
                0x10001634       0xac deneme/CMakeFiles/deneme.dir/C_/Program_Files/Raspberry_Pi/Pico_SDK_v1.5.1/pico-sdk/src/common/pico_time/time.c.obj
                0x10001634                best_effort_wfe_or_timeout
 .text.hardware_alarm_irq_handler
                0x100016e0       0x90 deneme/CMakeFiles/deneme.dir/C_/Program_Files/Raspberry_Pi/Pico_SDK_v1.5.1/pico-sdk/src/rp2_common/hardware_timer/timer.c.obj
 .text.hardware_alarm_claim
                0x10001770       0x18 deneme/CMakeFiles/deneme.dir/C_/Program_Files/Raspberry_Pi/Pico_SDK_v1.5.1/pico-sdk/src/rp2_common/hardware_timer/timer.c.obj
                0x10001770                hardware_alarm_claim
 .text.time_us_64
                0x10001788       0x18 deneme/CMakeFiles/deneme.dir/C_/Program_Files/Raspberry_Pi/Pico_SDK_v1.5.1/pico-sdk/src/rp2_common/hardware_timer/timer.c.obj
                0x10001788                time_us_64
 .text.busy_wait_until
                0x100017a0       0x28 deneme/CMakeFiles/deneme.dir/C_/Program_Files/Raspberry_Pi/Pico_SDK_v1.5.1/pico-sdk/src/rp2_common/hardware_timer/timer.c.obj
                0x100017a0                busy_wait_until
 .text.busy_wait_us
                0x100017c8       0x48 deneme/CMakeFiles/deneme.dir/C_/Program_Files/Raspberry_Pi/Pico_SDK_v1.5.1/pico-sdk/src/rp2_common/hardware_timer/timer.c.obj
                0x100017c8                busy_wait_us
 .text.hardware_alarm_set_callback
                0x10001810       0x90 deneme/CMakeFiles/deneme.dir/C_/Program_Files/Raspberry_Pi/Pico_SDK_v1.5.1/pico-sdk/src/rp2_common/hardware_timer/timer.c.obj
                0x10001810                hardware_alarm_set_callback
 .text.hardware_alarm_set_target
                0x100018a0       0xe8 deneme/CMakeFiles/deneme.dir/C_/Program_Files/Raspberry_Pi/Pico_SDK_v1.5.1/pico-sdk/src/rp2_common/hardware_timer/timer.c.obj
                0x100018a0                hardware_alarm_set_target
 .text.hardware_alarm_cancel
                0x10001988       0x40 deneme/CMakeFiles/deneme.dir/C_/Program_Files/Raspberry_Pi/Pico_SDK_v1.5.1/pico-sdk/src/rp2_common/hardware_timer/timer.c.obj
                0x10001988                hardware_alarm_cancel
 .text.ph_add_child_node
                0x100019c8       0xa4 deneme/CMakeFiles/deneme.dir/C_/Program_Files/Raspberry_Pi/Pico_SDK_v1.5.1/pico-sdk/src/common/pico_util/pheap.c.obj
 .text.ph_merge_nodes
                0x10001a6c       0x3e deneme/CMakeFiles/deneme.dir/C_/Program_Files/Raspberry_Pi/Pico_SDK_v1.5.1/pico-sdk/src/common/pico_util/pheap.c.obj
 *fill*         0x10001aaa        0x2 
 .text.ph_clear
                0x10001aac       0x70 deneme/CMakeFiles/deneme.dir/C_/Program_Files/Raspberry_Pi/Pico_SDK_v1.5.1/pico-sdk/src/common/pico_util/pheap.c.obj
                0x10001aac                ph_clear
 .text.ph_post_alloc_init
                0x10001b1c        0xe deneme/CMakeFiles/deneme.dir/C_/Program_Files/Raspberry_Pi/Pico_SDK_v1.5.1/pico-sdk/src/common/pico_util/pheap.c.obj
                0x10001b1c                ph_post_alloc_init
 *fill*         0x10001b2a        0x2 
 .text.ph_merge_two_pass
                0x10001b2c       0xa8 deneme/CMakeFiles/deneme.dir/C_/Program_Files/Raspberry_Pi/Pico_SDK_v1.5.1/pico-sdk/src/common/pico_util/pheap.c.obj
                0x10001b2c                ph_merge_two_pass
 .text.ph_remove_any_head
                0x10001bd4      0x128 deneme/CMakeFiles/deneme.dir/C_/Program_Files/Raspberry_Pi/Pico_SDK_v1.5.1/pico-sdk/src/common/pico_util/pheap.c.obj
 .text.ph_remove_head
                0x10001cfc       0x14 deneme/CMakeFiles/deneme.dir/C_/Program_Files/Raspberry_Pi/Pico_SDK_v1.5.1/pico-sdk/src/common/pico_util/pheap.c.obj
                0x10001cfc                ph_remove_head
 .text.ph_remove_and_free_node
                0x10001d10       0xf8 deneme/CMakeFiles/deneme.dir/C_/Program_Files/Raspberry_Pi/Pico_SDK_v1.5.1/pico-sdk/src/common/pico_util/pheap.c.obj
                0x10001d10                ph_remove_and_free_node
 .text.clock_configure
                0x10001e08      0x108 deneme/CMakeFiles/deneme.dir/C_/Program_Files/Raspberry_Pi/Pico_SDK_v1.5.1/pico-sdk/src/rp2_common/hardware_clocks/clocks.c.obj
                0x10001e08                clock_configure
 .text.clocks_init
                0x10001f10      0x100 deneme/CMakeFiles/deneme.dir/C_/Program_Files/Raspberry_Pi/Pico_SDK_v1.5.1/pico-sdk/src/rp2_common/hardware_clocks/clocks.c.obj
                0x10001f10                clocks_init
 .text.pll_init
                0x10002010      0x120 deneme/CMakeFiles/deneme.dir/C_/Program_Files/Raspberry_Pi/Pico_SDK_v1.5.1/pico-sdk/src/rp2_common/hardware_pll/pll.c.obj
                0x10002010                pll_init
 .text.watchdog_start_tick
                0x10002130       0x10 deneme/CMakeFiles/deneme.dir/C_/Program_Files/Raspberry_Pi/Pico_SDK_v1.5.1/pico-sdk/src/rp2_common/hardware_watchdog/watchdog.c.obj
                0x10002130                watchdog_start_tick
 .text.watchdog_update
                0x10002140       0x14 deneme/CMakeFiles/deneme.dir/C_/Program_Files/Raspberry_Pi/Pico_SDK_v1.5.1/pico-sdk/src/rp2_common/hardware_watchdog/watchdog.c.obj
                0x10002140                watchdog_update
 .text._watchdog_enable
                0x10002154       0x78 deneme/CMakeFiles/deneme.dir/C_/Program_Files/Raspberry_Pi/Pico_SDK_v1.5.1/pico-sdk/src/rp2_common/hardware_watchdog/watchdog.c.obj
                0x10002154                _watchdog_enable
 .text.watchdog_reboot
                0x100021cc       0x48 deneme/CMakeFiles/deneme.dir/C_/Program_Files/Raspberry_Pi/Pico_SDK_v1.5.1/pico-sdk/src/rp2_common/hardware_watchdog/watchdog.c.obj
                0x100021cc                watchdog_reboot
 .text.xosc_init
                0x10002214       0x28 deneme/CMakeFiles/deneme.dir/C_/Program_Files/Raspberry_Pi/Pico_SDK_v1.5.1/pico-sdk/src/rp2_common/hardware_xosc/xosc.c.obj
                0x10002214                xosc_init
 .text._exit    0x1000223c        0x4 deneme/CMakeFiles/deneme.dir/C_/Program_Files/Raspberry_Pi/Pico_SDK_v1.5.1/pico-sdk/src/rp2_common/pico_runtime/runtime.c.obj
                0x1000223c                _exit
 .text.exit     0x10002240        0x6 deneme/CMakeFiles/deneme.dir/C_/Program_Files/Raspberry_Pi/Pico_SDK_v1.5.1/pico-sdk/src/rp2_common/pico_runtime/runtime.c.obj
                0x10002240                exit
 *fill*         0x10002246        0x2 
 .text.__assert_func
                0x10002248       0x3c deneme/CMakeFiles/deneme.dir/C_/Program_Files/Raspberry_Pi/Pico_SDK_v1.5.1/pico-sdk/src/rp2_common/pico_runtime/runtime.c.obj
                0x10002248                __assert_func
 .text.runtime_init
                0x10002284       0xf8 deneme/CMakeFiles/deneme.dir/C_/Program_Files/Raspberry_Pi/Pico_SDK_v1.5.1/pico-sdk/src/rp2_common/pico_runtime/runtime.c.obj
                0x10002284                runtime_init
 .text.panic    0x1000237c       0x30 deneme/CMakeFiles/deneme.dir/C_/Program_Files/Raspberry_Pi/Pico_SDK_v1.5.1/pico-sdk/src/rp2_common/pico_runtime/runtime.c.obj
                0x1000237c                panic
 .text._out_null
                0x100023ac        0x2 deneme/CMakeFiles/deneme.dir/C_/Program_Files/Raspberry_Pi/Pico_SDK_v1.5.1/pico-sdk/src/rp2_common/pico_printf/printf.c.obj
 .text._out_fct
                0x100023ae        0xe deneme/CMakeFiles/deneme.dir/C_/Program_Files/Raspberry_Pi/Pico_SDK_v1.5.1/pico-sdk/src/rp2_common/pico_printf/printf.c.obj
 .text._atoi    0x100023bc       0x24 deneme/CMakeFiles/deneme.dir/C_/Program_Files/Raspberry_Pi/Pico_SDK_v1.5.1/pico-sdk/src/rp2_common/pico_printf/printf.c.obj
 .text._out_rev
                0x100023e0       0xae deneme/CMakeFiles/deneme.dir/C_/Program_Files/Raspberry_Pi/Pico_SDK_v1.5.1/pico-sdk/src/rp2_common/pico_printf/printf.c.obj
 .text._ntoa_format
                0x1000248e      0x112 deneme/CMakeFiles/deneme.dir/C_/Program_Files/Raspberry_Pi/Pico_SDK_v1.5.1/pico-sdk/src/rp2_common/pico_printf/printf.c.obj
 .text._ntoa_long
                0x100025a0       0xbc deneme/CMakeFiles/deneme.dir/C_/Program_Files/Raspberry_Pi/Pico_SDK_v1.5.1/pico-sdk/src/rp2_common/pico_printf/printf.c.obj
 .text._ntoa_long_long
                0x1000265c       0xe2 deneme/CMakeFiles/deneme.dir/C_/Program_Files/Raspberry_Pi/Pico_SDK_v1.5.1/pico-sdk/src/rp2_common/pico_printf/printf.c.obj
 *fill*         0x1000273e        0x2 
 .text._etoa    0x10002740      0x414 deneme/CMakeFiles/deneme.dir/C_/Program_Files/Raspberry_Pi/Pico_SDK_v1.5.1/pico-sdk/src/rp2_common/pico_printf/printf.c.obj
 .text._ftoa    0x10002b54      0x354 deneme/CMakeFiles/deneme.dir/C_/Program_Files/Raspberry_Pi/Pico_SDK_v1.5.1/pico-sdk/src/rp2_common/pico_printf/printf.c.obj
 .text._vsnprintf
                0x10002ea8      0x624 deneme/CMakeFiles/deneme.dir/C_/Program_Files/Raspberry_Pi/Pico_SDK_v1.5.1/pico-sdk/src/rp2_common/pico_printf/printf.c.obj
 .text.vfctprintf
                0x100034cc       0x20 deneme/CMakeFiles/deneme.dir/C_/Program_Files/Raspberry_Pi/Pico_SDK_v1.5.1/pico-sdk/src/rp2_common/pico_printf/printf.c.obj
                0x100034cc                vfctprintf
 .text          0x100034ec       0x10 deneme/CMakeFiles/deneme.dir/C_/Program_Files/Raspberry_Pi/Pico_SDK_v1.5.1/pico-sdk/src/rp2_common/pico_bit_ops/bit_ops_aeabi.S.obj
 .text.rom_func_lookup
                0x100034fc       0x10 deneme/CMakeFiles/deneme.dir/C_/Program_Files/Raspberry_Pi/Pico_SDK_v1.5.1/pico-sdk/src/rp2_common/pico_bootrom/bootrom.c.obj
                0x100034fc                rom_func_lookup
 .text.rom_data_lookup
                0x1000350c       0x10 deneme/CMakeFiles/deneme.dir/C_/Program_Files/Raspberry_Pi/Pico_SDK_v1.5.1/pico-sdk/src/rp2_common/pico_bootrom/bootrom.c.obj
                0x1000350c                rom_data_lookup
 .text.rom_funcs_lookup
                0x1000351c       0x36 deneme/CMakeFiles/deneme.dir/C_/Program_Files/Raspberry_Pi/Pico_SDK_v1.5.1/pico-sdk/src/rp2_common/pico_bootrom/bootrom.c.obj
                0x1000351c                rom_funcs_lookup
 *fill*         0x10003552        0x2 
 .text.__wrap___aeabi_idiv
                0x10003554       0x50 deneme/CMakeFiles/deneme.dir/C_/Program_Files/Raspberry_Pi/Pico_SDK_v1.5.1/pico-sdk/src/rp2_common/pico_divider/divider.S.obj
                0x10003554                __wrap___aeabi_idivmod
                0x10003554                divmod_s32s32
                0x10003554                div_s32s32
                0x10003554                __wrap___aeabi_idiv
                0x1000355c                divmod_s32s32_unsafe
                0x10003588                divmod_s32s32_savestate
 .text.__wrap___aeabi_uidiv
                0x100035a4       0x4c deneme/CMakeFiles/deneme.dir/C_/Program_Files/Raspberry_Pi/Pico_SDK_v1.5.1/pico-sdk/src/rp2_common/pico_divider/divider.S.obj
                0x100035a4                __wrap___aeabi_uidiv
                0x100035a4                __wrap___aeabi_uidivmod
                0x100035a4                div_u32u32
                0x100035a4                divmod_u32u32
                0x100035ac                divmod_u32u32_unsafe
                0x100035d4                divmod_u32u32_savestate
 .text.__wrap___aeabi_ldiv
                0x100035f0      0x424 deneme/CMakeFiles/deneme.dir/C_/Program_Files/Raspberry_Pi/Pico_SDK_v1.5.1/pico-sdk/src/rp2_common/pico_divider/divider.S.obj
                0x100035f0                div_s64s64
                0x100035f0                divmod_s64s64
                0x100035f0                __wrap___aeabi_ldivmod
                0x10003620                divmod_u64u64
                0x10003620                div_u64u64
                0x10003620                __wrap___aeabi_uldivmod
                0x10003630                divmod_u64u64_savestate
                0x10003650                divmod_s64s64_unsafe
                0x100036d8                divmod_u64u64_unsafe
 .text.__wrap___aeabi_darithmetic
                0x10003a14       0x80 deneme/CMakeFiles/deneme.dir/C_/Program_Files/Raspberry_Pi/Pico_SDK_v1.5.1/pico-sdk/src/rp2_common/pico_double/double_aeabi.S.obj
                0x10003a14                __wrap___aeabi_drsub
                0x10003a1a                __wrap___aeabi_dsub
                0x10003a2c                __wrap___aeabi_dadd
                0x10003a3e                __wrap___aeabi_ddiv
                0x10003a7a                __wrap___aeabi_dmul
 .text.__wrap___aeabi_cdcmple
                0x10003a94       0x6c deneme/CMakeFiles/deneme.dir/C_/Program_Files/Raspberry_Pi/Pico_SDK_v1.5.1/pico-sdk/src/rp2_common/pico_double/double_aeabi.S.obj
                0x10003a94                __wrap___aeabi_cdrcmple
                0x10003aa4                __wrap___aeabi_cdcmpeq
                0x10003aa4                __wrap___aeabi_cdcmple
 .text.__wrap___aeabi_dcmplt
                0x10003b00        0xc deneme/CMakeFiles/deneme.dir/C_/Program_Files/Raspberry_Pi/Pico_SDK_v1.5.1/pico-sdk/src/rp2_common/pico_double/double_aeabi.S.obj
                0x10003b00                __wrap___aeabi_dcmplt
 .text.__wrap___aeabi_dcmple
                0x10003b0c       0x10 deneme/CMakeFiles/deneme.dir/C_/Program_Files/Raspberry_Pi/Pico_SDK_v1.5.1/pico-sdk/src/rp2_common/pico_double/double_aeabi.S.obj
                0x10003b0c                __wrap___aeabi_dcmple
 .text.__wrap___aeabi_dcmpge
                0x10003b1c       0x10 deneme/CMakeFiles/deneme.dir/C_/Program_Files/Raspberry_Pi/Pico_SDK_v1.5.1/pico-sdk/src/rp2_common/pico_double/double_aeabi.S.obj
                0x10003b1c                __wrap___aeabi_dcmpge
 .text.__wrap___aeabi_dcmpgt
                0x10003b2c        0xa deneme/CMakeFiles/deneme.dir/C_/Program_Files/Raspberry_Pi/Pico_SDK_v1.5.1/pico-sdk/src/rp2_common/pico_double/double_aeabi.S.obj
                0x10003b2c                __wrap___aeabi_dcmpgt
 .text.__wrap___aeabi_dcmpun
                0x10003b36       0x1c deneme/CMakeFiles/deneme.dir/C_/Program_Files/Raspberry_Pi/Pico_SDK_v1.5.1/pico-sdk/src/rp2_common/pico_double/double_aeabi.S.obj
                0x10003b36                __wrap___aeabi_dcmpun
 *fill*         0x10003b52        0x2 
 .text.__wrap___aeabi_i2d
                0x10003b54       0x38 deneme/CMakeFiles/deneme.dir/C_/Program_Files/Raspberry_Pi/Pico_SDK_v1.5.1/pico-sdk/src/rp2_common/pico_double/double_aeabi.S.obj
                0x10003b54                __wrap___aeabi_ui2d
                0x10003b5c                __wrap___aeabi_i2d
 .text.__wrap___aeabi_d2iz
                0x10003b8c       0x48 deneme/CMakeFiles/deneme.dir/C_/Program_Files/Raspberry_Pi/Pico_SDK_v1.5.1/pico-sdk/src/rp2_common/pico_double/double_aeabi.S.obj
                0x10003b8c                double2int_z
                0x10003b8c                __wrap___aeabi_d2iz
 .text.__wrap___aeabi_d2uiz
                0x10003bd4       0x18 deneme/CMakeFiles/deneme.dir/C_/Program_Files/Raspberry_Pi/Pico_SDK_v1.5.1/pico-sdk/src/rp2_common/pico_double/double_aeabi.S.obj
                0x10003bd4                __wrap___aeabi_d2uiz
                0x10003bd4                double2uint
 .text.__aeabi_double_init
                0x10003bec       0xc8 deneme/CMakeFiles/deneme.dir/C_/Program_Files/Raspberry_Pi/Pico_SDK_v1.5.1/pico-sdk/src/rp2_common/pico_double/double_init_rom.c.obj
                0x10003bec                __aeabi_double_init
 .text.double_table_shim_on_use_helper
                0x10003cb4       0x34 deneme/CMakeFiles/deneme.dir/C_/Program_Files/Raspberry_Pi/Pico_SDK_v1.5.1/pico-sdk/src/rp2_common/pico_double/double_v1_rom_shim.S.obj
                0x10003cb4                double_table_shim_on_use_helper
 .text.__wrap___aeabi_dsub
                0x10003ce8       0x10 deneme/CMakeFiles/deneme.dir/C_/Program_Files/Raspberry_Pi/Pico_SDK_v1.5.1/pico-sdk/src/rp2_common/pico_double/double_v1_rom_shim.S.obj
                0x10003ce8                drsub_shim
                0x10003cee                dsub_shim
 .text.dadd_shim
                0x10003cf8      0x15c deneme/CMakeFiles/deneme.dir/C_/Program_Files/Raspberry_Pi/Pico_SDK_v1.5.1/pico-sdk/src/rp2_common/pico_double/double_v1_rom_shim.S.obj
                0x10003cf8                dadd_shim
 .text.dmul_shim
                0x10003e54      0x15c deneme/CMakeFiles/deneme.dir/C_/Program_Files/Raspberry_Pi/Pico_SDK_v1.5.1/pico-sdk/src/rp2_common/pico_double/double_v1_rom_shim.S.obj
                0x10003e54                dmul_shim
 .text.ddiv_shim
                0x10003fb0      0x1b0 deneme/CMakeFiles/deneme.dir/C_/Program_Files/Raspberry_Pi/Pico_SDK_v1.5.1/pico-sdk/src/rp2_common/pico_double/double_v1_rom_shim.S.obj
                0x10003fb0                ddiv_shim
 .text.double2uint_shim
                0x10004160        0xe deneme/CMakeFiles/deneme.dir/C_/Program_Files/Raspberry_Pi/Pico_SDK_v1.5.1/pico-sdk/src/rp2_common/pico_double/double_v1_rom_shim.S.obj
                0x10004160                double2uint_shim
                0x10004162                double2ufix_shim
 *fill*         0x1000416e        0x2 
 .text.double2uint64_shim
                0x10004170       0x70 deneme/CMakeFiles/deneme.dir/C_/Program_Files/Raspberry_Pi/Pico_SDK_v1.5.1/pico-sdk/src/rp2_common/pico_double/double_v1_rom_shim.S.obj
                0x10004170                double2uint64_shim
                0x10004172                double2ufix64_shim
                0x10004192                d2fix_a
 .text.dunpacks
                0x100041e0       0x3c deneme/CMakeFiles/deneme.dir/C_/Program_Files/Raspberry_Pi/Pico_SDK_v1.5.1/pico-sdk/src/rp2_common/pico_double/double_v1_rom_shim.S.obj
                0x100041e0                dunpacks
 .text.__aeabi_lmul
                0x1000421c       0x32 deneme/CMakeFiles/deneme.dir/C_/Program_Files/Raspberry_Pi/Pico_SDK_v1.5.1/pico-sdk/src/rp2_common/pico_int64_ops/pico_int64_ops_aeabi.S.obj
                0x1000421c                __wrap___aeabi_lmul
 *fill*         0x1000424e        0x2 
 .text.__aeabi_float_init
                0x10004250       0xfc deneme/CMakeFiles/deneme.dir/C_/Program_Files/Raspberry_Pi/Pico_SDK_v1.5.1/pico-sdk/src/rp2_common/pico_float/float_init_rom.c.obj
                0x10004250                __aeabi_float_init
 .text.float_table_shim_on_use_helper
                0x1000434c       0x34 deneme/CMakeFiles/deneme.dir/C_/Program_Files/Raspberry_Pi/Pico_SDK_v1.5.1/pico-sdk/src/rp2_common/pico_float/float_v1_rom_shim.S.obj
                0x1000434c                float_table_shim_on_use_helper
 .text          0x10004380       0x10 deneme/CMakeFiles/deneme.dir/C_/Program_Files/Raspberry_Pi/Pico_SDK_v1.5.1/pico-sdk/src/rp2_common/pico_mem_ops/mem_ops_aeabi.S.obj
                0x10004380                __aeabi_mem_init
 .text.memset   0x10004390        0xc deneme/CMakeFiles/deneme.dir/C_/Program_Files/Raspberry_Pi/Pico_SDK_v1.5.1/pico-sdk/src/rp2_common/pico_mem_ops/mem_ops_aeabi.S.obj
                0x10004390                __wrap_memset
 .text.memcpy   0x1000439c        0xc deneme/CMakeFiles/deneme.dir/C_/Program_Files/Raspberry_Pi/Pico_SDK_v1.5.1/pico-sdk/src/rp2_common/pico_mem_ops/mem_ops_aeabi.S.obj
                0x1000439c                __wrap_memcpy
                0x1000439c                __wrap___aeabi_memcpy
 .text.stdio_out_chars_no_crlf
                0x100043a8        0xe deneme/CMakeFiles/deneme.dir/C_/Program_Files/Raspberry_Pi/Pico_SDK_v1.5.1/pico-sdk/src/rp2_common/pico_stdio/stdio.c.obj
 *fill*         0x100043b6        0x2 
 .text.stdio_out_chars_crlf
                0x100043b8       0x80 deneme/CMakeFiles/deneme.dir/C_/Program_Files/Raspberry_Pi/Pico_SDK_v1.5.1/pico-sdk/src/rp2_common/pico_stdio/stdio.c.obj
 .text.stdio_stack_buffer_flush
                0x10004438       0x44 deneme/CMakeFiles/deneme.dir/C_/Program_Files/Raspberry_Pi/Pico_SDK_v1.5.1/pico-sdk/src/rp2_common/pico_stdio/stdio.c.obj
 .text.stdio_buffered_printer
                0x1000447c       0x20 deneme/CMakeFiles/deneme.dir/C_/Program_Files/Raspberry_Pi/Pico_SDK_v1.5.1/pico-sdk/src/rp2_common/pico_stdio/stdio.c.obj
 .text.stdout_serialize_begin
                0x1000449c       0x5c deneme/CMakeFiles/deneme.dir/C_/Program_Files/Raspberry_Pi/Pico_SDK_v1.5.1/pico-sdk/src/rp2_common/pico_stdio/stdio.c.obj
                0x1000449c                stdout_serialize_begin
 .text.stdout_serialize_end
                0x100044f8       0x10 deneme/CMakeFiles/deneme.dir/C_/Program_Files/Raspberry_Pi/Pico_SDK_v1.5.1/pico-sdk/src/rp2_common/pico_stdio/stdio.c.obj
                0x100044f8                stdout_serialize_end
 .text.stdio_put_string
                0x10004508       0x98 deneme/CMakeFiles/deneme.dir/C_/Program_Files/Raspberry_Pi/Pico_SDK_v1.5.1/pico-sdk/src/rp2_common/pico_stdio/stdio.c.obj
 .text.stdio_set_driver_enabled
                0x100045a0       0x2c deneme/CMakeFiles/deneme.dir/C_/Program_Files/Raspberry_Pi/Pico_SDK_v1.5.1/pico-sdk/src/rp2_common/pico_stdio/stdio.c.obj
                0x100045a0                stdio_set_driver_enabled
 .text.stdio_flush
                0x100045cc       0x20 deneme/CMakeFiles/deneme.dir/C_/Program_Files/Raspberry_Pi/Pico_SDK_v1.5.1/pico-sdk/src/rp2_common/pico_stdio/stdio.c.obj
                0x100045cc                stdio_flush
 .text.__wrap_puts
                0x100045ec       0x1e deneme/CMakeFiles/deneme.dir/C_/Program_Files/Raspberry_Pi/Pico_SDK_v1.5.1/pico-sdk/src/rp2_common/pico_stdio/stdio.c.obj
                0x100045ec                __wrap_puts
 *fill*         0x1000460a        0x2 
 .text.__wrap_vprintf
                0x1000460c       0x40 deneme/CMakeFiles/deneme.dir/C_/Program_Files/Raspberry_Pi/Pico_SDK_v1.5.1/pico-sdk/src/rp2_common/pico_stdio/stdio.c.obj
                0x1000460c                __wrap_vprintf
 .text.__wrap_printf
                0x1000464c       0x18 deneme/CMakeFiles/deneme.dir/C_/Program_Files/Raspberry_Pi/Pico_SDK_v1.5.1/pico-sdk/src/rp2_common/pico_stdio/stdio.c.obj
                0x1000464c                __wrap_printf
 .text.stdio_init_all
                0x10004664        0x8 deneme/CMakeFiles/deneme.dir/C_/Program_Files/Raspberry_Pi/Pico_SDK_v1.5.1/pico-sdk/src/rp2_common/pico_stdio/stdio.c.obj
                0x10004664                stdio_init_all
 .text.resetd_init
                0x1000466c        0x2 deneme/CMakeFiles/deneme.dir/C_/Program_Files/Raspberry_Pi/Pico_SDK_v1.5.1/pico-sdk/src/rp2_common/pico_stdio_usb/reset_interface.c.obj
 *fill*         0x1000466e        0x2 
 .text.resetd_reset
                0x10004670        0xc deneme/CMakeFiles/deneme.dir/C_/Program_Files/Raspberry_Pi/Pico_SDK_v1.5.1/pico-sdk/src/rp2_common/pico_stdio_usb/reset_interface.c.obj
 .text.resetd_open
                0x1000467c       0x34 deneme/CMakeFiles/deneme.dir/C_/Program_Files/Raspberry_Pi/Pico_SDK_v1.5.1/pico-sdk/src/rp2_common/pico_stdio_usb/reset_interface.c.obj
 .text.resetd_xfer_cb
                0x100046b0        0x4 deneme/CMakeFiles/deneme.dir/C_/Program_Files/Raspberry_Pi/Pico_SDK_v1.5.1/pico-sdk/src/rp2_common/pico_stdio_usb/reset_interface.c.obj
 .text.reset_usb_boot
                0x100046b4       0x18 deneme/CMakeFiles/deneme.dir/C_/Program_Files/Raspberry_Pi/Pico_SDK_v1.5.1/pico-sdk/src/rp2_common/pico_stdio_usb/reset_interface.c.obj
 .text.resetd_control_xfer_cb
                0x100046cc       0x5c deneme/CMakeFiles/deneme.dir/C_/Program_Files/Raspberry_Pi/Pico_SDK_v1.5.1/pico-sdk/src/rp2_common/pico_stdio_usb/reset_interface.c.obj
 .text.usbd_app_driver_get_cb
                0x10004728        0xc deneme/CMakeFiles/deneme.dir/C_/Program_Files/Raspberry_Pi/Pico_SDK_v1.5.1/pico-sdk/src/rp2_common/pico_stdio_usb/reset_interface.c.obj
                0x10004728                usbd_app_driver_get_cb
 .text.tud_cdc_line_coding_cb
                0x10004734       0x28 deneme/CMakeFiles/deneme.dir/C_/Program_Files/Raspberry_Pi/Pico_SDK_v1.5.1/pico-sdk/src/rp2_common/pico_stdio_usb/reset_interface.c.obj
                0x10004734                tud_cdc_line_coding_cb
 .text.stdio_usb_set_chars_available_callback
                0x1000475c       0x14 deneme/CMakeFiles/deneme.dir/C_/Program_Files/Raspberry_Pi/Pico_SDK_v1.5.1/pico-sdk/src/rp2_common/pico_stdio_usb/stdio_usb.c.obj
                0x1000475c                stdio_usb_set_chars_available_callback
 .text.usb_irq  0x10004770       0x10 deneme/CMakeFiles/deneme.dir/C_/Program_Files/Raspberry_Pi/Pico_SDK_v1.5.1/pico-sdk/src/rp2_common/pico_stdio_usb/stdio_usb.c.obj
 .text.timer_task
                0x10004780       0x5c deneme/CMakeFiles/deneme.dir/C_/Program_Files/Raspberry_Pi/Pico_SDK_v1.5.1/pico-sdk/src/rp2_common/pico_stdio_usb/stdio_usb.c.obj
 .text.low_priority_worker_irq
                0x100047dc       0xdc deneme/CMakeFiles/deneme.dir/C_/Program_Files/Raspberry_Pi/Pico_SDK_v1.5.1/pico-sdk/src/rp2_common/pico_stdio_usb/stdio_usb.c.obj
 .text.tud_cdc_rx_cb
                0x100048b8       0x20 deneme/CMakeFiles/deneme.dir/C_/Program_Files/Raspberry_Pi/Pico_SDK_v1.5.1/pico-sdk/src/rp2_common/pico_stdio_usb/stdio_usb.c.obj
                0x100048b8                tud_cdc_rx_cb
 .text.stdio_usb_init
                0x100048d8      0x11c deneme/CMakeFiles/deneme.dir/C_/Program_Files/Raspberry_Pi/Pico_SDK_v1.5.1/pico-sdk/src/rp2_common/pico_stdio_usb/stdio_usb.c.obj
                0x100048d8                stdio_usb_init
 .text.stdio_usb_connected
                0x100049f4        0xa deneme/CMakeFiles/deneme.dir/C_/Program_Files/Raspberry_Pi/Pico_SDK_v1.5.1/pico-sdk/src/rp2_common/pico_stdio_usb/stdio_usb.c.obj
                0x100049f4                stdio_usb_connected
 *fill*         0x100049fe        0x2 
 .text.stdio_usb_in_chars
                0x10004a00       0xc4 deneme/CMakeFiles/deneme.dir/C_/Program_Files/Raspberry_Pi/Pico_SDK_v1.5.1/pico-sdk/src/rp2_common/pico_stdio_usb/stdio_usb.c.obj
                0x10004a00                stdio_usb_in_chars
 .text.stdio_usb_out_chars
                0x10004ac4      0x114 deneme/CMakeFiles/deneme.dir/C_/Program_Files/Raspberry_Pi/Pico_SDK_v1.5.1/pico-sdk/src/rp2_common/pico_stdio_usb/stdio_usb.c.obj
 .text.tud_descriptor_device_cb
                0x10004bd8        0x8 deneme/CMakeFiles/deneme.dir/C_/Program_Files/Raspberry_Pi/Pico_SDK_v1.5.1/pico-sdk/src/rp2_common/pico_stdio_usb/stdio_usb_descriptors.c.obj
                0x10004bd8                tud_descriptor_device_cb
 .text.tud_descriptor_configuration_cb
                0x10004be0        0x8 deneme/CMakeFiles/deneme.dir/C_/Program_Files/Raspberry_Pi/Pico_SDK_v1.5.1/pico-sdk/src/rp2_common/pico_stdio_usb/stdio_usb_descriptors.c.obj
                0x10004be0                tud_descriptor_configuration_cb
 .text.tud_descriptor_string_cb
                0x10004be8       0x6c deneme/CMakeFiles/deneme.dir/C_/Program_Files/Raspberry_Pi/Pico_SDK_v1.5.1/pico-sdk/src/rp2_common/pico_stdio_usb/stdio_usb_descriptors.c.obj
                0x10004be8                tud_descriptor_string_cb
 .text._retrieve_unique_id_on_boot
                0x10004c54       0x10 deneme/CMakeFiles/deneme.dir/C_/Program_Files/Raspberry_Pi/Pico_SDK_v1.5.1/pico-sdk/src/rp2_common/pico_unique_id/unique_id.c.obj
 .text.pico_get_unique_board_id_string
                0x10004c64       0x60 deneme/CMakeFiles/deneme.dir/C_/Program_Files/Raspberry_Pi/Pico_SDK_v1.5.1/pico-sdk/src/rp2_common/pico_unique_id/unique_id.c.obj
                0x10004c64                pico_get_unique_board_id_string
 .text.flash_get_unique_id
                0x10004cc4       0x46 deneme/CMakeFiles/deneme.dir/C_/Program_Files/Raspberry_Pi/Pico_SDK_v1.5.1/pico-sdk/src/rp2_common/hardware_flash/flash.c.obj
                0x10004cc4                flash_get_unique_id
 *fill*         0x10004d0a        0x2 
 .text.hw_endpoint_get_by_addr
                0x10004d0c       0x18 deneme/CMakeFiles/deneme.dir/C_/Program_Files/Raspberry_Pi/Pico_SDK_v1.5.1/pico-sdk/lib/tinyusb/src/portable/raspberrypi/rp2040/dcd_rp2040.c.obj
 .text._hw_endpoint_alloc
                0x10004d24       0x70 deneme/CMakeFiles/deneme.dir/C_/Program_Files/Raspberry_Pi/Pico_SDK_v1.5.1/pico-sdk/lib/tinyusb/src/portable/raspberrypi/rp2040/dcd_rp2040.c.obj
 .text.hw_endpoint_init
                0x10004d94       0x88 deneme/CMakeFiles/deneme.dir/C_/Program_Files/Raspberry_Pi/Pico_SDK_v1.5.1/pico-sdk/lib/tinyusb/src/portable/raspberrypi/rp2040/dcd_rp2040.c.obj
 .text.hw_endpoint_xfer
                0x10004e1c       0x14 deneme/CMakeFiles/deneme.dir/C_/Program_Files/Raspberry_Pi/Pico_SDK_v1.5.1/pico-sdk/lib/tinyusb/src/portable/raspberrypi/rp2040/dcd_rp2040.c.obj
 .text.dcd_int_enable
                0x10004e30       0x2c deneme/CMakeFiles/deneme.dir/C_/Program_Files/Raspberry_Pi/Pico_SDK_v1.5.1/pico-sdk/lib/tinyusb/src/portable/raspberrypi/rp2040/dcd_rp2040.c.obj
                0x10004e30                dcd_int_enable
 .text.dcd_set_address
                0x10004e5c       0x2c deneme/CMakeFiles/deneme.dir/C_/Program_Files/Raspberry_Pi/Pico_SDK_v1.5.1/pico-sdk/lib/tinyusb/src/portable/raspberrypi/rp2040/dcd_rp2040.c.obj
                0x10004e5c                dcd_set_address
 .text.dcd_connect
                0x10004e88       0x10 deneme/CMakeFiles/deneme.dir/C_/Program_Files/Raspberry_Pi/Pico_SDK_v1.5.1/pico-sdk/lib/tinyusb/src/portable/raspberrypi/rp2040/dcd_rp2040.c.obj
                0x10004e88                dcd_connect
 .text.dcd_init
                0x10004e98       0x80 deneme/CMakeFiles/deneme.dir/C_/Program_Files/Raspberry_Pi/Pico_SDK_v1.5.1/pico-sdk/lib/tinyusb/src/portable/raspberrypi/rp2040/dcd_rp2040.c.obj
                0x10004e98                dcd_init
 .text.dcd_edpt0_status_complete
                0x10004f18       0x1c deneme/CMakeFiles/deneme.dir/C_/Program_Files/Raspberry_Pi/Pico_SDK_v1.5.1/pico-sdk/lib/tinyusb/src/portable/raspberrypi/rp2040/dcd_rp2040.c.obj
                0x10004f18                dcd_edpt0_status_complete
 .text.dcd_edpt_open
                0x10004f34       0x40 deneme/CMakeFiles/deneme.dir/C_/Program_Files/Raspberry_Pi/Pico_SDK_v1.5.1/pico-sdk/lib/tinyusb/src/portable/raspberrypi/rp2040/dcd_rp2040.c.obj
                0x10004f34                dcd_edpt_open
 .text.dcd_edpt_close_all
                0x10004f74        0x8 deneme/CMakeFiles/deneme.dir/C_/Program_Files/Raspberry_Pi/Pico_SDK_v1.5.1/pico-sdk/lib/tinyusb/src/portable/raspberrypi/rp2040/dcd_rp2040.c.obj
                0x10004f74                dcd_edpt_close_all
 .text.dcd_edpt_xfer
                0x10004f7c       0x34 deneme/CMakeFiles/deneme.dir/C_/Program_Files/Raspberry_Pi/Pico_SDK_v1.5.1/pico-sdk/lib/tinyusb/src/portable/raspberrypi/rp2040/dcd_rp2040.c.obj
                0x10004f7c                dcd_edpt_xfer
 .text.dcd_edpt_stall
                0x10004fb0       0x2c deneme/CMakeFiles/deneme.dir/C_/Program_Files/Raspberry_Pi/Pico_SDK_v1.5.1/pico-sdk/lib/tinyusb/src/portable/raspberrypi/rp2040/dcd_rp2040.c.obj
                0x10004fb0                dcd_edpt_stall
 .text.dcd_edpt_clear_stall
                0x10004fdc       0x20 deneme/CMakeFiles/deneme.dir/C_/Program_Files/Raspberry_Pi/Pico_SDK_v1.5.1/pico-sdk/lib/tinyusb/src/portable/raspberrypi/rp2040/dcd_rp2040.c.obj
                0x10004fdc                dcd_edpt_clear_stall
 .text.rp2040_usb_init
                0x10004ffc       0x4c deneme/CMakeFiles/deneme.dir/C_/Program_Files/Raspberry_Pi/Pico_SDK_v1.5.1/pico-sdk/lib/tinyusb/src/portable/raspberrypi/rp2040/rp2040_usb.c.obj
                0x10004ffc                rp2040_usb_init
 .text.hw_endpoint_xfer_start
                0x10005048       0x50 deneme/CMakeFiles/deneme.dir/C_/Program_Files/Raspberry_Pi/Pico_SDK_v1.5.1/pico-sdk/lib/tinyusb/src/portable/raspberrypi/rp2040/rp2040_usb.c.obj
                0x10005048                hw_endpoint_xfer_start
 .text.configuration_reset
                0x10005098       0x84 deneme/CMakeFiles/deneme.dir/C_/Program_Files/Raspberry_Pi/Pico_SDK_v1.5.1/pico-sdk/lib/tinyusb/src/device/usbd.c.obj
 .text.usbd_reset
                0x1000511c        0xc deneme/CMakeFiles/deneme.dir/C_/Program_Files/Raspberry_Pi/Pico_SDK_v1.5.1/pico-sdk/lib/tinyusb/src/device/usbd.c.obj
 .text.invoke_class_control
                0x10005128       0x1a deneme/CMakeFiles/deneme.dir/C_/Program_Files/Raspberry_Pi/Pico_SDK_v1.5.1/pico-sdk/lib/tinyusb/src/device/usbd.c.obj
 *fill*         0x10005142        0x2 
 .text.process_set_config
                0x10005144      0x178 deneme/CMakeFiles/deneme.dir/C_/Program_Files/Raspberry_Pi/Pico_SDK_v1.5.1/pico-sdk/lib/tinyusb/src/device/usbd.c.obj
 .text.process_get_descriptor
                0x100052bc       0xdc deneme/CMakeFiles/deneme.dir/C_/Program_Files/Raspberry_Pi/Pico_SDK_v1.5.1/pico-sdk/lib/tinyusb/src/device/usbd.c.obj
 .text.tud_mounted
                0x10005398       0x10 deneme/CMakeFiles/deneme.dir/C_/Program_Files/Raspberry_Pi/Pico_SDK_v1.5.1/pico-sdk/lib/tinyusb/src/device/usbd.c.obj
                0x10005398                tud_mounted
 .text.tud_suspended
                0x100053a8       0x10 deneme/CMakeFiles/deneme.dir/C_/Program_Files/Raspberry_Pi/Pico_SDK_v1.5.1/pico-sdk/lib/tinyusb/src/device/usbd.c.obj
                0x100053a8                tud_suspended
 .text.tud_inited
                0x100053b8       0x14 deneme/CMakeFiles/deneme.dir/C_/Program_Files/Raspberry_Pi/Pico_SDK_v1.5.1/pico-sdk/lib/tinyusb/src/device/usbd.c.obj
                0x100053b8                tud_inited
 .text.tud_init
                0x100053cc       0xcc deneme/CMakeFiles/deneme.dir/C_/Program_Files/Raspberry_Pi/Pico_SDK_v1.5.1/pico-sdk/lib/tinyusb/src/device/usbd.c.obj
                0x100053cc                tud_init
 .text.usbd_defer_func
                0x10005498       0x2a deneme/CMakeFiles/deneme.dir/C_/Program_Files/Raspberry_Pi/Pico_SDK_v1.5.1/pico-sdk/lib/tinyusb/src/device/usbd.c.obj
                0x10005498                usbd_defer_func
 *fill*         0x100054c2        0x2 
 .text.usbd_edpt_open
                0x100054c4       0x34 deneme/CMakeFiles/deneme.dir/C_/Program_Files/Raspberry_Pi/Pico_SDK_v1.5.1/pico-sdk/lib/tinyusb/src/device/usbd.c.obj
                0x100054c4                usbd_edpt_open
 .text.usbd_open_edpt_pair
                0x100054f8       0x62 deneme/CMakeFiles/deneme.dir/C_/Program_Files/Raspberry_Pi/Pico_SDK_v1.5.1/pico-sdk/lib/tinyusb/src/device/usbd.c.obj
                0x100054f8                usbd_open_edpt_pair
 *fill*         0x1000555a        0x2 
 .text.usbd_edpt_claim
                0x1000555c       0x28 deneme/CMakeFiles/deneme.dir/C_/Program_Files/Raspberry_Pi/Pico_SDK_v1.5.1/pico-sdk/lib/tinyusb/src/device/usbd.c.obj
                0x1000555c                usbd_edpt_claim
 .text.usbd_edpt_release
                0x10005584       0x28 deneme/CMakeFiles/deneme.dir/C_/Program_Files/Raspberry_Pi/Pico_SDK_v1.5.1/pico-sdk/lib/tinyusb/src/device/usbd.c.obj
                0x10005584                usbd_edpt_release
 .text.usbd_edpt_xfer
                0x100055ac       0x78 deneme/CMakeFiles/deneme.dir/C_/Program_Files/Raspberry_Pi/Pico_SDK_v1.5.1/pico-sdk/lib/tinyusb/src/device/usbd.c.obj
                0x100055ac                usbd_edpt_xfer
 .text.usbd_edpt_stall
                0x10005624       0x48 deneme/CMakeFiles/deneme.dir/C_/Program_Files/Raspberry_Pi/Pico_SDK_v1.5.1/pico-sdk/lib/tinyusb/src/device/usbd.c.obj
                0x10005624                usbd_edpt_stall
 .text.usbd_edpt_clear_stall
                0x1000566c       0x48 deneme/CMakeFiles/deneme.dir/C_/Program_Files/Raspberry_Pi/Pico_SDK_v1.5.1/pico-sdk/lib/tinyusb/src/device/usbd.c.obj
                0x1000566c                usbd_edpt_clear_stall
 .text.usbd_edpt_stalled
                0x100056b4       0x1c deneme/CMakeFiles/deneme.dir/C_/Program_Files/Raspberry_Pi/Pico_SDK_v1.5.1/pico-sdk/lib/tinyusb/src/device/usbd.c.obj
                0x100056b4                usbd_edpt_stalled
 .text.process_control_request
                0x100056d0      0x37c deneme/CMakeFiles/deneme.dir/C_/Program_Files/Raspberry_Pi/Pico_SDK_v1.5.1/pico-sdk/lib/tinyusb/src/device/usbd.c.obj
 .text.tud_task_ext
                0x10005a4c      0x1b8 deneme/CMakeFiles/deneme.dir/C_/Program_Files/Raspberry_Pi/Pico_SDK_v1.5.1/pico-sdk/lib/tinyusb/src/device/usbd.c.obj
                0x10005a4c                tud_task_ext
 .text._data_stage_xact
                0x10005c04       0x58 deneme/CMakeFiles/deneme.dir/C_/Program_Files/Raspberry_Pi/Pico_SDK_v1.5.1/pico-sdk/lib/tinyusb/src/device/usbd_control.c.obj
 .text.tud_control_status
                0x10005c5c       0x38 deneme/CMakeFiles/deneme.dir/C_/Program_Files/Raspberry_Pi/Pico_SDK_v1.5.1/pico-sdk/lib/tinyusb/src/device/usbd_control.c.obj
                0x10005c5c                tud_control_status
 .text.tud_control_xfer
                0x10005c94       0x74 deneme/CMakeFiles/deneme.dir/C_/Program_Files/Raspberry_Pi/Pico_SDK_v1.5.1/pico-sdk/lib/tinyusb/src/device/usbd_control.c.obj
                0x10005c94                tud_control_xfer
 .text.usbd_control_reset
                0x10005d08       0x14 deneme/CMakeFiles/deneme.dir/C_/Program_Files/Raspberry_Pi/Pico_SDK_v1.5.1/pico-sdk/lib/tinyusb/src/device/usbd_control.c.obj
                0x10005d08                usbd_control_reset
 .text.usbd_control_set_complete_callback
                0x10005d1c        0xc deneme/CMakeFiles/deneme.dir/C_/Program_Files/Raspberry_Pi/Pico_SDK_v1.5.1/pico-sdk/lib/tinyusb/src/device/usbd_control.c.obj
                0x10005d1c                usbd_control_set_complete_callback
 .text.usbd_control_set_request
                0x10005d28       0x1c deneme/CMakeFiles/deneme.dir/C_/Program_Files/Raspberry_Pi/Pico_SDK_v1.5.1/pico-sdk/lib/tinyusb/src/device/usbd_control.c.obj
                0x10005d28                usbd_control_set_request
 .text.usbd_control_xfer_cb
                0x10005d44       0xcc deneme/CMakeFiles/deneme.dir/C_/Program_Files/Raspberry_Pi/Pico_SDK_v1.5.1/pico-sdk/lib/tinyusb/src/device/usbd_control.c.obj
                0x10005d44                usbd_control_xfer_cb
 .text._prep_out_transaction
                0x10005e10       0x4a deneme/CMakeFiles/deneme.dir/C_/Program_Files/Raspberry_Pi/Pico_SDK_v1.5.1/pico-sdk/lib/tinyusb/src/class/cdc/cdc_device.c.obj
 *fill*         0x10005e5a        0x2 
 .text.tud_cdc_n_connected
                0x10005e5c       0x44 deneme/CMakeFiles/deneme.dir/C_/Program_Files/Raspberry_Pi/Pico_SDK_v1.5.1/pico-sdk/lib/tinyusb/src/class/cdc/cdc_device.c.obj
                0x10005e5c                tud_cdc_n_connected
 .text.tud_cdc_n_available
                0x10005ea0       0x18 deneme/CMakeFiles/deneme.dir/C_/Program_Files/Raspberry_Pi/Pico_SDK_v1.5.1/pico-sdk/lib/tinyusb/src/class/cdc/cdc_device.c.obj
                0x10005ea0                tud_cdc_n_available
 .text.tud_cdc_n_read
                0x10005eb8       0x28 deneme/CMakeFiles/deneme.dir/C_/Program_Files/Raspberry_Pi/Pico_SDK_v1.5.1/pico-sdk/lib/tinyusb/src/class/cdc/cdc_device.c.obj
                0x10005eb8                tud_cdc_n_read
 .text.tud_cdc_n_write_flush
                0x10005ee0       0xb8 deneme/CMakeFiles/deneme.dir/C_/Program_Files/Raspberry_Pi/Pico_SDK_v1.5.1/pico-sdk/lib/tinyusb/src/class/cdc/cdc_device.c.obj
                0x10005ee0                tud_cdc_n_write_flush
 .text.tud_cdc_n_write
                0x10005f98       0x38 deneme/CMakeFiles/deneme.dir/C_/Program_Files/Raspberry_Pi/Pico_SDK_v1.5.1/pico-sdk/lib/tinyusb/src/class/cdc/cdc_device.c.obj
                0x10005f98                tud_cdc_n_write
 .text.tud_cdc_n_write_available
                0x10005fd0       0x1c deneme/CMakeFiles/deneme.dir/C_/Program_Files/Raspberry_Pi/Pico_SDK_v1.5.1/pico-sdk/lib/tinyusb/src/class/cdc/cdc_device.c.obj
                0x10005fd0                tud_cdc_n_write_available
 .text.cdcd_init
                0x10005fec       0xbc deneme/CMakeFiles/deneme.dir/C_/Program_Files/Raspberry_Pi/Pico_SDK_v1.5.1/pico-sdk/lib/tinyusb/src/class/cdc/cdc_device.c.obj
                0x10005fec                cdcd_init
 .text.cdcd_reset
                0x100060a8       0x44 deneme/CMakeFiles/deneme.dir/C_/Program_Files/Raspberry_Pi/Pico_SDK_v1.5.1/pico-sdk/lib/tinyusb/src/class/cdc/cdc_device.c.obj
                0x100060a8                cdcd_reset
 .text.cdcd_open
                0x100060ec       0xcc deneme/CMakeFiles/deneme.dir/C_/Program_Files/Raspberry_Pi/Pico_SDK_v1.5.1/pico-sdk/lib/tinyusb/src/class/cdc/cdc_device.c.obj
                0x100060ec                cdcd_open
 .text.cdcd_control_xfer_cb
                0x100061b8      0x134 deneme/CMakeFiles/deneme.dir/C_/Program_Files/Raspberry_Pi/Pico_SDK_v1.5.1/pico-sdk/lib/tinyusb/src/class/cdc/cdc_device.c.obj
                0x100061b8                cdcd_control_xfer_cb
 .text.cdcd_xfer_cb
                0x100062ec      0x130 deneme/CMakeFiles/deneme.dir/C_/Program_Files/Raspberry_Pi/Pico_SDK_v1.5.1/pico-sdk/lib/tinyusb/src/class/cdc/cdc_device.c.obj
                0x100062ec                cdcd_xfer_cb
 .text.tusb_init
                0x1000641c        0xa deneme/CMakeFiles/deneme.dir/C_/Program_Files/Raspberry_Pi/Pico_SDK_v1.5.1/pico-sdk/lib/tinyusb/src/tusb.c.obj
                0x1000641c                tusb_init
 .text.tusb_inited
                0x10006426        0xe deneme/CMakeFiles/deneme.dir/C_/Program_Files/Raspberry_Pi/Pico_SDK_v1.5.1/pico-sdk/lib/tinyusb/src/tusb.c.obj
                0x10006426                tusb_inited
 .text.tu_edpt_claim
                0x10006434       0x50 deneme/CMakeFiles/deneme.dir/C_/Program_Files/Raspberry_Pi/Pico_SDK_v1.5.1/pico-sdk/lib/tinyusb/src/tusb.c.obj
                0x10006434                tu_edpt_claim
 .text.tu_edpt_release
                0x10006484       0x3c deneme/CMakeFiles/deneme.dir/C_/Program_Files/Raspberry_Pi/Pico_SDK_v1.5.1/pico-sdk/lib/tinyusb/src/tusb.c.obj
                0x10006484                tu_edpt_release
 .text.tu_edpt_validate
                0x100064c0       0x78 deneme/CMakeFiles/deneme.dir/C_/Program_Files/Raspberry_Pi/Pico_SDK_v1.5.1/pico-sdk/lib/tinyusb/src/tusb.c.obj
                0x100064c0                tu_edpt_validate
 .text.tu_edpt_bind_driver
                0x10006538       0x26 deneme/CMakeFiles/deneme.dir/C_/Program_Files/Raspberry_Pi/Pico_SDK_v1.5.1/pico-sdk/lib/tinyusb/src/tusb.c.obj
                0x10006538                tu_edpt_bind_driver
 .text.advance_index
                0x1000655e       0x1a deneme/CMakeFiles/deneme.dir/C_/Program_Files/Raspberry_Pi/Pico_SDK_v1.5.1/pico-sdk/lib/tinyusb/src/common/tusb_fifo.c.obj
 .text._tu_fifo_peek
                0x10006578       0x56 deneme/CMakeFiles/deneme.dir/C_/Program_Files/Raspberry_Pi/Pico_SDK_v1.5.1/pico-sdk/lib/tinyusb/src/common/tusb_fifo.c.obj
 .text._ff_pull_const_addr
                0x100065ce       0x4c deneme/CMakeFiles/deneme.dir/C_/Program_Files/Raspberry_Pi/Pico_SDK_v1.5.1/pico-sdk/lib/tinyusb/src/common/tusb_fifo.c.obj
 .text._ff_pull_n
                0x1000661a      0x110 deneme/CMakeFiles/deneme.dir/C_/Program_Files/Raspberry_Pi/Pico_SDK_v1.5.1/pico-sdk/lib/tinyusb/src/common/tusb_fifo.c.obj
 .text._tu_fifo_peek_n
                0x1000672a       0x6a deneme/CMakeFiles/deneme.dir/C_/Program_Files/Raspberry_Pi/Pico_SDK_v1.5.1/pico-sdk/lib/tinyusb/src/common/tusb_fifo.c.obj
 .text._tu_fifo_read_n
                0x10006794       0x4e deneme/CMakeFiles/deneme.dir/C_/Program_Files/Raspberry_Pi/Pico_SDK_v1.5.1/pico-sdk/lib/tinyusb/src/common/tusb_fifo.c.obj
 .text._ff_push_const_addr
                0x100067e2       0x40 deneme/CMakeFiles/deneme.dir/C_/Program_Files/Raspberry_Pi/Pico_SDK_v1.5.1/pico-sdk/lib/tinyusb/src/common/tusb_fifo.c.obj
 .text._ff_push_n
                0x10006822      0x10c deneme/CMakeFiles/deneme.dir/C_/Program_Files/Raspberry_Pi/Pico_SDK_v1.5.1/pico-sdk/lib/tinyusb/src/common/tusb_fifo.c.obj
 .text._tu_fifo_write_n
                0x1000692e       0xf0 deneme/CMakeFiles/deneme.dir/C_/Program_Files/Raspberry_Pi/Pico_SDK_v1.5.1/pico-sdk/lib/tinyusb/src/common/tusb_fifo.c.obj
 .text.tu_fifo_config
                0x10006a1e       0x7c deneme/CMakeFiles/deneme.dir/C_/Program_Files/Raspberry_Pi/Pico_SDK_v1.5.1/pico-sdk/lib/tinyusb/src/common/tusb_fifo.c.obj
                0x10006a1e                tu_fifo_config
 .text.tu_fifo_count
                0x10006a9a       0x2a deneme/CMakeFiles/deneme.dir/C_/Program_Files/Raspberry_Pi/Pico_SDK_v1.5.1/pico-sdk/lib/tinyusb/src/common/tusb_fifo.c.obj
                0x10006a9a                tu_fifo_count
 .text.tu_fifo_empty
                0x10006ac4       0x10 deneme/CMakeFiles/deneme.dir/C_/Program_Files/Raspberry_Pi/Pico_SDK_v1.5.1/pico-sdk/lib/tinyusb/src/common/tusb_fifo.c.obj
                0x10006ac4                tu_fifo_empty
 .text.tu_fifo_full
                0x10006ad4       0x28 deneme/CMakeFiles/deneme.dir/C_/Program_Files/Raspberry_Pi/Pico_SDK_v1.5.1/pico-sdk/lib/tinyusb/src/common/tusb_fifo.c.obj
                0x10006ad4                tu_fifo_full
 .text.tu_fifo_remaining
                0x10006afc       0x2c deneme/CMakeFiles/deneme.dir/C_/Program_Files/Raspberry_Pi/Pico_SDK_v1.5.1/pico-sdk/lib/tinyusb/src/common/tusb_fifo.c.obj
                0x10006afc                tu_fifo_remaining
 .text.tu_fifo_read
                0x10006b28       0x42 deneme/CMakeFiles/deneme.dir/C_/Program_Files/Raspberry_Pi/Pico_SDK_v1.5.1/pico-sdk/lib/tinyusb/src/common/tusb_fifo.c.obj
                0x10006b28                tu_fifo_read
 .text.tu_fifo_read_n
                0x10006b6a        0xa deneme/CMakeFiles/deneme.dir/C_/Program_Files/Raspberry_Pi/Pico_SDK_v1.5.1/pico-sdk/lib/tinyusb/src/common/tusb_fifo.c.obj
                0x10006b6a                tu_fifo_read_n
 .text.tu_fifo_write
                0x10006b74       0x64 deneme/CMakeFiles/deneme.dir/C_/Program_Files/Raspberry_Pi/Pico_SDK_v1.5.1/pico-sdk/lib/tinyusb/src/common/tusb_fifo.c.obj
                0x10006b74                tu_fifo_write
 .text.tu_fifo_write_n
                0x10006bd8        0xa deneme/CMakeFiles/deneme.dir/C_/Program_Files/Raspberry_Pi/Pico_SDK_v1.5.1/pico-sdk/lib/tinyusb/src/common/tusb_fifo.c.obj
                0x10006bd8                tu_fifo_write_n
 .text.tu_fifo_clear
                0x10006be2       0x3e deneme/CMakeFiles/deneme.dir/C_/Program_Files/Raspberry_Pi/Pico_SDK_v1.5.1/pico-sdk/lib/tinyusb/src/common/tusb_fifo.c.obj
                0x10006be2                tu_fifo_clear
 .text.tu_fifo_set_overwritable
                0x10006c20       0x46 deneme/CMakeFiles/deneme.dir/C_/Program_Files/Raspberry_Pi/Pico_SDK_v1.5.1/pico-sdk/lib/tinyusb/src/common/tusb_fifo.c.obj
                0x10006c20                tu_fifo_set_overwritable
 *fill*         0x10006c66        0x2 
 .text.strlen   0x10006c68       0x5c c:/progra~1/raspbe~1/picosd~1.1/gcc-ar~1/bin/../lib/gcc/arm-none-eabi/10.3.1/../../../../arm-none-eabi/lib/thumb/v6-m/nofp\libg.a(lib_a-strlen-stub.o)
                0x10006c68                strlen
 *(.fini)
 .fini          0x10006cc4        0x4 c:/progra~1/raspbe~1/picosd~1.1/gcc-ar~1/bin/../lib/gcc/arm-none-eabi/10.3.1/thumb/v6-m/nofp/crti.o
                0x10006cc4                _fini
 .fini.__stub   0x10006cc8       0xe0 linker stubs
 *crtbegin.o(.ctors)
 *crtbegin?.o(.ctors)
 *(EXCLUDE_FILE(*crtend.o *crtend?.o) .ctors)
 *(SORT_BY_NAME(.ctors.*))
 *(.ctors)
 *crtbegin.o(.dtors)
 *crtbegin?.o(.dtors)
 *(EXCLUDE_FILE(*crtend.o *crtend?.o) .dtors)
 *(SORT_BY_NAME(.dtors.*))
 *(.dtors)
 *(.eh_frame*)
 .eh_frame      0x10006da8        0x0 c:/progra~1/raspbe~1/picosd~1.1/gcc-ar~1/bin/../lib/gcc/arm-none-eabi/10.3.1/thumb/v6-m/nofp/crtbegin.o
                0x10006da8                . = ALIGN (0x4)

.glue_7         0x10006da8        0x0
 .glue_7        0x10006da8        0x0 linker stubs

.glue_7t        0x10006da8        0x0
 .glue_7t       0x10006da8        0x0 linker stubs

.vfp11_veneer   0x10006da8        0x0
 .vfp11_veneer  0x10006da8        0x0 linker stubs

.v4_bx          0x10006da8        0x0
 .v4_bx         0x10006da8        0x0 linker stubs

.iplt           0x10006da8        0x0
 .iplt          0x10006da8        0x0 c:/progra~1/raspbe~1/picosd~1.1/gcc-ar~1/bin/../lib/gcc/arm-none-eabi/10.3.1/thumb/v6-m/nofp/crtbegin.o

.rodata         0x10006da8     0x17b8
 *(EXCLUDE_FILE(*libm.a: *libc.a:*lib_a-mem*.o *libgcc.a:) .rodata*)
 .rodata.main.str1.4
                0x10006da8       0x26 deneme/CMakeFiles/deneme.dir/deneme.c.obj
 *fill*         0x10006dce        0x2 
 .rodata.spin_lock_claim_unused.str1.4
                0x10006dd0       0x1b deneme/CMakeFiles/deneme.dir/C_/Program_Files/Raspberry_Pi/Pico_SDK_v1.5.1/pico-sdk/src/rp2_common/hardware_sync/sync.c.obj
 *fill*         0x10006deb        0x1 
 .rodata.make_branch.str1.4
                0x10006dec       0x89 deneme/CMakeFiles/deneme.dir/C_/Program_Files/Raspberry_Pi/Pico_SDK_v1.5.1/pico-sdk/src/rp2_common/hardware_irq/irq.c.obj
 *fill*         0x10006e75        0x3 
 .rodata.insert_branch_and_link.str1.4
                0x10006e78       0x10 deneme/CMakeFiles/deneme.dir/C_/Program_Files/Raspberry_Pi/Pico_SDK_v1.5.1/pico-sdk/src/rp2_common/hardware_irq/irq.c.obj
 .rodata.irq_set_exclusive_handler.str1.4
                0x10006e88       0x36 deneme/CMakeFiles/deneme.dir/C_/Program_Files/Raspberry_Pi/Pico_SDK_v1.5.1/pico-sdk/src/rp2_common/hardware_irq/irq.c.obj
 *fill*         0x10006ebe        0x2 
 .rodata.irq_add_shared_handler.str1.4
                0x10006ec0       0xd9 deneme/CMakeFiles/deneme.dir/C_/Program_Files/Raspberry_Pi/Pico_SDK_v1.5.1/pico-sdk/src/rp2_common/hardware_irq/irq.c.obj
 *fill*         0x10006f99        0x3 
 .rodata.irq_remove_handler.str1.4
                0x10006f9c       0x3a deneme/CMakeFiles/deneme.dir/C_/Program_Files/Raspberry_Pi/Pico_SDK_v1.5.1/pico-sdk/src/rp2_common/hardware_irq/irq.c.obj
 *fill*         0x10006fd6        0x2 
 .rodata.irq_add_tail_to_free_list.str1.4
                0x10006fd8       0x3a deneme/CMakeFiles/deneme.dir/C_/Program_Files/Raspberry_Pi/Pico_SDK_v1.5.1/pico-sdk/src/rp2_common/hardware_irq/irq.c.obj
 *fill*         0x10007012        0x2 
 .rodata.user_irq_claim_unused.str1.4
                0x10007014       0x1b deneme/CMakeFiles/deneme.dir/C_/Program_Files/Raspberry_Pi/Pico_SDK_v1.5.1/pico-sdk/src/rp2_common/hardware_irq/irq.c.obj
 *fill*         0x1000702f        0x1 
 .rodata.__func__.0
                0x10007030       0x1a deneme/CMakeFiles/deneme.dir/C_/Program_Files/Raspberry_Pi/Pico_SDK_v1.5.1/pico-sdk/src/rp2_common/hardware_irq/irq.c.obj
 *fill*         0x1000704a        0x2 
 .rodata.__func__.1
                0x1000704c       0x17 deneme/CMakeFiles/deneme.dir/C_/Program_Files/Raspberry_Pi/Pico_SDK_v1.5.1/pico-sdk/src/rp2_common/hardware_irq/irq.c.obj
 *fill*         0x10007063        0x1 
 .rodata.__func__.2
                0x10007064       0x13 deneme/CMakeFiles/deneme.dir/C_/Program_Files/Raspberry_Pi/Pico_SDK_v1.5.1/pico-sdk/src/rp2_common/hardware_irq/irq.c.obj
 *fill*         0x10007077        0x1 
 .rodata.__func__.3
                0x10007078        0xc deneme/CMakeFiles/deneme.dir/C_/Program_Files/Raspberry_Pi/Pico_SDK_v1.5.1/pico-sdk/src/rp2_common/hardware_irq/irq.c.obj
 .rodata.__func__.4
                0x10007084        0xf deneme/CMakeFiles/deneme.dir/C_/Program_Files/Raspberry_Pi/Pico_SDK_v1.5.1/pico-sdk/src/rp2_common/hardware_irq/irq.c.obj
 *fill*         0x10007093        0x1 
 .rodata.__func__.5
                0x10007094       0x17 deneme/CMakeFiles/deneme.dir/C_/Program_Files/Raspberry_Pi/Pico_SDK_v1.5.1/pico-sdk/src/rp2_common/hardware_irq/irq.c.obj
 *fill*         0x100070ab        0x1 
 .rodata.__func__.6
                0x100070ac       0x1a deneme/CMakeFiles/deneme.dir/C_/Program_Files/Raspberry_Pi/Pico_SDK_v1.5.1/pico-sdk/src/rp2_common/hardware_irq/irq.c.obj
 *fill*         0x100070c6        0x2 
 .rodata.str1.4
                0x100070c8      0x125 deneme/CMakeFiles/deneme.dir/C_/Program_Files/Raspberry_Pi/Pico_SDK_v1.5.1/pico-sdk/src/common/pico_sync/mutex.c.obj
 *fill*         0x100071ed        0x3 
 .rodata.__func__.1
                0x100071f0        0xb deneme/CMakeFiles/deneme.dir/C_/Program_Files/Raspberry_Pi/Pico_SDK_v1.5.1/pico-sdk/src/common/pico_sync/mutex.c.obj
 *fill*         0x100071fb        0x1 
 .rodata.__func__.3
                0x100071fc       0x18 deneme/CMakeFiles/deneme.dir/C_/Program_Files/Raspberry_Pi/Pico_SDK_v1.5.1/pico-sdk/src/common/pico_sync/mutex.c.obj
 .rodata.__func__.4
                0x10007214       0x15 deneme/CMakeFiles/deneme.dir/C_/Program_Files/Raspberry_Pi/Pico_SDK_v1.5.1/pico-sdk/src/common/pico_sync/mutex.c.obj
 *fill*         0x10007229        0x3 
 .rodata.repeating_timer_callback.str1.4
                0x1000722c       0x67 deneme/CMakeFiles/deneme.dir/C_/Program_Files/Raspberry_Pi/Pico_SDK_v1.5.1/pico-sdk/src/common/pico_time/time.c.obj
 *fill*         0x10007293        0x1 
 .rodata.timer_pool_entry_comparator.str1.4
                0x10007294       0x22 deneme/CMakeFiles/deneme.dir/C_/Program_Files/Raspberry_Pi/Pico_SDK_v1.5.1/pico-sdk/src/common/pico_time/time.c.obj
 *fill*         0x100072b6        0x2 
 .rodata.ph_add_child_node.str1.4
                0x100072b8       0xb2 deneme/CMakeFiles/deneme.dir/C_/Program_Files/Raspberry_Pi/Pico_SDK_v1.5.1/pico-sdk/src/common/pico_time/time.c.obj
 *fill*         0x1000736a        0x2 
 .rodata.add_alarm_under_lock.str1.4
                0x1000736c       0x28 deneme/CMakeFiles/deneme.dir/C_/Program_Files/Raspberry_Pi/Pico_SDK_v1.5.1/pico-sdk/src/common/pico_time/time.c.obj
                                 0x2b (size before relaxing)
 .rodata.alarm_pool_alarm_callback.str1.4
                0x10007394       0x98 deneme/CMakeFiles/deneme.dir/C_/Program_Files/Raspberry_Pi/Pico_SDK_v1.5.1/pico-sdk/src/common/pico_time/time.c.obj
                                0x118 (size before relaxing)
 .rodata.alarm_pool_get_default.str1.4
                0x1000742c       0x21 deneme/CMakeFiles/deneme.dir/C_/Program_Files/Raspberry_Pi/Pico_SDK_v1.5.1/pico-sdk/src/common/pico_time/time.c.obj
 *fill*         0x1000744d        0x3 
 .rodata.alarm_pool_cancel_alarm.str1.4
                0x10007450       0x27 deneme/CMakeFiles/deneme.dir/C_/Program_Files/Raspberry_Pi/Pico_SDK_v1.5.1/pico-sdk/src/common/pico_time/time.c.obj
 *fill*         0x10007477        0x1 
 .rodata.sleep_until.str1.4
                0x10007478       0x4d deneme/CMakeFiles/deneme.dir/C_/Program_Files/Raspberry_Pi/Pico_SDK_v1.5.1/pico-sdk/src/common/pico_time/time.c.obj
 *fill*         0x100074c5        0x3 
 .rodata.__func__.1
                0x100074c8       0x18 deneme/CMakeFiles/deneme.dir/C_/Program_Files/Raspberry_Pi/Pico_SDK_v1.5.1/pico-sdk/src/common/pico_time/time.c.obj
 .rodata.__func__.10
                0x100074e0       0x15 deneme/CMakeFiles/deneme.dir/C_/Program_Files/Raspberry_Pi/Pico_SDK_v1.5.1/pico-sdk/src/common/pico_time/time.c.obj
 *fill*         0x100074f5        0x3 
 .rodata.__func__.11
                0x100074f8       0x1a deneme/CMakeFiles/deneme.dir/C_/Program_Files/Raspberry_Pi/Pico_SDK_v1.5.1/pico-sdk/src/common/pico_time/time.c.obj
 *fill*         0x10007512        0x2 
 .rodata.__func__.12
                0x10007514        0xa deneme/CMakeFiles/deneme.dir/C_/Program_Files/Raspberry_Pi/Pico_SDK_v1.5.1/pico-sdk/src/common/pico_time/time.c.obj
 *fill*         0x1000751e        0x2 
 .rodata.__func__.3
                0x10007520       0x17 deneme/CMakeFiles/deneme.dir/C_/Program_Files/Raspberry_Pi/Pico_SDK_v1.5.1/pico-sdk/src/common/pico_time/time.c.obj
 *fill*         0x10007537        0x1 
 .rodata.__func__.4
                0x10007538       0x12 deneme/CMakeFiles/deneme.dir/C_/Program_Files/Raspberry_Pi/Pico_SDK_v1.5.1/pico-sdk/src/common/pico_time/time.c.obj
 *fill*         0x1000754a        0x2 
 .rodata.__func__.5
                0x1000754c        0xd deneme/CMakeFiles/deneme.dir/C_/Program_Files/Raspberry_Pi/Pico_SDK_v1.5.1/pico-sdk/src/common/pico_time/time.c.obj
 *fill*         0x10007559        0x3 
 .rodata.__func__.6
                0x1000755c       0x12 deneme/CMakeFiles/deneme.dir/C_/Program_Files/Raspberry_Pi/Pico_SDK_v1.5.1/pico-sdk/src/common/pico_time/time.c.obj
 *fill*         0x1000756e        0x2 
 .rodata.__func__.7
                0x10007570        0xf deneme/CMakeFiles/deneme.dir/C_/Program_Files/Raspberry_Pi/Pico_SDK_v1.5.1/pico-sdk/src/common/pico_time/time.c.obj
 *fill*         0x1000757f        0x1 
 .rodata.__func__.8
                0x10007580        0xc deneme/CMakeFiles/deneme.dir/C_/Program_Files/Raspberry_Pi/Pico_SDK_v1.5.1/pico-sdk/src/common/pico_time/time.c.obj
 .rodata.__func__.9
                0x1000758c       0x15 deneme/CMakeFiles/deneme.dir/C_/Program_Files/Raspberry_Pi/Pico_SDK_v1.5.1/pico-sdk/src/common/pico_time/time.c.obj
 *fill*         0x100075a1        0x3 
 .rodata.hardware_alarm_claim.str1.4
                0x100075a4       0x22 deneme/CMakeFiles/deneme.dir/C_/Program_Files/Raspberry_Pi/Pico_SDK_v1.5.1/pico-sdk/src/rp2_common/hardware_timer/timer.c.obj
 .rodata.busy_wait_us.str1.4
                0x100075c6       0x7d deneme/CMakeFiles/deneme.dir/C_/Program_Files/Raspberry_Pi/Pico_SDK_v1.5.1/pico-sdk/src/rp2_common/hardware_timer/timer.c.obj
 *fill*         0x100075c6        0x2 
 .rodata.hardware_alarm_set_target.str1.4
                0x100075c8       0x81 deneme/CMakeFiles/deneme.dir/C_/Program_Files/Raspberry_Pi/Pico_SDK_v1.5.1/pico-sdk/src/rp2_common/hardware_timer/timer.c.obj
 *fill*         0x10007649        0x3 
 .rodata.__func__.0
                0x1000764c       0x1a deneme/CMakeFiles/deneme.dir/C_/Program_Files/Raspberry_Pi/Pico_SDK_v1.5.1/pico-sdk/src/rp2_common/hardware_timer/timer.c.obj
 *fill*         0x10007666        0x2 
 .rodata.__func__.1
                0x10007668       0x15 deneme/CMakeFiles/deneme.dir/C_/Program_Files/Raspberry_Pi/Pico_SDK_v1.5.1/pico-sdk/src/rp2_common/hardware_timer/timer.c.obj
 .rodata.ph_add_child_node.str1.4
                0x1000767d       0xb2 deneme/CMakeFiles/deneme.dir/C_/Program_Files/Raspberry_Pi/Pico_SDK_v1.5.1/pico-sdk/src/common/pico_util/pheap.c.obj
 *fill*         0x1000767d        0x3 
 .rodata.ph_remove_any_head.str1.4
                0x10007680       0xa8 deneme/CMakeFiles/deneme.dir/C_/Program_Files/Raspberry_Pi/Pico_SDK_v1.5.1/pico-sdk/src/common/pico_util/pheap.c.obj
                                 0xbc (size before relaxing)
 .rodata.ph_remove_and_free_node.str1.4
                0x10007728       0x1e deneme/CMakeFiles/deneme.dir/C_/Program_Files/Raspberry_Pi/Pico_SDK_v1.5.1/pico-sdk/src/common/pico_util/pheap.c.obj
                                 0x26 (size before relaxing)
 *fill*         0x10007746        0x2 
 .rodata.__func__.0
                0x10007748       0x18 deneme/CMakeFiles/deneme.dir/C_/Program_Files/Raspberry_Pi/Pico_SDK_v1.5.1/pico-sdk/src/common/pico_util/pheap.c.obj
 .rodata.__func__.1
                0x10007760       0x13 deneme/CMakeFiles/deneme.dir/C_/Program_Files/Raspberry_Pi/Pico_SDK_v1.5.1/pico-sdk/src/common/pico_util/pheap.c.obj
 *fill*         0x10007773        0x1 
 .rodata.__func__.2
                0x10007774       0x12 deneme/CMakeFiles/deneme.dir/C_/Program_Files/Raspberry_Pi/Pico_SDK_v1.5.1/pico-sdk/src/common/pico_util/pheap.c.obj
 *fill*         0x10007786        0x2 
 .rodata.__func__.3
                0x10007788        0xc deneme/CMakeFiles/deneme.dir/C_/Program_Files/Raspberry_Pi/Pico_SDK_v1.5.1/pico-sdk/src/common/pico_util/pheap.c.obj
 .rodata.clock_configure.str1.4
                0x10007794       0x73 deneme/CMakeFiles/deneme.dir/C_/Program_Files/Raspberry_Pi/Pico_SDK_v1.5.1/pico-sdk/src/rp2_common/hardware_clocks/clocks.c.obj
 *fill*         0x10007807        0x1 
 .rodata.__func__.1
                0x10007808       0x10 deneme/CMakeFiles/deneme.dir/C_/Program_Files/Raspberry_Pi/Pico_SDK_v1.5.1/pico-sdk/src/rp2_common/hardware_clocks/clocks.c.obj
 .rodata.pll_init.str1.4
                0x10007818      0x140 deneme/CMakeFiles/deneme.dir/C_/Program_Files/Raspberry_Pi/Pico_SDK_v1.5.1/pico-sdk/src/rp2_common/hardware_pll/pll.c.obj
 .rodata.__func__.0
                0x10007958        0x9 deneme/CMakeFiles/deneme.dir/C_/Program_Files/Raspberry_Pi/Pico_SDK_v1.5.1/pico-sdk/src/rp2_common/hardware_pll/pll.c.obj
 *fill*         0x10007961        0x3 
 .rodata.__assert_func.str1.4
                0x10007964       0x3f deneme/CMakeFiles/deneme.dir/C_/Program_Files/Raspberry_Pi/Pico_SDK_v1.5.1/pico-sdk/src/rp2_common/pico_runtime/runtime.c.obj
                                 0x43 (size before relaxing)
 *fill*         0x100079a3        0x1 
 .rodata.runtime_init.str1.4
                0x100079a4       0x7d deneme/CMakeFiles/deneme.dir/C_/Program_Files/Raspberry_Pi/Pico_SDK_v1.5.1/pico-sdk/src/rp2_common/pico_runtime/runtime.c.obj
 *fill*         0x10007a21        0x3 
 .rodata.panic.str1.4
                0x10007a24       0x12 deneme/CMakeFiles/deneme.dir/C_/Program_Files/Raspberry_Pi/Pico_SDK_v1.5.1/pico-sdk/src/rp2_common/pico_runtime/runtime.c.obj
 *fill*         0x10007a36        0x2 
 .rodata.__func__.2
                0x10007a38        0xd deneme/CMakeFiles/deneme.dir/C_/Program_Files/Raspberry_Pi/Pico_SDK_v1.5.1/pico-sdk/src/rp2_common/pico_runtime/runtime.c.obj
 *fill*         0x10007a45        0x3 
 .rodata._ftoa.str1.4
                0x10007a48       0x15 deneme/CMakeFiles/deneme.dir/C_/Program_Files/Raspberry_Pi/Pico_SDK_v1.5.1/pico-sdk/src/rp2_common/pico_printf/printf.c.obj
 *fill*         0x10007a5d        0x3 
 .rodata._vsnprintf
                0x10007a60      0x1e0 deneme/CMakeFiles/deneme.dir/C_/Program_Files/Raspberry_Pi/Pico_SDK_v1.5.1/pico-sdk/src/rp2_common/pico_printf/printf.c.obj
 .rodata.pow10.0
                0x10007c40       0x50 deneme/CMakeFiles/deneme.dir/C_/Program_Files/Raspberry_Pi/Pico_SDK_v1.5.1/pico-sdk/src/rp2_common/pico_printf/printf.c.obj
 .rodata.__aeabi_double_init.str1.4
                0x10007c90       0xb8 deneme/CMakeFiles/deneme.dir/C_/Program_Files/Raspberry_Pi/Pico_SDK_v1.5.1/pico-sdk/src/rp2_common/pico_double/double_init_rom.c.obj
 .rodata.__func__.0
                0x10007d48       0x14 deneme/CMakeFiles/deneme.dir/C_/Program_Files/Raspberry_Pi/Pico_SDK_v1.5.1/pico-sdk/src/rp2_common/pico_double/double_init_rom.c.obj
 .rodata.__aeabi_float_init.str1.4
                0x10007d5c       0x96 deneme/CMakeFiles/deneme.dir/C_/Program_Files/Raspberry_Pi/Pico_SDK_v1.5.1/pico-sdk/src/rp2_common/pico_float/float_init_rom.c.obj
                                 0x9a (size before relaxing)
 *fill*         0x10007df2        0x2 
 .rodata.__func__.0
                0x10007df4       0x13 deneme/CMakeFiles/deneme.dir/C_/Program_Files/Raspberry_Pi/Pico_SDK_v1.5.1/pico-sdk/src/rp2_common/pico_float/float_init_rom.c.obj
 *fill*         0x10007e07        0x1 
 .rodata.str1.4
                0x10007e08       0x7c deneme/CMakeFiles/deneme.dir/C_/Program_Files/Raspberry_Pi/Pico_SDK_v1.5.1/pico-sdk/src/rp2_common/pico_standard_link/binary_info.c.obj
 .rodata.__bi_44
                0x10007e84        0xc deneme/CMakeFiles/deneme.dir/C_/Program_Files/Raspberry_Pi/Pico_SDK_v1.5.1/pico-sdk/src/rp2_common/pico_standard_link/binary_info.c.obj
 .rodata.__bi_69
                0x10007e90        0xc deneme/CMakeFiles/deneme.dir/C_/Program_Files/Raspberry_Pi/Pico_SDK_v1.5.1/pico-sdk/src/rp2_common/pico_standard_link/binary_info.c.obj
 .rodata.__bi_75
                0x10007e9c        0xc deneme/CMakeFiles/deneme.dir/C_/Program_Files/Raspberry_Pi/Pico_SDK_v1.5.1/pico-sdk/src/rp2_common/pico_standard_link/binary_info.c.obj
 .rodata.__bi_81
                0x10007ea8        0xc deneme/CMakeFiles/deneme.dir/C_/Program_Files/Raspberry_Pi/Pico_SDK_v1.5.1/pico-sdk/src/rp2_common/pico_standard_link/binary_info.c.obj
 .rodata.stdout_serialize_begin.str1.4
                0x10007eb4       0x7d deneme/CMakeFiles/deneme.dir/C_/Program_Files/Raspberry_Pi/Pico_SDK_v1.5.1/pico-sdk/src/rp2_common/pico_stdio/stdio.c.obj
 .rodata.__func__.3
                0x10007eb4       0x15 deneme/CMakeFiles/deneme.dir/C_/Program_Files/Raspberry_Pi/Pico_SDK_v1.5.1/pico-sdk/src/rp2_common/pico_stdio/stdio.c.obj
 *fill*         0x10007ec9        0x3 
 .rodata.crlf_str.2
                0x10007ecc        0x2 deneme/CMakeFiles/deneme.dir/C_/Program_Files/Raspberry_Pi/Pico_SDK_v1.5.1/pico-sdk/src/rp2_common/pico_stdio/stdio.c.obj
 *fill*         0x10007ece        0x2 
 .rodata._resetd_driver
                0x10007ed0       0x18 deneme/CMakeFiles/deneme.dir/C_/Program_Files/Raspberry_Pi/Pico_SDK_v1.5.1/pico-sdk/src/rp2_common/pico_stdio_usb/reset_interface.c.obj
 .rodata.low_priority_worker_irq.str1.4
                0x10007ee8       0x7d deneme/CMakeFiles/deneme.dir/C_/Program_Files/Raspberry_Pi/Pico_SDK_v1.5.1/pico-sdk/src/rp2_common/pico_stdio_usb/stdio_usb.c.obj
 .rodata.stdio_usb_init.str1.4
                0x10007ee8       0x61 deneme/CMakeFiles/deneme.dir/C_/Program_Files/Raspberry_Pi/Pico_SDK_v1.5.1/pico-sdk/src/rp2_common/pico_stdio_usb/stdio_usb.c.obj
                                 0x69 (size before relaxing)
 *fill*         0x10007f49        0x3 
 .rodata.str1.4
                0x10007f4c       0x13 deneme/CMakeFiles/deneme.dir/C_/Program_Files/Raspberry_Pi/Pico_SDK_v1.5.1/pico-sdk/src/rp2_common/pico_stdio_usb/stdio_usb.c.obj
 *fill*         0x10007f5f        0x1 
 .rodata.__bi_182.0
                0x10007f60        0xc deneme/CMakeFiles/deneme.dir/C_/Program_Files/Raspberry_Pi/Pico_SDK_v1.5.1/pico-sdk/src/rp2_common/pico_stdio_usb/stdio_usb.c.obj
 .rodata.__func__.1
                0x10007f6c        0xf deneme/CMakeFiles/deneme.dir/C_/Program_Files/Raspberry_Pi/Pico_SDK_v1.5.1/pico-sdk/src/rp2_common/pico_stdio_usb/stdio_usb.c.obj
 *fill*         0x10007f7b        0x1 
 .rodata.__func__.3
                0x10007f7c       0x15 deneme/CMakeFiles/deneme.dir/C_/Program_Files/Raspberry_Pi/Pico_SDK_v1.5.1/pico-sdk/src/rp2_common/pico_stdio_usb/stdio_usb.c.obj
 *fill*         0x10007f91        0x3 
 .rodata.str1.4
                0x10007f94       0x2a deneme/CMakeFiles/deneme.dir/C_/Program_Files/Raspberry_Pi/Pico_SDK_v1.5.1/pico-sdk/src/rp2_common/pico_stdio_usb/stdio_usb_descriptors.c.obj
 *fill*         0x10007fbe        0x2 
 .rodata.usbd_desc_cfg
                0x10007fc0       0x54 deneme/CMakeFiles/deneme.dir/C_/Program_Files/Raspberry_Pi/Pico_SDK_v1.5.1/pico-sdk/src/rp2_common/pico_stdio_usb/stdio_usb_descriptors.c.obj
 .rodata.usbd_desc_device
                0x10008014       0x12 deneme/CMakeFiles/deneme.dir/C_/Program_Files/Raspberry_Pi/Pico_SDK_v1.5.1/pico-sdk/src/rp2_common/pico_stdio_usb/stdio_usb_descriptors.c.obj
 *fill*         0x10008026        0x2 
 .rodata.usbd_desc_str
                0x10008028       0x18 deneme/CMakeFiles/deneme.dir/C_/Program_Files/Raspberry_Pi/Pico_SDK_v1.5.1/pico-sdk/src/rp2_common/pico_stdio_usb/stdio_usb_descriptors.c.obj
 .rodata.pico_get_unique_board_id_string.str1.4
                0x10008040       0x69 deneme/CMakeFiles/deneme.dir/C_/Program_Files/Raspberry_Pi/Pico_SDK_v1.5.1/pico-sdk/src/rp2_common/pico_unique_id/unique_id.c.obj
 *fill*         0x100080a9        0x3 
 .rodata.__func__.0
                0x100080ac       0x20 deneme/CMakeFiles/deneme.dir/C_/Program_Files/Raspberry_Pi/Pico_SDK_v1.5.1/pico-sdk/src/rp2_common/pico_unique_id/unique_id.c.obj
 .rodata.str1.4
                0x100080cc      0x176 deneme/CMakeFiles/deneme.dir/C_/Program_Files/Raspberry_Pi/Pico_SDK_v1.5.1/pico-sdk/src/rp2_common/hardware_flash/flash.c.obj
 *fill*         0x10008242        0x2 
 .rodata.__func__.0
                0x10008244        0xd deneme/CMakeFiles/deneme.dir/C_/Program_Files/Raspberry_Pi/Pico_SDK_v1.5.1/pico-sdk/src/rp2_common/hardware_flash/flash.c.obj
 *fill*         0x10008251        0x3 
 .rodata._hw_endpoint_alloc.str1.4
                0x10008254       0xd1 deneme/CMakeFiles/deneme.dir/C_/Program_Files/Raspberry_Pi/Pico_SDK_v1.5.1/pico-sdk/lib/tinyusb/src/portable/raspberrypi/rp2040/dcd_rp2040.c.obj
 *fill*         0x10008325        0x3 
 .rodata.str1.4
                0x10008328       0x14 deneme/CMakeFiles/deneme.dir/C_/Program_Files/Raspberry_Pi/Pico_SDK_v1.5.1/pico-sdk/lib/tinyusb/src/portable/raspberrypi/rp2040/dcd_rp2040.c.obj
 .rodata.dcd_int_enable.str1.4
                0x1000833c        0xc deneme/CMakeFiles/deneme.dir/C_/Program_Files/Raspberry_Pi/Pico_SDK_v1.5.1/pico-sdk/lib/tinyusb/src/portable/raspberrypi/rp2040/dcd_rp2040.c.obj
 .rodata.__func__.0
                0x10008348        0xe deneme/CMakeFiles/deneme.dir/C_/Program_Files/Raspberry_Pi/Pico_SDK_v1.5.1/pico-sdk/lib/tinyusb/src/portable/raspberrypi/rp2040/dcd_rp2040.c.obj
 *fill*         0x10008356        0x2 
 .rodata.__func__.1
                0x10008358        0xe deneme/CMakeFiles/deneme.dir/C_/Program_Files/Raspberry_Pi/Pico_SDK_v1.5.1/pico-sdk/lib/tinyusb/src/portable/raspberrypi/rp2040/dcd_rp2040.c.obj
 *fill*         0x10008366        0x2 
 .rodata.__func__.3
                0x10008368       0x10 deneme/CMakeFiles/deneme.dir/C_/Program_Files/Raspberry_Pi/Pico_SDK_v1.5.1/pico-sdk/lib/tinyusb/src/portable/raspberrypi/rp2040/dcd_rp2040.c.obj
 .rodata.__func__.5
                0x10008378        0xf deneme/CMakeFiles/deneme.dir/C_/Program_Files/Raspberry_Pi/Pico_SDK_v1.5.1/pico-sdk/lib/tinyusb/src/portable/raspberrypi/rp2040/dcd_rp2040.c.obj
 *fill*         0x10008387        0x1 
 .rodata.__func__.6
                0x10008388       0x13 deneme/CMakeFiles/deneme.dir/C_/Program_Files/Raspberry_Pi/Pico_SDK_v1.5.1/pico-sdk/lib/tinyusb/src/portable/raspberrypi/rp2040/dcd_rp2040.c.obj
 *fill*         0x1000839b        0x1 
 .rodata.__func__.7
                0x1000839c        0x9 deneme/CMakeFiles/deneme.dir/C_/Program_Files/Raspberry_Pi/Pico_SDK_v1.5.1/pico-sdk/lib/tinyusb/src/portable/raspberrypi/rp2040/dcd_rp2040.c.obj
 *fill*         0x100083a5        0x3 
 .rodata.str1.4
                0x100083a8      0x103 deneme/CMakeFiles/deneme.dir/C_/Program_Files/Raspberry_Pi/Pico_SDK_v1.5.1/pico-sdk/lib/tinyusb/src/portable/raspberrypi/rp2040/rp2040_usb.c.obj
 *fill*         0x100084ab        0x1 
 .rodata.__func__.0
                0x100084ac        0xf deneme/CMakeFiles/deneme.dir/C_/Program_Files/Raspberry_Pi/Pico_SDK_v1.5.1/pico-sdk/lib/tinyusb/src/portable/raspberrypi/rp2040/rp2040_usb.c.obj
 *fill*         0x100084bb        0x1 
 .rodata.process_get_descriptor
                0x100084bc       0x40 deneme/CMakeFiles/deneme.dir/C_/Program_Files/Raspberry_Pi/Pico_SDK_v1.5.1/pico-sdk/lib/tinyusb/src/device/usbd.c.obj
 .rodata.process_control_request
                0x100084fc       0x28 deneme/CMakeFiles/deneme.dir/C_/Program_Files/Raspberry_Pi/Pico_SDK_v1.5.1/pico-sdk/lib/tinyusb/src/device/usbd.c.obj
 .rodata.tud_task_ext
                0x10008524       0x24 deneme/CMakeFiles/deneme.dir/C_/Program_Files/Raspberry_Pi/Pico_SDK_v1.5.1/pico-sdk/lib/tinyusb/src/device/usbd.c.obj
 .rodata._usbd_driver
                0x10008548       0x18 deneme/CMakeFiles/deneme.dir/C_/Program_Files/Raspberry_Pi/Pico_SDK_v1.5.1/pico-sdk/lib/tinyusb/src/device/usbd.c.obj
                0x10008560                . = ALIGN (0x4)
 *(SORT_BY_ALIGNMENT(SORT_BY_NAME(.flashdata*)))
                0x10008560                . = ALIGN (0x4)

.ARM.extab
 *(.ARM.extab* .gnu.linkonce.armextab.*)
                0x10008560                __exidx_start = .

.ARM.exidx
 *(.ARM.exidx* .gnu.linkonce.armexidx.*)
                0x10008560                __exidx_end = .
                0x10008560                . = ALIGN (0x4)
                0x10008560                __binary_info_start = .

.binary_info    0x10008560       0x24
 *(.binary_info.keep.*)
 .binary_info.keep.__bi_ptr22
                0x10008560        0x4 deneme/CMakeFiles/deneme.dir/C_/Program_Files/Raspberry_Pi/Pico_SDK_v1.5.1/pico-sdk/src/rp2_common/pico_standard_link/binary_info.c.obj
 .binary_info.keep.__bi_ptr30
                0x10008564        0x4 deneme/CMakeFiles/deneme.dir/C_/Program_Files/Raspberry_Pi/Pico_SDK_v1.5.1/pico-sdk/src/rp2_common/pico_standard_link/binary_info.c.obj
 .binary_info.keep.__bi_ptr38
                0x10008568        0x4 deneme/CMakeFiles/deneme.dir/C_/Program_Files/Raspberry_Pi/Pico_SDK_v1.5.1/pico-sdk/src/rp2_common/pico_standard_link/binary_info.c.obj
 .binary_info.keep.__bi_ptr44
                0x1000856c        0x4 deneme/CMakeFiles/deneme.dir/C_/Program_Files/Raspberry_Pi/Pico_SDK_v1.5.1/pico-sdk/src/rp2_common/pico_standard_link/binary_info.c.obj
 .binary_info.keep.__bi_ptr50
                0x10008570        0x4 deneme/CMakeFiles/deneme.dir/C_/Program_Files/Raspberry_Pi/Pico_SDK_v1.5.1/pico-sdk/src/rp2_common/pico_standard_link/binary_info.c.obj
 .binary_info.keep.__bi_ptr69
                0x10008574        0x4 deneme/CMakeFiles/deneme.dir/C_/Program_Files/Raspberry_Pi/Pico_SDK_v1.5.1/pico-sdk/src/rp2_common/pico_standard_link/binary_info.c.obj
 .binary_info.keep.__bi_ptr75
                0x10008578        0x4 deneme/CMakeFiles/deneme.dir/C_/Program_Files/Raspberry_Pi/Pico_SDK_v1.5.1/pico-sdk/src/rp2_common/pico_standard_link/binary_info.c.obj
 .binary_info.keep.__bi_ptr81
                0x1000857c        0x4 deneme/CMakeFiles/deneme.dir/C_/Program_Files/Raspberry_Pi/Pico_SDK_v1.5.1/pico-sdk/src/rp2_common/pico_standard_link/binary_info.c.obj
 *(.binary_info.*)
 .binary_info.__bi_ptr182
                0x10008580        0x4 deneme/CMakeFiles/deneme.dir/C_/Program_Files/Raspberry_Pi/Pico_SDK_v1.5.1/pico-sdk/src/rp2_common/pico_stdio_usb/stdio_usb.c.obj
                0x10008584                __binary_info_end = .

.rel.dyn        0x10008584        0x0
 .rel.iplt      0x10008584        0x0 c:/progra~1/raspbe~1/picosd~1.1/gcc-ar~1/bin/../lib/gcc/arm-none-eabi/10.3.1/thumb/v6-m/nofp/crtbegin.o
                0x10008584                . = ALIGN (0x4)

.ram_vector_table
                0x20000000       0xc0
 *(.ram_vector_table)
 .ram_vector_table
                0x20000000       0xc0 deneme/CMakeFiles/deneme.dir/C_/Program_Files/Raspberry_Pi/Pico_SDK_v1.5.1/pico-sdk/src/rp2_common/pico_runtime/runtime.c.obj
                0x20000000                ram_vector_table

.data           0x200000c0      0xbf0 load address 0x10008584
                0x200000c0                __data_start__ = .
 *(vtable)
 *(.time_critical*)
 .time_critical.mutex_try_enter
                0x200000c0       0x46 deneme/CMakeFiles/deneme.dir/C_/Program_Files/Raspberry_Pi/Pico_SDK_v1.5.1/pico-sdk/src/common/pico_sync/mutex.c.obj
                0x200000c0                mutex_try_enter
 *fill*         0x20000106        0x2 
 .time_critical.mutex_enter_block_until
                0x20000108       0x8c deneme/CMakeFiles/deneme.dir/C_/Program_Files/Raspberry_Pi/Pico_SDK_v1.5.1/pico-sdk/src/common/pico_sync/mutex.c.obj
                0x20000108                mutex_enter_block_until
 .time_critical.mutex_try_enter_block_until
                0x20000194       0x34 deneme/CMakeFiles/deneme.dir/C_/Program_Files/Raspberry_Pi/Pico_SDK_v1.5.1/pico-sdk/src/common/pico_sync/mutex.c.obj
                0x20000194                mutex_try_enter_block_until
 .time_critical.mutex_enter_timeout_ms
                0x200001c8       0x68 deneme/CMakeFiles/deneme.dir/C_/Program_Files/Raspberry_Pi/Pico_SDK_v1.5.1/pico-sdk/src/common/pico_sync/mutex.c.obj
                0x200001c8                mutex_enter_timeout_ms
 .time_critical.mutex_exit
                0x20000230       0x4c deneme/CMakeFiles/deneme.dir/C_/Program_Files/Raspberry_Pi/Pico_SDK_v1.5.1/pico-sdk/src/common/pico_sync/mutex.c.obj
                0x20000230                mutex_exit
 .time_critical.flash_init_boot2_copyout
                0x2000027c       0x30 deneme/CMakeFiles/deneme.dir/C_/Program_Files/Raspberry_Pi/Pico_SDK_v1.5.1/pico-sdk/src/rp2_common/hardware_flash/flash.c.obj
 .time_critical.flash_enable_xip_via_boot2
                0x200002ac       0x10 deneme/CMakeFiles/deneme.dir/C_/Program_Files/Raspberry_Pi/Pico_SDK_v1.5.1/pico-sdk/src/rp2_common/hardware_flash/flash.c.obj
 .time_critical.flash_cs_force
                0x200002bc       0x28 deneme/CMakeFiles/deneme.dir/C_/Program_Files/Raspberry_Pi/Pico_SDK_v1.5.1/pico-sdk/src/rp2_common/hardware_flash/flash.c.obj
 .time_critical.flash_do_cmd
                0x200002e4       0xd8 deneme/CMakeFiles/deneme.dir/C_/Program_Files/Raspberry_Pi/Pico_SDK_v1.5.1/pico-sdk/src/rp2_common/hardware_flash/flash.c.obj
                0x200002e4                flash_do_cmd
 .time_critical.reset_non_control_endpoints
                0x200003bc       0x40 deneme/CMakeFiles/deneme.dir/C_/Program_Files/Raspberry_Pi/Pico_SDK_v1.5.1/pico-sdk/lib/tinyusb/src/portable/raspberrypi/rp2040/dcd_rp2040.c.obj
 .time_critical.hw_handle_buff_status
                0x200003fc       0xa4 deneme/CMakeFiles/deneme.dir/C_/Program_Files/Raspberry_Pi/Pico_SDK_v1.5.1/pico-sdk/lib/tinyusb/src/portable/raspberrypi/rp2040/dcd_rp2040.c.obj
 .time_critical.dcd_rp2040_irq
                0x200004a0      0x1cc deneme/CMakeFiles/deneme.dir/C_/Program_Files/Raspberry_Pi/Pico_SDK_v1.5.1/pico-sdk/lib/tinyusb/src/portable/raspberrypi/rp2040/dcd_rp2040.c.obj
 .time_critical.e15_is_bulkin_ep
                0x2000066c       0x2c deneme/CMakeFiles/deneme.dir/C_/Program_Files/Raspberry_Pi/Pico_SDK_v1.5.1/pico-sdk/lib/tinyusb/src/portable/raspberrypi/rp2040/rp2040_usb.c.obj
 .time_critical.e15_is_critical_frame_period
                0x20000698       0x30 deneme/CMakeFiles/deneme.dir/C_/Program_Files/Raspberry_Pi/Pico_SDK_v1.5.1/pico-sdk/lib/tinyusb/src/portable/raspberrypi/rp2040/rp2040_usb.c.obj
 .time_critical.prepare_ep_buffer
                0x200006c8       0x70 deneme/CMakeFiles/deneme.dir/C_/Program_Files/Raspberry_Pi/Pico_SDK_v1.5.1/pico-sdk/lib/tinyusb/src/portable/raspberrypi/rp2040/rp2040_usb.c.obj
 .time_critical.sync_ep_buffer
                0x20000738       0x80 deneme/CMakeFiles/deneme.dir/C_/Program_Files/Raspberry_Pi/Pico_SDK_v1.5.1/pico-sdk/lib/tinyusb/src/portable/raspberrypi/rp2040/rp2040_usb.c.obj
 .time_critical._hw_endpoint_xfer_sync
                0x200007b8       0x28 deneme/CMakeFiles/deneme.dir/C_/Program_Files/Raspberry_Pi/Pico_SDK_v1.5.1/pico-sdk/lib/tinyusb/src/portable/raspberrypi/rp2040/rp2040_usb.c.obj
 .time_critical.hw_endpoint_reset_transfer
                0x200007e0        0xc deneme/CMakeFiles/deneme.dir/C_/Program_Files/Raspberry_Pi/Pico_SDK_v1.5.1/pico-sdk/lib/tinyusb/src/portable/raspberrypi/rp2040/rp2040_usb.c.obj
                0x200007e0                hw_endpoint_reset_transfer
 .time_critical._hw_endpoint_buffer_control_update32
                0x200007ec       0x58 deneme/CMakeFiles/deneme.dir/C_/Program_Files/Raspberry_Pi/Pico_SDK_v1.5.1/pico-sdk/lib/tinyusb/src/portable/raspberrypi/rp2040/rp2040_usb.c.obj
                0x200007ec                _hw_endpoint_buffer_control_update32
 .time_critical.hw_endpoint_start_next_buffer
                0x20000844       0x88 deneme/CMakeFiles/deneme.dir/C_/Program_Files/Raspberry_Pi/Pico_SDK_v1.5.1/pico-sdk/lib/tinyusb/src/portable/raspberrypi/rp2040/rp2040_usb.c.obj
                0x20000844                hw_endpoint_start_next_buffer
 .time_critical.hw_endpoint_xfer_continue
                0x200008cc       0x50 deneme/CMakeFiles/deneme.dir/C_/Program_Files/Raspberry_Pi/Pico_SDK_v1.5.1/pico-sdk/lib/tinyusb/src/portable/raspberrypi/rp2040/rp2040_usb.c.obj
                0x200008cc                hw_endpoint_xfer_continue
 .time_critical.tinyusb
                0x2000091c      0x200 deneme/CMakeFiles/deneme.dir/C_/Program_Files/Raspberry_Pi/Pico_SDK_v1.5.1/pico-sdk/lib/tinyusb/src/device/usbd.c.obj
                0x2000091c                dcd_event_handler
 *(.text*)
 .text          0x20000b1c        0x4 c:/progra~1/raspbe~1/picosd~1.1/gcc-ar~1/bin/../lib/gcc/arm-none-eabi/10.3.1/thumb/v6-m/nofp\libgcc.a(_dvmd_tls.o)